Archive member included to satisfy reference by file (symbol)

c:/program files/microchip/xc32/v4.60/bin/bin/../../lib/gcc/pic32c/8.3.1/../../../../pic32c/lib/thumb/v7e-m+fp/hard\libpic32c.a(data_init.o)
                              build/default/production/_ext/1171490990/startup_xc32.o (__pic32c_data_initialization)
c:/program files/microchip/xc32/v4.60/bin/bin/../../lib/gcc/pic32c/8.3.1/../../../../pic32c/lib/thumb/v7e-m+fp/hard\libc-size-musl.a(memcpy.o)
                              build/default/production/_ext/818654064/drv_usbfsv1_device.o (memcpy)
c:/program files/microchip/xc32/v4.60/bin/bin/../../lib/gcc/pic32c/8.3.1/../../../../pic32c/lib/thumb/v7e-m+fp/hard\libc-size-musl.a(memset.o)
                              build/default/production/_ext/20954303/drv_sdmmc.o (memset)
c:/program files/microchip/xc32/v4.60/bin/bin/../../lib/gcc/pic32c/8.3.1/../../../../pic32c/lib/thumb/v7e-m+fp/hard\libc-musl.a(__libc_start_main.o)
                              build/default/production/_ext/1171490990/startup_xc32.o (__libc_init_array)
c:/program files/microchip/xc32/v4.60/bin/bin/../../lib/gcc/pic32c/8.3.1/../../../../pic32c/lib/thumb/v7e-m+fp/hard\libc-musl.a(libc.o)
                              c:/program files/microchip/xc32/v4.60/bin/bin/../../lib/gcc/pic32c/8.3.1/../../../../pic32c/lib/thumb/v7e-m+fp/hard\libc-musl.a(__libc_start_main.o) (__progname_full)
c:/program files/microchip/xc32/v4.60/bin/bin/../../lib/gcc/pic32c/8.3.1/../../../../pic32c/lib/thumb/v7e-m+fp/hard\libc-musl.a(__environ.o)
                              c:/program files/microchip/xc32/v4.60/bin/bin/../../lib/gcc/pic32c/8.3.1/../../../../pic32c/lib/thumb/v7e-m+fp/hard\libc-musl.a(__libc_start_main.o) (__environ)
c:/program files/microchip/xc32/v4.60/bin/bin/../../lib/gcc/pic32c/8.3.1/thumb/v7e-m+fp/hard\libgcc.a(_aeabi_uldivmod.o)
                              build/default/production/_ext/101884895/sys_time.o (__aeabi_uldivmod)
c:/program files/microchip/xc32/v4.60/bin/bin/../../lib/gcc/pic32c/8.3.1/thumb/v7e-m+fp/hard\libgcc.a(_udivmoddi4.o)
                              c:/program files/microchip/xc32/v4.60/bin/bin/../../lib/gcc/pic32c/8.3.1/thumb/v7e-m+fp/hard\libgcc.a(_aeabi_uldivmod.o) (__udivmoddi4)
c:/program files/microchip/xc32/v4.60/bin/bin/../../lib/gcc/pic32c/8.3.1/thumb/v7e-m+fp/hard\libgcc.a(_dvmd_tls.o)
                              c:/program files/microchip/xc32/v4.60/bin/bin/../../lib/gcc/pic32c/8.3.1/thumb/v7e-m+fp/hard\libgcc.a(_aeabi_uldivmod.o) (__aeabi_ldiv0)
c:/program files/microchip/xc32/v4.60/bin/bin/../../lib/gcc/pic32c/8.3.1/../../../../pic32c/lib/thumb/v7e-m+fp/hard\libpic32c.a(pic32_data_init_clear.o)
                              (__dinit_clear_needed)
c:/program files/microchip/xc32/v4.60/bin/bin/../../lib/gcc/pic32c/8.3.1/../../../../pic32c/lib/thumb/v7e-m+fp/hard\libpic32c.a(pic32_data_init_copy.o)
                              (__dinit_copy_needed)

Microchip PIC32 Memory-Usage Report

ROM Program-Memory Usage
section                    address  length [bytes]      (dec)  Description
-------                 ----------  -------------------------  -----------
.vectors                         0          0x260         608   
.text                        0x260           0x20          32  App's exec code 
.ARM.exidx                   0x280            0x8           8   
.text.DRV_SDMMC_Tasks        0x288         0x29b8       10680   
.text.F_DRV_USBFSV1_DEV     0x2c40          0x570        1392   
.text.DRV_USBFSV1_DEVIC     0x31b0          0x40c        1036   
.text.F_USB_DEVICE_MSD_     0x35bc          0x400        1024   
.text.F_USB_DEVICE_MSD_     0x39bc          0x38c         908   
.text.F_USB_DEVICE_MSD_     0x3d48          0x300         768   
.text                       0x4048          0x2bc         700  App's exec code 
.dinit                      0x4304          0x280         640   
.text.DRV_USBFSV1_DEVIC     0x4584          0x1d0         464   
.text.DRV_SDMMC_SetupXf     0x4754          0x1c8         456   
.text.DRV_USBFSV1_DEVIC     0x491c          0x1a4         420   
.text.DRV_USBFSV1_DEVIC     0x4ac0          0x17c         380   
.text.F_USB_DEVICE_MSD_     0x4c3c          0x17c         380   
.text.F_USB_DEVICE_MSD_     0x4db8          0x178         376   
.text.DRV_USBFSV1_DEVIC     0x4f30          0x174         372   
.text.lDRV_SDMMC_Comman     0x50a4          0x12c         300   
.text.DRV_USBFSV1_DEVIC     0x51d0          0x12c         300   
.text.DRV_USBFSV1_Initi     0x52fc          0x12c         300   
.text.DRV_USBFSV1_DEVIC     0x5428          0x128         296   
.text.F_USB_DEVICE_Proc     0x5550          0x124         292   
.text.CLOCK_Initialize      0x5674          0x118         280   
.text.F_USB_DEVICE_Even     0x578c          0x118         280   
.text.F_USB_DEVICE_MSD_     0x58a4          0x114         276   
.text.DRV_USBFSV1_DEVIC     0x59b8          0x10c         268   
.text.SDHC0_CommandSend     0x5ac4          0x10c         268   
[...]
Memory Configuration

Name             Origin             Length             Attributes
rom              0x0000000000000000 0x0000000000100000 xrl
ram              0x0000000020000000 0x0000000000040000 xw !r
tcm              0x0000000003000000 0x0000000000000000 xw
bkupram          0x0000000047000000 0x0000000000002000
config_00804000  0x0000000000804000 0x0000000000000004
config_00804004  0x0000000000804004 0x0000000000000004
config_00804008  0x0000000000804008 0x0000000000000004
*default*        0x0000000000000000 0xffffffffffffffff

Linker script and memory map

LOAD c:/program files/microchip/xc32/v4.60/bin/bin/../../lib/gcc/pic32c/8.3.1/thumb/v7e-m+fp/hard/crti.o
LOAD c:/program files/microchip/xc32/v4.60/bin/bin/../../lib/gcc/pic32c/8.3.1/thumb/v7e-m+fp/hard/crtbegin.o
LOAD build/default/production/_ext/20954303/drv_sdmmc.o
LOAD build/default/production/_ext/818654064/drv_usbfsv1_device.o
LOAD build/default/production/_ext/818654064/drv_usbfsv1.o
LOAD build/default/production/_ext/1984496892/plib_clock.o
LOAD build/default/production/_ext/1865131932/plib_cmcc.o
LOAD build/default/production/_ext/1986646378/plib_evsys.o
LOAD build/default/production/_ext/1865468468/plib_nvic.o
LOAD build/default/production/_ext/1593096446/plib_nvmctrl.o
LOAD build/default/production/_ext/1865521619/plib_port.o
LOAD build/default/production/_ext/1865600094/plib_sdhc0.o
LOAD build/default/production/_ext/163028504/xc32_monitor.o
LOAD build/default/production/_ext/1014039709/sys_cache.o
LOAD build/default/production/_ext/1881668453/sys_int.o
LOAD build/default/production/_ext/101884895/sys_time.o
LOAD build/default/production/_ext/308758920/usb_device.o
LOAD build/default/production/_ext/308758920/usb_device_msd.o
LOAD build/default/production/_ext/1171490990/exceptions.o
LOAD build/default/production/_ext/1171490990/interrupts.o
LOAD build/default/production/_ext/1171490990/startup_xc32.o
LOAD build/default/production/_ext/1171490990/libc_syscalls.o
LOAD build/default/production/_ext/1171490990/tasks.o
LOAD build/default/production/_ext/1171490990/usb_device_init_data.o
LOAD build/default/production/_ext/1171490990/initialization.o
LOAD build/default/production/_ext/1360937237/app.o
LOAD build/default/production/_ext/1360937237/main.o
LOAD build/default/production/_ext/829342655/plib_tc0.o
                0x0000000000000001                __MPLAB_BUILD = 0x1
                0x0000000000100000                __rom_end = (ORIGIN (rom) + LENGTH (rom))
                0x0000000020040000                __ram_end = (ORIGIN (ram) + LENGTH (ram))

.config_00804000
 *(.config_00804000)

.config_00804004
 *(.config_00804004)

.config_00804008
 *(.config_00804008)

.vectors        0x0000000000000000      0x260
                0x0000000000000000                . = ALIGN (0x4)
                0x0000000000000000                _sfixed = .
 *(.vectors .vectors.* .vectors_default .vectors_default.*)
 .vectors.exception_table
                0x0000000000000000      0x260 build/default/production/_ext/1171490990/interrupts.o
                0x0000000000000000                exception_table
 *(.isr_vector)
 *(.reset*)
 *(.after_vectors)

.text           0x0000000000000260       0x20
                0x0000000000000260                . = ALIGN (0x4)
 *(.glue_7t)
 .glue_7t       0x0000000000000260        0x0 linker stubs
 *(.glue_7)
 .glue_7        0x0000000000000260        0x0 linker stubs
 *(.gnu.linkonce.r.*)
 *(.ARM.extab* .gnu.linkonce.armextab.*)
                0x0000000000000260                . = ALIGN (0x4)
 *(.init)
 .init          0x0000000000000260        0x4 c:/program files/microchip/xc32/v4.60/bin/bin/../../lib/gcc/pic32c/8.3.1/thumb/v7e-m+fp/hard/crti.o
                0x0000000000000260                _init
 .init          0x0000000000000264        0x8 c:/program files/microchip/xc32/v4.60/bin/bin/../../lib/gcc/pic32c/8.3.1/thumb/v7e-m+fp/hard/crtn.o
                0x000000000000026c                . = ALIGN (0x4)
                0x000000000000026c                __preinit_array_start = .
 *(.preinit_array)
                0x000000000000026c                __preinit_array_end = .
                0x000000000000026c                . = ALIGN (0x4)
                0x000000000000026c                __init_array_start = .
 *(SORT_BY_NAME(.init_array.*))
 *(.init_array)
 .init_array    0x000000000000026c        0x4 c:/program files/microchip/xc32/v4.60/bin/bin/../../lib/gcc/pic32c/8.3.1/thumb/v7e-m+fp/hard/crtbegin.o
                0x0000000000000270                __init_array_end = .
                0x0000000000000270                . = ALIGN (0x4)
 *crtbegin.o(.ctors)
 *(EXCLUDE_FILE(*crtend.o) .ctors)
 *(SORT_BY_NAME(.ctors.*))
 *crtend.o(.ctors)
                0x0000000000000270                . = ALIGN (0x4)
 *(.fini)
 .fini          0x0000000000000270        0x4 c:/program files/microchip/xc32/v4.60/bin/bin/../../lib/gcc/pic32c/8.3.1/thumb/v7e-m+fp/hard/crti.o
                0x0000000000000270                _fini
 .fini          0x0000000000000274        0x8 c:/program files/microchip/xc32/v4.60/bin/bin/../../lib/gcc/pic32c/8.3.1/thumb/v7e-m+fp/hard/crtn.o
                0x000000000000027c                . = ALIGN (0x4)
                0x000000000000027c                __fini_array_start = .
 *(.fini_array)
 .fini_array    0x000000000000027c        0x4 c:/program files/microchip/xc32/v4.60/bin/bin/../../lib/gcc/pic32c/8.3.1/thumb/v7e-m+fp/hard/crtbegin.o
 *(SORT_BY_NAME(.fini_array.*))
                0x0000000000000280                __fini_array_end = .
 *crtbegin.o(.dtors)
 *(EXCLUDE_FILE(*crtend.o) .dtors)
 *(SORT_BY_NAME(.dtors.*))
 *crtend.o(.dtors)
                0x0000000000000280                . = ALIGN (0x4)
                0x0000000000000280                _efixed = .
                [!provide]                        PROVIDE (__exidx_start = .)

.ARM.exidx      0x0000000000000280        0x8
 *(.ARM.exidx* .gnu.linkonce.armexidx.*)
 .ARM.exidx     0x0000000000000280        0x8 c:/program files/microchip/xc32/v4.60/bin/bin/../../lib/gcc/pic32c/8.3.1/thumb/v7e-m+fp/hard\libgcc.a(_udivmoddi4.o)
                [!provide]                        PROVIDE (__exidx_end = .)
                0x0000000000000288                . = ALIGN (0x4)
                0x0000000000000288                _etext = .

.bss            0x0000000020000000        0x0
                0x0000000020000000                . = ALIGN (0x4)
                0x0000000020000000                __bss_start__ = .
                0x0000000020000000                _sbss = .
                0x0000000020000000                _szero = .
 *(COMMON)
                0x0000000020000000                . = ALIGN (0x4)
                0x0000000020000000                __bss_end__ = .
                0x0000000020000000                _ebss = .
                0x0000000020000000                _ezero = .
                0x0000000020000000                . = ALIGN (0x4)
                0x0000000020000000                _end = .
                0x000000002003ffff                _ram_end_ = ((ORIGIN (ram) + LENGTH (ram)) - 0x1)

.bkupram_bss
 *(.bkupram_bss .bkupram_bss.*)
 *(.pbss .pbss.*)
                0x0000000000000200                _min_heap_size = 0x200
START GROUP
LOAD c:/program files/microchip/xc32/v4.60/bin/bin/../../lib/gcc/pic32c/8.3.1/../../../../pic32c/lib/thumb/v7e-m+fp/hard\libpic32c.a
LOAD c:/program files/microchip/xc32/v4.60/bin/bin/../../lib/gcc/pic32c/8.3.1/../../../../pic32c/lib/thumb/v7e-m+fp/hard\libc-size-musl.a
LOAD c:/program files/microchip/xc32/v4.60/bin/bin/../../lib/gcc/pic32c/8.3.1/../../../../pic32c/lib/thumb/v7e-m+fp/hard\liblmalloc-musl.a
LOAD c:/program files/microchip/xc32/v4.60/bin/bin/../../lib/gcc/pic32c/8.3.1/../../../../pic32c/lib/thumb/v7e-m+fp/hard\libm-fast-emfloat.a
LOAD c:/program files/microchip/xc32/v4.60/bin/bin/../../lib/gcc/pic32c/8.3.1/../../../../pic32c/lib/thumb/v7e-m+fp/hard\libm-musl.a
LOAD c:/program files/microchip/xc32/v4.60/bin/bin/../../lib/gcc/pic32c/8.3.1/../../../../pic32c/lib/thumb/v7e-m+fp/hard\libc-musl.a
LOAD c:/program files/microchip/xc32/v4.60/bin/bin/../../lib/gcc/pic32c/8.3.1/../../../../pic32c/lib/thumb/v7e-m+fp/hard\libm-fast-emfloat.a
LOAD c:/program files/microchip/xc32/v4.60/bin/bin/../../lib/gcc/pic32c/8.3.1/../../../../pic32c/lib/thumb/v7e-m+fp/hard\libm-musl.a
LOAD c:/program files/microchip/xc32/v4.60/bin/bin/../../lib/gcc/pic32c/8.3.1/thumb/v7e-m+fp/hard\libgcc.a
END GROUP
LOAD c:/program files/microchip/xc32/v4.60/bin/bin/../../lib/gcc/pic32c/8.3.1/thumb/v7e-m+fp/hard/crtend.o
LOAD c:/program files/microchip/xc32/v4.60/bin/bin/../../lib/gcc/pic32c/8.3.1/thumb/v7e-m+fp/hard/crtn.o
OUTPUT(dist/default/production/msd_test.X.production.elf elf32-littlearm)
LOAD data_init
LOAD stack

.ARM.attributes
                0x0000000000000000       0x34
 .ARM.attributes
                0x0000000000000000       0x1e c:/program files/microchip/xc32/v4.60/bin/bin/../../lib/gcc/pic32c/8.3.1/thumb/v7e-m+fp/hard/crti.o
 .ARM.attributes
                0x000000000000001e       0x34 c:/program files/microchip/xc32/v4.60/bin/bin/../../lib/gcc/pic32c/8.3.1/thumb/v7e-m+fp/hard/crtbegin.o
 .ARM.attributes
                0x0000000000000052       0x34 build/default/production/_ext/20954303/drv_sdmmc.o
 .ARM.attributes
                0x0000000000000086       0x34 build/default/production/_ext/818654064/drv_usbfsv1_device.o
 .ARM.attributes
                0x00000000000000ba       0x34 build/default/production/_ext/818654064/drv_usbfsv1.o
 .ARM.attributes
                0x00000000000000ee       0x34 build/default/production/_ext/1984496892/plib_clock.o
 .ARM.attributes
                0x0000000000000122       0x34 build/default/production/_ext/1986646378/plib_evsys.o
 .ARM.attributes
                0x0000000000000156       0x34 build/default/production/_ext/1865468468/plib_nvic.o
 .ARM.attributes
                0x000000000000018a       0x34 build/default/production/_ext/1593096446/plib_nvmctrl.o
 .ARM.attributes
                0x00000000000001be       0x34 build/default/production/_ext/1865521619/plib_port.o
 .ARM.attributes
                0x00000000000001f2       0x34 build/default/production/_ext/1865600094/plib_sdhc0.o
 .ARM.attributes
                0x0000000000000226       0x34 build/default/production/_ext/1881668453/sys_int.o
 .ARM.attributes
                0x000000000000025a       0x34 build/default/production/_ext/101884895/sys_time.o
 .ARM.attributes
                0x000000000000028e       0x34 build/default/production/_ext/308758920/usb_device.o
 .ARM.attributes
                0x00000000000002c2       0x34 build/default/production/_ext/308758920/usb_device_msd.o
 .ARM.attributes
                0x00000000000002f6       0x34 build/default/production/_ext/1171490990/exceptions.o
 .ARM.attributes
                0x000000000000032a       0x34 build/default/production/_ext/1171490990/interrupts.o
 .ARM.attributes
                0x000000000000035e       0x34 build/default/production/_ext/1171490990/startup_xc32.o
 .ARM.attributes
                0x0000000000000392       0x34 build/default/production/_ext/1171490990/tasks.o
 .ARM.attributes
                0x00000000000003c6       0x39 build/default/production/_ext/1171490990/usb_device_init_data.o
 .ARM.attributes
                0x00000000000003ff       0x34 build/default/production/_ext/1171490990/initialization.o
 .ARM.attributes
                0x0000000000000433       0x34 build/default/production/_ext/1360937237/app.o
 .ARM.attributes
                0x0000000000000467       0x34 build/default/production/_ext/1360937237/main.o
 .ARM.attributes
                0x000000000000049b       0x34 build/default/production/_ext/829342655/plib_tc0.o
 .ARM.attributes
                0x00000000000004cf       0x34 c:/program files/microchip/xc32/v4.60/bin/bin/../../lib/gcc/pic32c/8.3.1/../../../../pic32c/lib/thumb/v7e-m+fp/hard\libpic32c.a(data_init.o)
 .ARM.attributes
                0x0000000000000503       0x36 c:/program files/microchip/xc32/v4.60/bin/bin/../../lib/gcc/pic32c/8.3.1/../../../../pic32c/lib/thumb/v7e-m+fp/hard\libc-size-musl.a(memcpy.o)
 .ARM.attributes
                0x0000000000000539       0x36 c:/program files/microchip/xc32/v4.60/bin/bin/../../lib/gcc/pic32c/8.3.1/../../../../pic32c/lib/thumb/v7e-m+fp/hard\libc-size-musl.a(memset.o)
 .ARM.attributes
                0x000000000000056f       0x36 c:/program files/microchip/xc32/v4.60/bin/bin/../../lib/gcc/pic32c/8.3.1/../../../../pic32c/lib/thumb/v7e-m+fp/hard\libc-musl.a(__libc_start_main.o)
 .ARM.attributes
                0x00000000000005a5       0x34 c:/program files/microchip/xc32/v4.60/bin/bin/../../lib/gcc/pic32c/8.3.1/../../../../pic32c/lib/thumb/v7e-m+fp/hard\libc-musl.a(libc.o)
 .ARM.attributes
                0x00000000000005d9       0x34 c:/program files/microchip/xc32/v4.60/bin/bin/../../lib/gcc/pic32c/8.3.1/../../../../pic32c/lib/thumb/v7e-m+fp/hard\libc-musl.a(__environ.o)
 .ARM.attributes
                0x000000000000060d       0x1e c:/program files/microchip/xc32/v4.60/bin/bin/../../lib/gcc/pic32c/8.3.1/thumb/v7e-m+fp/hard\libgcc.a(_aeabi_uldivmod.o)
 .ARM.attributes
                0x000000000000062b       0x34 c:/program files/microchip/xc32/v4.60/bin/bin/../../lib/gcc/pic32c/8.3.1/thumb/v7e-m+fp/hard\libgcc.a(_udivmoddi4.o)
 .ARM.attributes
                0x000000000000065f       0x1e c:/program files/microchip/xc32/v4.60/bin/bin/../../lib/gcc/pic32c/8.3.1/thumb/v7e-m+fp/hard\libgcc.a(_dvmd_tls.o)
 .ARM.attributes
                0x000000000000067d       0x1e c:/program files/microchip/xc32/v4.60/bin/bin/../../lib/gcc/pic32c/8.3.1/thumb/v7e-m+fp/hard/crtn.o
 .ARM.attributes
                0x000000000000069b       0x34 c:/program files/microchip/xc32/v4.60/bin/bin/../../lib/gcc/pic32c/8.3.1/../../../../pic32c/lib/thumb/v7e-m+fp/hard\libpic32c.a(pic32_data_init_clear.o)
 .ARM.attributes
                0x00000000000006cf       0x34 c:/program files/microchip/xc32/v4.60/bin/bin/../../lib/gcc/pic32c/8.3.1/../../../../pic32c/lib/thumb/v7e-m+fp/hard\libpic32c.a(pic32_data_init_copy.o)

.comment        0x0000000000000000       0x2b
 .comment       0x0000000000000000       0x2b c:/program files/microchip/xc32/v4.60/bin/bin/../../lib/gcc/pic32c/8.3.1/thumb/v7e-m+fp/hard/crtbegin.o
                                         0x2c (size before relaxing)
 .comment       0x000000000000002b       0x2c build/default/production/_ext/20954303/drv_sdmmc.o
 .comment       0x000000000000002b       0x2c build/default/production/_ext/818654064/drv_usbfsv1_device.o
 .comment       0x000000000000002b       0x2c build/default/production/_ext/818654064/drv_usbfsv1.o
 .comment       0x000000000000002b       0x2c build/default/production/_ext/1984496892/plib_clock.o
 .comment       0x000000000000002b       0x2c build/default/production/_ext/1986646378/plib_evsys.o
 .comment       0x000000000000002b       0x2c build/default/production/_ext/1865468468/plib_nvic.o
 .comment       0x000000000000002b       0x2c build/default/production/_ext/1593096446/plib_nvmctrl.o
 .comment       0x000000000000002b       0x2c build/default/production/_ext/1865521619/plib_port.o
 .comment       0x000000000000002b       0x2c build/default/production/_ext/1865600094/plib_sdhc0.o
 .comment       0x000000000000002b       0x2c build/default/production/_ext/1881668453/sys_int.o
 .comment       0x000000000000002b       0x2c build/default/production/_ext/101884895/sys_time.o
 .comment       0x000000000000002b       0x2c build/default/production/_ext/308758920/usb_device.o
 .comment       0x000000000000002b       0x2c build/default/production/_ext/308758920/usb_device_msd.o
 .comment       0x000000000000002b       0x2c build/default/production/_ext/1171490990/exceptions.o
 .comment       0x000000000000002b       0x2c build/default/production/_ext/1171490990/interrupts.o
 .comment       0x000000000000002b       0x2c build/default/production/_ext/1171490990/startup_xc32.o
 .comment       0x000000000000002b       0x2c build/default/production/_ext/1171490990/tasks.o
 .comment       0x000000000000002b       0x2c build/default/production/_ext/1171490990/usb_device_init_data.o
 .comment       0x000000000000002b       0x2c build/default/production/_ext/1171490990/initialization.o
 .comment       0x000000000000002b       0x2c build/default/production/_ext/1360937237/app.o
 .comment       0x000000000000002b       0x2c build/default/production/_ext/1360937237/main.o
 .comment       0x000000000000002b       0x2c build/default/production/_ext/829342655/plib_tc0.o
 .comment       0x000000000000002b       0x2c c:/program files/microchip/xc32/v4.60/bin/bin/../../lib/gcc/pic32c/8.3.1/../../../../pic32c/lib/thumb/v7e-m+fp/hard\libpic32c.a(data_init.o)
 .comment       0x000000000000002b       0x2c c:/program files/microchip/xc32/v4.60/bin/bin/../../lib/gcc/pic32c/8.3.1/../../../../pic32c/lib/thumb/v7e-m+fp/hard\libc-size-musl.a(memcpy.o)
 .comment       0x000000000000002b       0x2c c:/program files/microchip/xc32/v4.60/bin/bin/../../lib/gcc/pic32c/8.3.1/../../../../pic32c/lib/thumb/v7e-m+fp/hard\libc-size-musl.a(memset.o)
 .comment       0x000000000000002b       0x2c c:/program files/microchip/xc32/v4.60/bin/bin/../../lib/gcc/pic32c/8.3.1/../../../../pic32c/lib/thumb/v7e-m+fp/hard\libc-musl.a(__libc_start_main.o)
 .comment       0x000000000000002b       0x2c c:/program files/microchip/xc32/v4.60/bin/bin/../../lib/gcc/pic32c/8.3.1/../../../../pic32c/lib/thumb/v7e-m+fp/hard\libc-musl.a(libc.o)
 .comment       0x000000000000002b       0x2c c:/program files/microchip/xc32/v4.60/bin/bin/../../lib/gcc/pic32c/8.3.1/../../../../pic32c/lib/thumb/v7e-m+fp/hard\libc-musl.a(__environ.o)
 .comment       0x000000000000002b       0x2c c:/program files/microchip/xc32/v4.60/bin/bin/../../lib/gcc/pic32c/8.3.1/thumb/v7e-m+fp/hard\libgcc.a(_udivmoddi4.o)
 .comment       0x000000000000002b       0x2c c:/program files/microchip/xc32/v4.60/bin/bin/../../lib/gcc/pic32c/8.3.1/../../../../pic32c/lib/thumb/v7e-m+fp/hard\libpic32c.a(pic32_data_init_clear.o)
 .comment       0x000000000000002b       0x2c c:/program files/microchip/xc32/v4.60/bin/bin/../../lib/gcc/pic32c/8.3.1/../../../../pic32c/lib/thumb/v7e-m+fp/hard\libpic32c.a(pic32_data_init_copy.o)

.debug_info     0x0000000000000000    0x1dabc
 .debug_info    0x0000000000000000     0x4d4b build/default/production/_ext/20954303/drv_sdmmc.o
 .debug_info    0x0000000000004d4b     0x3dab build/default/production/_ext/818654064/drv_usbfsv1_device.o
 .debug_info    0x0000000000008af6     0x23d7 build/default/production/_ext/818654064/drv_usbfsv1.o
 .debug_info    0x000000000000aecd      0x658 build/default/production/_ext/1984496892/plib_clock.o
 .debug_info    0x000000000000b525       0x9b build/default/production/_ext/1986646378/plib_evsys.o
 .debug_info    0x000000000000b5c0      0xd66 build/default/production/_ext/1865468468/plib_nvic.o
 .debug_info    0x000000000000c326      0x8e5 build/default/production/_ext/1593096446/plib_nvmctrl.o
 .debug_info    0x000000000000cc0b      0x6fc build/default/production/_ext/1865521619/plib_port.o
 .debug_info    0x000000000000d307      0xc91 build/default/production/_ext/1865600094/plib_sdhc0.o
 .debug_info    0x000000000000df98      0x7fb build/default/production/_ext/1881668453/sys_int.o
 .debug_info    0x000000000000e793     0x1f5a build/default/production/_ext/101884895/sys_time.o
 .debug_info    0x00000000000106ed     0x3c14 build/default/production/_ext/308758920/usb_device.o
 .debug_info    0x0000000000014301     0x28ac build/default/production/_ext/308758920/usb_device_msd.o
 .debug_info    0x0000000000016bad      0x116 build/default/production/_ext/1171490990/exceptions.o
 .debug_info    0x0000000000016cc3      0xc17 build/default/production/_ext/1171490990/interrupts.o
 .debug_info    0x00000000000178da      0x55b build/default/production/_ext/1171490990/startup_xc32.o
 .debug_info    0x0000000000017e35      0x17f build/default/production/_ext/1171490990/tasks.o
 .debug_info    0x0000000000017fb4     0x1c58 build/default/production/_ext/1171490990/usb_device_init_data.o
 .debug_info    0x0000000000019c0c     0x1f72 build/default/production/_ext/1171490990/initialization.o
 .debug_info    0x000000000001bb7e      0x658 build/default/production/_ext/1360937237/app.o
 .debug_info    0x000000000001c1d6      0x296 build/default/production/_ext/1360937237/main.o
 .debug_info    0x000000000001c46c      0x83d build/default/production/_ext/829342655/plib_tc0.o
 .debug_info    0x000000000001cca9       0x68 c:/program files/microchip/xc32/v4.60/bin/bin/../../lib/gcc/pic32c/8.3.1/../../../../pic32c/lib/thumb/v7e-m+fp/hard\libpic32c.a(data_init.o)
 .debug_info    0x000000000001cd11       0xf3 c:/program files/microchip/xc32/v4.60/bin/bin/../../lib/gcc/pic32c/8.3.1/../../../../pic32c/lib/thumb/v7e-m+fp/hard\libc-size-musl.a(memcpy.o)
 .debug_info    0x000000000001ce04       0xbb c:/program files/microchip/xc32/v4.60/bin/bin/../../lib/gcc/pic32c/8.3.1/../../../../pic32c/lib/thumb/v7e-m+fp/hard\libc-size-musl.a(memset.o)
 .debug_info    0x000000000001cebf      0x2fb c:/program files/microchip/xc32/v4.60/bin/bin/../../lib/gcc/pic32c/8.3.1/../../../../pic32c/lib/thumb/v7e-m+fp/hard\libc-musl.a(__libc_start_main.o)
 .debug_info    0x000000000001d1ba      0x276 c:/program files/microchip/xc32/v4.60/bin/bin/../../lib/gcc/pic32c/8.3.1/../../../../pic32c/lib/thumb/v7e-m+fp/hard\libc-musl.a(libc.o)
 .debug_info    0x000000000001d430       0x97 c:/program files/microchip/xc32/v4.60/bin/bin/../../lib/gcc/pic32c/8.3.1/../../../../pic32c/lib/thumb/v7e-m+fp/hard\libc-musl.a(__environ.o)
 .debug_info    0x000000000001d4c7       0x26 c:/program files/microchip/xc32/v4.60/bin/bin/../../lib/gcc/pic32c/8.3.1/thumb/v7e-m+fp/hard\libgcc.a(_aeabi_uldivmod.o)
 .debug_info    0x000000000001d4ed      0x52a c:/program files/microchip/xc32/v4.60/bin/bin/../../lib/gcc/pic32c/8.3.1/thumb/v7e-m+fp/hard\libgcc.a(_udivmoddi4.o)
 .debug_info    0x000000000001da17       0x26 c:/program files/microchip/xc32/v4.60/bin/bin/../../lib/gcc/pic32c/8.3.1/thumb/v7e-m+fp/hard\libgcc.a(_dvmd_tls.o)
 .debug_info    0x000000000001da3d       0x3f c:/program files/microchip/xc32/v4.60/bin/bin/../../lib/gcc/pic32c/8.3.1/../../../../pic32c/lib/thumb/v7e-m+fp/hard\libpic32c.a(pic32_data_init_clear.o)
 .debug_info    0x000000000001da7c       0x40 c:/program files/microchip/xc32/v4.60/bin/bin/../../lib/gcc/pic32c/8.3.1/../../../../pic32c/lib/thumb/v7e-m+fp/hard\libpic32c.a(pic32_data_init_copy.o)

.debug_abbrev   0x0000000000000000     0x3ca4
 .debug_abbrev  0x0000000000000000      0x600 build/default/production/_ext/20954303/drv_sdmmc.o
 .debug_abbrev  0x0000000000000600      0x55a build/default/production/_ext/818654064/drv_usbfsv1_device.o
 .debug_abbrev  0x0000000000000b5a      0x3f9 build/default/production/_ext/818654064/drv_usbfsv1.o
 .debug_abbrev  0x0000000000000f53      0x10b build/default/production/_ext/1984496892/plib_clock.o
 .debug_abbrev  0x000000000000105e       0x46 build/default/production/_ext/1986646378/plib_evsys.o
 .debug_abbrev  0x00000000000010a4      0x258 build/default/production/_ext/1865468468/plib_nvic.o
 .debug_abbrev  0x00000000000012fc      0x23c build/default/production/_ext/1593096446/plib_nvmctrl.o
 .debug_abbrev  0x0000000000001538      0x1ea build/default/production/_ext/1865521619/plib_port.o
 .debug_abbrev  0x0000000000001722      0x317 build/default/production/_ext/1865600094/plib_sdhc0.o
 .debug_abbrev  0x0000000000001a39      0x25c build/default/production/_ext/1881668453/sys_int.o
 .debug_abbrev  0x0000000000001c95      0x51d build/default/production/_ext/101884895/sys_time.o
 .debug_abbrev  0x00000000000021b2      0x409 build/default/production/_ext/308758920/usb_device.o
 .debug_abbrev  0x00000000000025bb      0x41a build/default/production/_ext/308758920/usb_device_msd.o
 .debug_abbrev  0x00000000000029d5       0x49 build/default/production/_ext/1171490990/exceptions.o
 .debug_abbrev  0x0000000000002a1e       0xf8 build/default/production/_ext/1171490990/interrupts.o
 .debug_abbrev  0x0000000000002b16      0x1e3 build/default/production/_ext/1171490990/startup_xc32.o
 .debug_abbrev  0x0000000000002cf9       0xbd build/default/production/_ext/1171490990/tasks.o
 .debug_abbrev  0x0000000000002db6      0x248 build/default/production/_ext/1171490990/usb_device_init_data.o
 .debug_abbrev  0x0000000000002ffe      0x294 build/default/production/_ext/1171490990/initialization.o
 .debug_abbrev  0x0000000000003292      0x1b5 build/default/production/_ext/1360937237/app.o
 .debug_abbrev  0x0000000000003447       0xef build/default/production/_ext/1360937237/main.o
 .debug_abbrev  0x0000000000003536      0x1be build/default/production/_ext/829342655/plib_tc0.o
 .debug_abbrev  0x00000000000036f4       0x44 c:/program files/microchip/xc32/v4.60/bin/bin/../../lib/gcc/pic32c/8.3.1/../../../../pic32c/lib/thumb/v7e-m+fp/hard\libpic32c.a(data_init.o)
 .debug_abbrev  0x0000000000003738       0xbb c:/program files/microchip/xc32/v4.60/bin/bin/../../lib/gcc/pic32c/8.3.1/../../../../pic32c/lib/thumb/v7e-m+fp/hard\libc-size-musl.a(memcpy.o)
 .debug_abbrev  0x00000000000037f3       0xa2 c:/program files/microchip/xc32/v4.60/bin/bin/../../lib/gcc/pic32c/8.3.1/../../../../pic32c/lib/thumb/v7e-m+fp/hard\libc-size-musl.a(memset.o)
 .debug_abbrev  0x0000000000003895      0x133 c:/program files/microchip/xc32/v4.60/bin/bin/../../lib/gcc/pic32c/8.3.1/../../../../pic32c/lib/thumb/v7e-m+fp/hard\libc-musl.a(__libc_start_main.o)
 .debug_abbrev  0x00000000000039c8       0xd4 c:/program files/microchip/xc32/v4.60/bin/bin/../../lib/gcc/pic32c/8.3.1/../../../../pic32c/lib/thumb/v7e-m+fp/hard\libc-musl.a(libc.o)
 .debug_abbrev  0x0000000000003a9c       0x62 c:/program files/microchip/xc32/v4.60/bin/bin/../../lib/gcc/pic32c/8.3.1/../../../../pic32c/lib/thumb/v7e-m+fp/hard\libc-musl.a(__environ.o)
 .debug_abbrev  0x0000000000003afe       0x14 c:/program files/microchip/xc32/v4.60/bin/bin/../../lib/gcc/pic32c/8.3.1/thumb/v7e-m+fp/hard\libgcc.a(_aeabi_uldivmod.o)
 .debug_abbrev  0x0000000000003b12      0x122 c:/program files/microchip/xc32/v4.60/bin/bin/../../lib/gcc/pic32c/8.3.1/thumb/v7e-m+fp/hard\libgcc.a(_udivmoddi4.o)
 .debug_abbrev  0x0000000000003c34       0x14 c:/program files/microchip/xc32/v4.60/bin/bin/../../lib/gcc/pic32c/8.3.1/thumb/v7e-m+fp/hard\libgcc.a(_dvmd_tls.o)
 .debug_abbrev  0x0000000000003c48       0x2e c:/program files/microchip/xc32/v4.60/bin/bin/../../lib/gcc/pic32c/8.3.1/../../../../pic32c/lib/thumb/v7e-m+fp/hard\libpic32c.a(pic32_data_init_clear.o)
 .debug_abbrev  0x0000000000003c76       0x2e c:/program files/microchip/xc32/v4.60/bin/bin/../../lib/gcc/pic32c/8.3.1/../../../../pic32c/lib/thumb/v7e-m+fp/hard\libpic32c.a(pic32_data_init_copy.o)

.debug_loc      0x0000000000000000    0x13747
 .debug_loc     0x0000000000000000     0x5632 build/default/production/_ext/20954303/drv_sdmmc.o
 .debug_loc     0x0000000000005632     0x3988 build/default/production/_ext/818654064/drv_usbfsv1_device.o
 .debug_loc     0x0000000000008fba      0x866 build/default/production/_ext/818654064/drv_usbfsv1.o
 .debug_loc     0x0000000000009820      0x2f3 build/default/production/_ext/1865468468/plib_nvic.o
 .debug_loc     0x0000000000009b13      0x83e build/default/production/_ext/1593096446/plib_nvmctrl.o
 .debug_loc     0x000000000000a351      0x269 build/default/production/_ext/1865521619/plib_port.o
 .debug_loc     0x000000000000a5ba      0x718 build/default/production/_ext/1865600094/plib_sdhc0.o
 .debug_loc     0x000000000000acd2      0x182 build/default/production/_ext/1881668453/sys_int.o
 .debug_loc     0x000000000000ae54     0x237c build/default/production/_ext/101884895/sys_time.o
 .debug_loc     0x000000000000d1d0     0x2e3c build/default/production/_ext/308758920/usb_device.o
 .debug_loc     0x000000000001000c     0x2351 build/default/production/_ext/308758920/usb_device_msd.o
 .debug_loc     0x000000000001235d       0x4a build/default/production/_ext/1171490990/startup_xc32.o
 .debug_loc     0x00000000000123a7       0x20 build/default/production/_ext/1171490990/tasks.o
 .debug_loc     0x00000000000123c7       0x45 build/default/production/_ext/1171490990/initialization.o
 .debug_loc     0x000000000001240c      0x23d build/default/production/_ext/1360937237/app.o
 .debug_loc     0x0000000000012649       0x20 build/default/production/_ext/1360937237/main.o
 .debug_loc     0x0000000000012669       0x74 build/default/production/_ext/829342655/plib_tc0.o
 .debug_loc     0x00000000000126dd       0x14 c:/program files/microchip/xc32/v4.60/bin/bin/../../lib/gcc/pic32c/8.3.1/../../../../pic32c/lib/thumb/v7e-m+fp/hard\libpic32c.a(data_init.o)
 .debug_loc     0x00000000000126f1      0x10b c:/program files/microchip/xc32/v4.60/bin/bin/../../lib/gcc/pic32c/8.3.1/../../../../pic32c/lib/thumb/v7e-m+fp/hard\libc-size-musl.a(memcpy.o)
 .debug_loc     0x00000000000127fc       0x7d c:/program files/microchip/xc32/v4.60/bin/bin/../../lib/gcc/pic32c/8.3.1/../../../../pic32c/lib/thumb/v7e-m+fp/hard\libc-size-musl.a(memset.o)
 .debug_loc     0x0000000000012879       0x51 c:/program files/microchip/xc32/v4.60/bin/bin/../../lib/gcc/pic32c/8.3.1/../../../../pic32c/lib/thumb/v7e-m+fp/hard\libc-musl.a(__libc_start_main.o)
 .debug_loc     0x00000000000128ca      0xe69 c:/program files/microchip/xc32/v4.60/bin/bin/../../lib/gcc/pic32c/8.3.1/thumb/v7e-m+fp/hard\libgcc.a(_udivmoddi4.o)
 .debug_loc     0x0000000000013733       0x14 c:/program files/microchip/xc32/v4.60/bin/bin/../../lib/gcc/pic32c/8.3.1/../../../../pic32c/lib/thumb/v7e-m+fp/hard\libpic32c.a(pic32_data_init_copy.o)

.debug_aranges  0x0000000000000000      0xb98
 .debug_aranges
                0x0000000000000000      0x108 build/default/production/_ext/20954303/drv_sdmmc.o
 .debug_aranges
                0x0000000000000108       0xb8 build/default/production/_ext/818654064/drv_usbfsv1_device.o
 .debug_aranges
                0x00000000000001c0       0x78 build/default/production/_ext/818654064/drv_usbfsv1.o
 .debug_aranges
                0x0000000000000238       0x20 build/default/production/_ext/1984496892/plib_clock.o
 .debug_aranges
                0x0000000000000258       0x20 build/default/production/_ext/1986646378/plib_evsys.o
 .debug_aranges
                0x0000000000000278       0x48 build/default/production/_ext/1865468468/plib_nvic.o
 .debug_aranges
                0x00000000000002c0       0xd8 build/default/production/_ext/1593096446/plib_nvmctrl.o
 .debug_aranges
                0x0000000000000398       0x70 build/default/production/_ext/1865521619/plib_port.o
 .debug_aranges
                0x0000000000000408       0xc0 build/default/production/_ext/1865600094/plib_sdhc0.o
 .debug_aranges
                0x00000000000004c8       0x40 build/default/production/_ext/1881668453/sys_int.o
 .debug_aranges
                0x0000000000000508      0x128 build/default/production/_ext/101884895/sys_time.o
 .debug_aranges
                0x0000000000000630      0x1a0 build/default/production/_ext/308758920/usb_device.o
 .debug_aranges
                0x00000000000007d0       0xb0 build/default/production/_ext/308758920/usb_device_msd.o
 .debug_aranges
                0x0000000000000880       0x48 build/default/production/_ext/1171490990/exceptions.o
 .debug_aranges
                0x00000000000008c8       0x20 build/default/production/_ext/1171490990/interrupts.o
 .debug_aranges
                0x00000000000008e8       0x28 build/default/production/_ext/1171490990/startup_xc32.o
 .debug_aranges
                0x0000000000000910       0x20 build/default/production/_ext/1171490990/tasks.o
 .debug_aranges
                0x0000000000000930       0x18 build/default/production/_ext/1171490990/usb_device_init_data.o
 .debug_aranges
                0x0000000000000948       0x20 build/default/production/_ext/1171490990/initialization.o
 .debug_aranges
                0x0000000000000968       0x30 build/default/production/_ext/1360937237/app.o
 .debug_aranges
                0x0000000000000998       0x20 build/default/production/_ext/1360937237/main.o
 .debug_aranges
                0x00000000000009b8       0x78 build/default/production/_ext/829342655/plib_tc0.o
 .debug_aranges
                0x0000000000000a30       0x30 c:/program files/microchip/xc32/v4.60/bin/bin/../../lib/gcc/pic32c/8.3.1/../../../../pic32c/lib/thumb/v7e-m+fp/hard\libpic32c.a(data_init.o)
 .debug_aranges
                0x0000000000000a60       0x20 c:/program files/microchip/xc32/v4.60/bin/bin/../../lib/gcc/pic32c/8.3.1/../../../../pic32c/lib/thumb/v7e-m+fp/hard\libc-size-musl.a(memcpy.o)
 .debug_aranges
                0x0000000000000a80       0x20 c:/program files/microchip/xc32/v4.60/bin/bin/../../lib/gcc/pic32c/8.3.1/../../../../pic32c/lib/thumb/v7e-m+fp/hard\libc-size-musl.a(memset.o)
 .debug_aranges
                0x0000000000000aa0       0x28 c:/program files/microchip/xc32/v4.60/bin/bin/../../lib/gcc/pic32c/8.3.1/../../../../pic32c/lib/thumb/v7e-m+fp/hard\libc-musl.a(__libc_start_main.o)
 .debug_aranges
                0x0000000000000ac8       0x18 c:/program files/microchip/xc32/v4.60/bin/bin/../../lib/gcc/pic32c/8.3.1/../../../../pic32c/lib/thumb/v7e-m+fp/hard\libc-musl.a(libc.o)
 .debug_aranges
                0x0000000000000ae0       0x18 c:/program files/microchip/xc32/v4.60/bin/bin/../../lib/gcc/pic32c/8.3.1/../../../../pic32c/lib/thumb/v7e-m+fp/hard\libc-musl.a(__environ.o)
 .debug_aranges
                0x0000000000000af8       0x20 c:/program files/microchip/xc32/v4.60/bin/bin/../../lib/gcc/pic32c/8.3.1/thumb/v7e-m+fp/hard\libgcc.a(_aeabi_uldivmod.o)
 .debug_aranges
                0x0000000000000b18       0x20 c:/program files/microchip/xc32/v4.60/bin/bin/../../lib/gcc/pic32c/8.3.1/thumb/v7e-m+fp/hard\libgcc.a(_udivmoddi4.o)
 .debug_aranges
                0x0000000000000b38       0x20 c:/program files/microchip/xc32/v4.60/bin/bin/../../lib/gcc/pic32c/8.3.1/thumb/v7e-m+fp/hard\libgcc.a(_dvmd_tls.o)
 .debug_aranges
                0x0000000000000b58       0x20 c:/program files/microchip/xc32/v4.60/bin/bin/../../lib/gcc/pic32c/8.3.1/../../../../pic32c/lib/thumb/v7e-m+fp/hard\libpic32c.a(pic32_data_init_clear.o)
 .debug_aranges
                0x0000000000000b78       0x20 c:/program files/microchip/xc32/v4.60/bin/bin/../../lib/gcc/pic32c/8.3.1/../../../../pic32c/lib/thumb/v7e-m+fp/hard\libpic32c.a(pic32_data_init_copy.o)

.debug_ranges   0x0000000000000000      0xf30
 .debug_ranges  0x0000000000000000      0x450 build/default/production/_ext/20954303/drv_sdmmc.o
 .debug_ranges  0x0000000000000450      0x170 build/default/production/_ext/818654064/drv_usbfsv1_device.o
 .debug_ranges  0x00000000000005c0       0x68 build/default/production/_ext/818654064/drv_usbfsv1.o
 .debug_ranges  0x0000000000000628       0x10 build/default/production/_ext/1984496892/plib_clock.o
 .debug_ranges  0x0000000000000638       0x10 build/default/production/_ext/1986646378/plib_evsys.o
 .debug_ranges  0x0000000000000648       0x38 build/default/production/_ext/1865468468/plib_nvic.o
 .debug_ranges  0x0000000000000680       0xc8 build/default/production/_ext/1593096446/plib_nvmctrl.o
 .debug_ranges  0x0000000000000748       0x60 build/default/production/_ext/1865521619/plib_port.o
 .debug_ranges  0x00000000000007a8       0xc8 build/default/production/_ext/1865600094/plib_sdhc0.o
 .debug_ranges  0x0000000000000870       0x30 build/default/production/_ext/1881668453/sys_int.o
 .debug_ranges  0x00000000000008a0      0x178 build/default/production/_ext/101884895/sys_time.o
 .debug_ranges  0x0000000000000a18      0x190 build/default/production/_ext/308758920/usb_device.o
 .debug_ranges  0x0000000000000ba8      0x120 build/default/production/_ext/308758920/usb_device_msd.o
 .debug_ranges  0x0000000000000cc8       0x38 build/default/production/_ext/1171490990/exceptions.o
 .debug_ranges  0x0000000000000d00       0x10 build/default/production/_ext/1171490990/interrupts.o
 .debug_ranges  0x0000000000000d10       0x18 build/default/production/_ext/1171490990/startup_xc32.o
 .debug_ranges  0x0000000000000d28       0x10 build/default/production/_ext/1171490990/tasks.o
 .debug_ranges  0x0000000000000d38       0x10 build/default/production/_ext/1171490990/initialization.o
 .debug_ranges  0x0000000000000d48       0x20 build/default/production/_ext/1360937237/app.o
 .debug_ranges  0x0000000000000d68       0x10 build/default/production/_ext/1360937237/main.o
 .debug_ranges  0x0000000000000d78       0x68 build/default/production/_ext/829342655/plib_tc0.o
 .debug_ranges  0x0000000000000de0       0x20 c:/program files/microchip/xc32/v4.60/bin/bin/../../lib/gcc/pic32c/8.3.1/../../../../pic32c/lib/thumb/v7e-m+fp/hard\libpic32c.a(data_init.o)
 .debug_ranges  0x0000000000000e00       0x10 c:/program files/microchip/xc32/v4.60/bin/bin/../../lib/gcc/pic32c/8.3.1/../../../../pic32c/lib/thumb/v7e-m+fp/hard\libc-size-musl.a(memcpy.o)
 .debug_ranges  0x0000000000000e10       0x10 c:/program files/microchip/xc32/v4.60/bin/bin/../../lib/gcc/pic32c/8.3.1/../../../../pic32c/lib/thumb/v7e-m+fp/hard\libc-size-musl.a(memset.o)
 .debug_ranges  0x0000000000000e20       0x40 c:/program files/microchip/xc32/v4.60/bin/bin/../../lib/gcc/pic32c/8.3.1/../../../../pic32c/lib/thumb/v7e-m+fp/hard\libc-musl.a(__libc_start_main.o)
 .debug_ranges  0x0000000000000e60       0xb0 c:/program files/microchip/xc32/v4.60/bin/bin/../../lib/gcc/pic32c/8.3.1/thumb/v7e-m+fp/hard\libgcc.a(_udivmoddi4.o)
 .debug_ranges  0x0000000000000f10       0x10 c:/program files/microchip/xc32/v4.60/bin/bin/../../lib/gcc/pic32c/8.3.1/../../../../pic32c/lib/thumb/v7e-m+fp/hard\libpic32c.a(pic32_data_init_clear.o)
 .debug_ranges  0x0000000000000f20       0x10 c:/program files/microchip/xc32/v4.60/bin/bin/../../lib/gcc/pic32c/8.3.1/../../../../pic32c/lib/thumb/v7e-m+fp/hard\libpic32c.a(pic32_data_init_copy.o)

.debug_line     0x0000000000000000     0xd90f
 .debug_line    0x0000000000000000     0x3449 build/default/production/_ext/20954303/drv_sdmmc.o
 .debug_line    0x0000000000003449     0x225c build/default/production/_ext/818654064/drv_usbfsv1_device.o
 .debug_line    0x00000000000056a5      0x944 build/default/production/_ext/818654064/drv_usbfsv1.o
 .debug_line    0x0000000000005fe9      0x2b2 build/default/production/_ext/1984496892/plib_clock.o
 .debug_line    0x000000000000629b       0x66 build/default/production/_ext/1986646378/plib_evsys.o
 .debug_line    0x0000000000006301      0x4ea build/default/production/_ext/1865468468/plib_nvic.o
 .debug_line    0x00000000000067eb      0x5b9 build/default/production/_ext/1593096446/plib_nvmctrl.o
 .debug_line    0x0000000000006da4      0x385 build/default/production/_ext/1865521619/plib_port.o
 .debug_line    0x0000000000007129      0x7ea build/default/production/_ext/1865600094/plib_sdhc0.o
 .debug_line    0x0000000000007913      0x2bf build/default/production/_ext/1881668453/sys_int.o
 .debug_line    0x0000000000007bd2     0x11bc build/default/production/_ext/101884895/sys_time.o
 .debug_line    0x0000000000008d8e     0x1829 build/default/production/_ext/308758920/usb_device.o
 .debug_line    0x000000000000a5b7     0x13e1 build/default/production/_ext/308758920/usb_device_msd.o
 .debug_line    0x000000000000b998       0xc7 build/default/production/_ext/1171490990/exceptions.o
 .debug_line    0x000000000000ba5f      0x141 build/default/production/_ext/1171490990/interrupts.o
 .debug_line    0x000000000000bba0      0x246 build/default/production/_ext/1171490990/startup_xc32.o
 .debug_line    0x000000000000bde6      0x18e build/default/production/_ext/1171490990/tasks.o
 .debug_line    0x000000000000bf74      0x297 build/default/production/_ext/1171490990/usb_device_init_data.o
 .debug_line    0x000000000000c20b      0x50c build/default/production/_ext/1171490990/initialization.o
 .debug_line    0x000000000000c717      0x252 build/default/production/_ext/1360937237/app.o
 .debug_line    0x000000000000c969       0xf3 build/default/production/_ext/1360937237/main.o
 .debug_line    0x000000000000ca5c      0x34b build/default/production/_ext/829342655/plib_tc0.o
 .debug_line    0x000000000000cda7       0xa7 c:/program files/microchip/xc32/v4.60/bin/bin/../../lib/gcc/pic32c/8.3.1/../../../../pic32c/lib/thumb/v7e-m+fp/hard\libpic32c.a(data_init.o)
 .debug_line    0x000000000000ce4e       0xf9 c:/program files/microchip/xc32/v4.60/bin/bin/../../lib/gcc/pic32c/8.3.1/../../../../pic32c/lib/thumb/v7e-m+fp/hard\libc-size-musl.a(memcpy.o)
 .debug_line    0x000000000000cf47       0xe3 c:/program files/microchip/xc32/v4.60/bin/bin/../../lib/gcc/pic32c/8.3.1/../../../../pic32c/lib/thumb/v7e-m+fp/hard\libc-size-musl.a(memset.o)
 .debug_line    0x000000000000d02a      0x1c7 c:/program files/microchip/xc32/v4.60/bin/bin/../../lib/gcc/pic32c/8.3.1/../../../../pic32c/lib/thumb/v7e-m+fp/hard\libc-musl.a(__libc_start_main.o)
 .debug_line    0x000000000000d1f1       0xb5 c:/program files/microchip/xc32/v4.60/bin/bin/../../lib/gcc/pic32c/8.3.1/../../../../pic32c/lib/thumb/v7e-m+fp/hard\libc-musl.a(libc.o)
 .debug_line    0x000000000000d2a6       0xfb c:/program files/microchip/xc32/v4.60/bin/bin/../../lib/gcc/pic32c/8.3.1/../../../../pic32c/lib/thumb/v7e-m+fp/hard\libc-musl.a(__environ.o)
 .debug_line    0x000000000000d3a1       0x91 c:/program files/microchip/xc32/v4.60/bin/bin/../../lib/gcc/pic32c/8.3.1/thumb/v7e-m+fp/hard\libgcc.a(_aeabi_uldivmod.o)
 .debug_line    0x000000000000d432      0x360 c:/program files/microchip/xc32/v4.60/bin/bin/../../lib/gcc/pic32c/8.3.1/thumb/v7e-m+fp/hard\libgcc.a(_udivmoddi4.o)
 .debug_line    0x000000000000d792       0x91 c:/program files/microchip/xc32/v4.60/bin/bin/../../lib/gcc/pic32c/8.3.1/thumb/v7e-m+fp/hard\libgcc.a(_dvmd_tls.o)
 .debug_line    0x000000000000d823       0x72 c:/program files/microchip/xc32/v4.60/bin/bin/../../lib/gcc/pic32c/8.3.1/../../../../pic32c/lib/thumb/v7e-m+fp/hard\libpic32c.a(pic32_data_init_clear.o)
 .debug_line    0x000000000000d895       0x7a c:/program files/microchip/xc32/v4.60/bin/bin/../../lib/gcc/pic32c/8.3.1/../../../../pic32c/lib/thumb/v7e-m+fp/hard\libpic32c.a(pic32_data_init_copy.o)

.debug_str      0x0000000000000000    0x1d2ac
 .debug_str     0x0000000000000000     0x2d5c build/default/production/_ext/20954303/drv_sdmmc.o
 .debug_str     0x0000000000002d5c     0x3273 build/default/production/_ext/818654064/drv_usbfsv1_device.o
 .debug_str     0x0000000000005fcf     0x2b91 build/default/production/_ext/818654064/drv_usbfsv1.o
 .debug_str     0x0000000000008b60      0x664 build/default/production/_ext/1984496892/plib_clock.o
 .debug_str     0x00000000000091c4      0x2af build/default/production/_ext/1986646378/plib_evsys.o
 .debug_str     0x0000000000009473      0xc8f build/default/production/_ext/1865468468/plib_nvic.o
 .debug_str     0x000000000000a102      0x6b0 build/default/production/_ext/1593096446/plib_nvmctrl.o
 .debug_str     0x000000000000a7b2      0x8c1 build/default/production/_ext/1865521619/plib_port.o
 .debug_str     0x000000000000b073      0xa8a build/default/production/_ext/1865600094/plib_sdhc0.o
 .debug_str     0x000000000000bafd      0xbca build/default/production/_ext/1881668453/sys_int.o
 .debug_str     0x000000000000c6c7     0x14cc build/default/production/_ext/101884895/sys_time.o
 .debug_str     0x000000000000db93     0x3404 build/default/production/_ext/308758920/usb_device.o
 .debug_str     0x0000000000010f97     0x26b6 build/default/production/_ext/308758920/usb_device_msd.o
 .debug_str     0x000000000001364d      0x30e build/default/production/_ext/1171490990/exceptions.o
 .debug_str     0x000000000001395b     0x14d9 build/default/production/_ext/1171490990/interrupts.o
 .debug_str     0x0000000000014e34      0x448 build/default/production/_ext/1171490990/startup_xc32.o
 .debug_str     0x000000000001527c      0x335 build/default/production/_ext/1171490990/tasks.o
 .debug_str     0x00000000000155b1     0x23f2 build/default/production/_ext/1171490990/usb_device_init_data.o
 .debug_str     0x00000000000179a3     0x2a2f build/default/production/_ext/1171490990/initialization.o
 .debug_str     0x000000000001a3d2      0xd91 build/default/production/_ext/1360937237/app.o
 .debug_str     0x000000000001b163      0x381 build/default/production/_ext/1360937237/main.o
 .debug_str     0x000000000001b4e4      0x5ed build/default/production/_ext/829342655/plib_tc0.o
 .debug_str     0x000000000001bad1      0x206 c:/program files/microchip/xc32/v4.60/bin/bin/../../lib/gcc/pic32c/8.3.1/../../../../pic32c/lib/thumb/v7e-m+fp/hard\libpic32c.a(data_init.o)
 .debug_str     0x000000000001bcd7      0x22f c:/program files/microchip/xc32/v4.60/bin/bin/../../lib/gcc/pic32c/8.3.1/../../../../pic32c/lib/thumb/v7e-m+fp/hard\libc-size-musl.a(memcpy.o)
 .debug_str     0x000000000001bf06      0x21b c:/program files/microchip/xc32/v4.60/bin/bin/../../lib/gcc/pic32c/8.3.1/../../../../pic32c/lib/thumb/v7e-m+fp/hard\libc-size-musl.a(memset.o)
 .debug_str     0x000000000001c121      0x3d4 c:/program files/microchip/xc32/v4.60/bin/bin/../../lib/gcc/pic32c/8.3.1/../../../../pic32c/lib/thumb/v7e-m+fp/hard\libc-musl.a(__libc_start_main.o)
 .debug_str     0x000000000001c4f5      0x33f c:/program files/microchip/xc32/v4.60/bin/bin/../../lib/gcc/pic32c/8.3.1/../../../../pic32c/lib/thumb/v7e-m+fp/hard\libc-musl.a(libc.o)
 .debug_str     0x000000000001c834      0x23f c:/program files/microchip/xc32/v4.60/bin/bin/../../lib/gcc/pic32c/8.3.1/../../../../pic32c/lib/thumb/v7e-m+fp/hard\libc-musl.a(__environ.o)
 .debug_str     0x000000000001ca73       0xd6 c:/program files/microchip/xc32/v4.60/bin/bin/../../lib/gcc/pic32c/8.3.1/thumb/v7e-m+fp/hard\libgcc.a(_aeabi_uldivmod.o)
 .debug_str     0x000000000001cb49      0x2cd c:/program files/microchip/xc32/v4.60/bin/bin/../../lib/gcc/pic32c/8.3.1/thumb/v7e-m+fp/hard\libgcc.a(_udivmoddi4.o)
 .debug_str     0x000000000001ce16       0xda c:/program files/microchip/xc32/v4.60/bin/bin/../../lib/gcc/pic32c/8.3.1/thumb/v7e-m+fp/hard\libgcc.a(_dvmd_tls.o)
 .debug_str     0x000000000001cef0      0x1df c:/program files/microchip/xc32/v4.60/bin/bin/../../lib/gcc/pic32c/8.3.1/../../../../pic32c/lib/thumb/v7e-m+fp/hard\libpic32c.a(pic32_data_init_clear.o)
 .debug_str     0x000000000001d0cf      0x1dd c:/program files/microchip/xc32/v4.60/bin/bin/../../lib/gcc/pic32c/8.3.1/../../../../pic32c/lib/thumb/v7e-m+fp/hard\libpic32c.a(pic32_data_init_copy.o)

.debug_frame    0x0000000000000000     0x1cf4
 .debug_frame   0x0000000000000000      0x3d8 build/default/production/_ext/20954303/drv_sdmmc.o
 .debug_frame   0x00000000000003d8      0x318 build/default/production/_ext/818654064/drv_usbfsv1_device.o
 .debug_frame   0x00000000000006f0      0x130 build/default/production/_ext/818654064/drv_usbfsv1.o
 .debug_frame   0x0000000000000820       0x20 build/default/production/_ext/1984496892/plib_clock.o
 .debug_frame   0x0000000000000840       0x20 build/default/production/_ext/1986646378/plib_evsys.o
 .debug_frame   0x0000000000000860       0x7c build/default/production/_ext/1865468468/plib_nvic.o
 .debug_frame   0x00000000000008dc      0x1d8 build/default/production/_ext/1593096446/plib_nvmctrl.o
 .debug_frame   0x0000000000000ab4       0xe4 build/default/production/_ext/1865521619/plib_port.o
 .debug_frame   0x0000000000000b98      0x194 build/default/production/_ext/1865600094/plib_sdhc0.o
 .debug_frame   0x0000000000000d2c       0x84 build/default/production/_ext/1881668453/sys_int.o
 .debug_frame   0x0000000000000db0      0x404 build/default/production/_ext/101884895/sys_time.o
 .debug_frame   0x00000000000011b4      0x534 build/default/production/_ext/308758920/usb_device.o
 .debug_frame   0x00000000000016e8      0x224 build/default/production/_ext/308758920/usb_device_msd.o
 .debug_frame   0x000000000000190c       0x70 build/default/production/_ext/1171490990/exceptions.o
 .debug_frame   0x000000000000197c       0x20 build/default/production/_ext/1171490990/interrupts.o
 .debug_frame   0x000000000000199c       0x38 build/default/production/_ext/1171490990/startup_xc32.o
 .debug_frame   0x00000000000019d4       0x28 build/default/production/_ext/1171490990/tasks.o
 .debug_frame   0x00000000000019fc       0x28 build/default/production/_ext/1171490990/initialization.o
 .debug_frame   0x0000000000001a24       0x50 build/default/production/_ext/1360937237/app.o
 .debug_frame   0x0000000000001a74       0x28 build/default/production/_ext/1360937237/main.o
 .debug_frame   0x0000000000001a9c       0xd8 build/default/production/_ext/829342655/plib_tc0.o
 .debug_frame   0x0000000000001b74       0x4c c:/program files/microchip/xc32/v4.60/bin/bin/../../lib/gcc/pic32c/8.3.1/../../../../pic32c/lib/thumb/v7e-m+fp/hard\libpic32c.a(data_init.o)
 .debug_frame   0x0000000000001bc0       0x2c c:/program files/microchip/xc32/v4.60/bin/bin/../../lib/gcc/pic32c/8.3.1/../../../../pic32c/lib/thumb/v7e-m+fp/hard\libc-size-musl.a(memcpy.o)
 .debug_frame   0x0000000000001bec       0x20 c:/program files/microchip/xc32/v4.60/bin/bin/../../lib/gcc/pic32c/8.3.1/../../../../pic32c/lib/thumb/v7e-m+fp/hard\libc-size-musl.a(memset.o)
 .debug_frame   0x0000000000001c0c       0x3c c:/program files/microchip/xc32/v4.60/bin/bin/../../lib/gcc/pic32c/8.3.1/../../../../pic32c/lib/thumb/v7e-m+fp/hard\libc-musl.a(__libc_start_main.o)
 .debug_frame   0x0000000000001c48       0x2c c:/program files/microchip/xc32/v4.60/bin/bin/../../lib/gcc/pic32c/8.3.1/thumb/v7e-m+fp/hard\libgcc.a(_aeabi_uldivmod.o)
 .debug_frame   0x0000000000001c74       0x38 c:/program files/microchip/xc32/v4.60/bin/bin/../../lib/gcc/pic32c/8.3.1/thumb/v7e-m+fp/hard\libgcc.a(_udivmoddi4.o)
 .debug_frame   0x0000000000001cac       0x20 c:/program files/microchip/xc32/v4.60/bin/bin/../../lib/gcc/pic32c/8.3.1/../../../../pic32c/lib/thumb/v7e-m+fp/hard\libpic32c.a(pic32_data_init_clear.o)
 .debug_frame   0x0000000000001ccc       0x28 c:/program files/microchip/xc32/v4.60/bin/bin/../../lib/gcc/pic32c/8.3.1/../../../../pic32c/lib/thumb/v7e-m+fp/hard\libpic32c.a(pic32_data_init_copy.o)

.note.GNU-stack
                0x0000000000000000        0x0
 .note.GNU-stack
                0x0000000000000000        0x0 c:/program files/microchip/xc32/v4.60/bin/bin/../../lib/gcc/pic32c/8.3.1/../../../../pic32c/lib/thumb/v7e-m+fp/hard\libc-size-musl.a(memcpy.o)
 .note.GNU-stack
                0x0000000000000000        0x0 c:/program files/microchip/xc32/v4.60/bin/bin/../../lib/gcc/pic32c/8.3.1/../../../../pic32c/lib/thumb/v7e-m+fp/hard\libc-size-musl.a(memset.o)
 .note.GNU-stack
                0x0000000000000000        0x0 c:/program files/microchip/xc32/v4.60/bin/bin/../../lib/gcc/pic32c/8.3.1/../../../../pic32c/lib/thumb/v7e-m+fp/hard\libc-musl.a(__libc_start_main.o)
 .note.GNU-stack
                0x0000000000000000        0x0 c:/program files/microchip/xc32/v4.60/bin/bin/../../lib/gcc/pic32c/8.3.1/../../../../pic32c/lib/thumb/v7e-m+fp/hard\libc-musl.a(libc.o)
 .note.GNU-stack
                0x0000000000000000        0x0 c:/program files/microchip/xc32/v4.60/bin/bin/../../lib/gcc/pic32c/8.3.1/../../../../pic32c/lib/thumb/v7e-m+fp/hard\libc-musl.a(__environ.o)

.stack          0x0000000020000ec0      0x100
 .stack         0x0000000020000ec0      0x100 stack

.bss.gDrvSDMMCObj%1
                0x0000000020000000      0x320
 .bss.gDrvSDMMCObj
                0x0000000020000000      0x320 build/default/production/_ext/20954303/drv_sdmmc.o

.bss.sectorBuffer%2
                0x0000000020000320      0x200
 .bss.sectorBuffer
                0x0000000020000320      0x200 build/default/production/_ext/1171490990/usb_device_init_data.o

.bss.gDrvUSBFSV1Obj%3
                0x0000000020000520      0x114
 .bss.gDrvUSBFSV1Obj
                0x0000000020000520      0x114 build/default/production/_ext/818654064/drv_usbfsv1.o

.bss.tupleData.9178%4
                0x0000000020000634       0xff
 .bss.tupleData.9178
                0x0000000020000634       0xff build/default/production/_ext/20954303/drv_sdmmc.o

.bss.usbDeviceInstance%5
                0x0000000020000734       0xf4
 .bss.usbDeviceInstance
                0x0000000020000734       0xf4 build/default/production/_ext/308758920/usb_device.o

.bss.timers%6   0x0000000020000828       0xa0
 .bss.timers    0x0000000020000828       0xa0 build/default/production/_ext/101884895/sys_time.o

.bss.gUSBDeviceMSDInstance%7
                0x00000000200008c8       0x8c
 .bss.gUSBDeviceMSDInstance
                0x00000000200008c8       0x8c build/default/production/_ext/308758920/usb_device_msd.o

.bss.drvSDMMC0BufferObjPool%8
                0x0000000020000954       0x60
 .bss.drvSDMMC0BufferObjPool
                0x0000000020000954       0x60 build/default/production/_ext/1171490990/initialization.o

.bss%9          0x00000000200009b4       0x50
 .bss           0x00000000200009b4       0x50 c:/program files/microchip/xc32/v4.60/bin/bin/../../lib/gcc/pic32c/8.3.1/../../../../pic32c/lib/thumb/v7e-m+fp/hard\libc-musl.a(libc.o)
                0x00000000200009b4                __progname_full
                0x00000000200009b4                program_invocation_name
                0x00000000200009b8                program_invocation_short_name
                0x00000000200009b8                __progname
                0x00000000200009bc                __sysinfo
                0x00000000200009c0                __hwcap
                0x00000000200009c4                __libc

.bss.gDrvEP0BufferBank0%10
                0x0000000020000a04       0x40
 .bss.gDrvEP0BufferBank0
                0x0000000020000a04       0x40 build/default/production/_ext/818654064/drv_usbfsv1_device.o

.bss.gDrvEP0BufferBank1%11
                0x0000000020000a44       0x40
 .bss.gDrvEP0BufferBank1
                0x0000000020000a44       0x40 build/default/production/_ext/818654064/drv_usbfsv1_device.o

.bss.gSystemCounterObj%12
                0x0000000020000a88       0x40
 .bss.gSystemCounterObj
                0x0000000020000a88       0x40 build/default/production/_ext/101884895/sys_time.o

.bss.msdCBW0%13
                0x0000000020000ad0       0x40
 .bss.msdCBW0   0x0000000020000ad0       0x40 build/default/production/_ext/1171490990/usb_device_init_data.o

.bss.gDrvUSBEndpointObjects%14
                0x0000000020000b10       0x20
 .bss.gDrvUSBEndpointObjects
                0x0000000020000b10       0x20 build/default/production/_ext/818654064/drv_usbfsv1_device.o

.bss%15         0x0000000020000b30       0x1c
 .bss           0x0000000020000b30       0x1c c:/program files/microchip/xc32/v4.60/bin/bin/../../lib/gcc/pic32c/8.3.1/thumb/v7e-m+fp/hard/crtbegin.o

.bss.gUSBDeviceMSDSenseData%16
                0x0000000020000b50       0x12
 .bss.gUSBDeviceMSDSenseData
                0x0000000020000b50       0x12 build/default/production/_ext/308758920/usb_device_msd.o

.bss.sdhc0DmaDescrTable%17
                0x0000000020000b70       0x10
 .bss.sdhc0DmaDescrTable
                0x0000000020000b70       0x10 build/default/production/_ext/1865600094/plib_sdhc0.o

.bss.drvSDMMC0ClientObjPool%18
                0x0000000020000b80       0x10
 .bss.drvSDMMC0ClientObjPool
                0x0000000020000b80       0x10 build/default/production/_ext/1171490990/initialization.o

.bss.sysObj%19  0x0000000020000b90       0x10
 .bss.sysObj    0x0000000020000b90       0x10 build/default/production/_ext/1171490990/initialization.o
                0x0000000020000b90                sysObj

.bss.msdCSW0%20
                0x0000000020000ba0        0xd
 .bss.msdCSW0   0x0000000020000ba0        0xd build/default/production/_ext/1171490990/usb_device_init_data.o

.bss.sdhc0Obj%21
                0x0000000020000b64        0xc
 .bss.sdhc0Obj  0x0000000020000b64        0xc build/default/production/_ext/1865600094/plib_sdhc0.o

.bss.appData%22
                0x0000000020000bb0        0xc
 .bss.appData   0x0000000020000bb0        0xc build/default/production/_ext/1360937237/app.o
                0x0000000020000bb0                appData

.bss.TC0_CallbackObject%23
                0x0000000020000ac8        0x8
 .bss.TC0_CallbackObject
                0x0000000020000ac8        0x8 build/default/production/_ext/829342655/plib_tc0.o

.bss.addr.9158%24
                0x0000000020000a84        0x4
 .bss.addr.9158
                0x0000000020000a84        0x4 build/default/production/_ext/20954303/drv_sdmmc.o

.bss.cisp.9176%25
                0x0000000020000b4c        0x4
 .bss.cisp.9176
                0x0000000020000b4c        0x4 build/default/production/_ext/20954303/drv_sdmmc.o

.bss.sdioAddr.9146%26
                0x0000000020000bbc        0x4
 .bss.sdioAddr.9146
                0x0000000020000bbc        0x4 build/default/production/_ext/20954303/drv_sdmmc.o

.bss.sdioAddr.9186%27
                0x0000000020000bc0        0x4
 .bss.sdioAddr.9186
                0x0000000020000bc0        0x4 build/default/production/_ext/20954303/drv_sdmmc.o

.bss%28         0x0000000020000bc4        0x4
 .bss           0x0000000020000bc4        0x4 c:/program files/microchip/xc32/v4.60/bin/bin/../../lib/gcc/pic32c/8.3.1/../../../../pic32c/lib/thumb/v7e-m+fp/hard\libpic32c.a(data_init.o)

.bss%29         0x0000000020000bc8        0x4
 .bss           0x0000000020000bc8        0x4 c:/program files/microchip/xc32/v4.60/bin/bin/../../lib/gcc/pic32c/8.3.1/../../../../pic32c/lib/thumb/v7e-m+fp/hard\libc-musl.a(__environ.o)
                0x0000000020000bc8                __environ
                0x0000000020000bc8                environ
                0x0000000020000bc8                ___environ
                0x0000000020000bc8                _environ

.bss.isCispRead.9177%30
                0x0000000020000733        0x1
 .bss.isCispRead.9177
                0x0000000020000733        0x1 build/default/production/_ext/20954303/drv_sdmmc.o

.bss.isCmd55Sent.9283%31
                0x0000000020000b62        0x1
 .bss.isCmd55Sent.9283
                0x0000000020000b62        0x1 build/default/production/_ext/20954303/drv_sdmmc.o

.bss.nBytesRead.9147%32
                0x0000000020000b63        0x1
 .bss.nBytesRead.9147
                0x0000000020000b63        0x1 build/default/production/_ext/20954303/drv_sdmmc.o

.bss.nBytesWritten.9187%33
                0x0000000020000bad        0x1
 .bss.nBytesWritten.9187
                0x0000000020000bad        0x1 build/default/production/_ext/20954303/drv_sdmmc.o

.bss.nTupleData.9159%34
                0x0000000020000bae        0x1
 .bss.nTupleData.9159
                0x0000000020000bae        0x1 build/default/production/_ext/20954303/drv_sdmmc.o

.bss.nTupleDataRead.9162%35
                0x0000000020000baf        0x1
 .bss.nTupleDataRead.9162
                0x0000000020000baf        0x1 build/default/production/_ext/20954303/drv_sdmmc.o

.bss.state.9198%36
                0x0000000020000bcc        0x1
 .bss.state.9198
                0x0000000020000bcc        0x1 build/default/production/_ext/20954303/drv_sdmmc.o

.bss.state.9234%37
                0x0000000020000bcd        0x1
 .bss.state.9234
                0x0000000020000bcd        0x1 build/default/production/_ext/20954303/drv_sdmmc.o

.bss.state.9257%38
                0x0000000020000bce        0x1
 .bss.state.9257
                0x0000000020000bce        0x1 build/default/production/_ext/20954303/drv_sdmmc.o

.bss.state.9267%39
                0x0000000020000bcf        0x1
 .bss.state.9267
                0x0000000020000bcf        0x1 build/default/production/_ext/20954303/drv_sdmmc.o

.bss.state.9288%40
                0x0000000020000bd0        0x1
 .bss.state.9288
                0x0000000020000bd0        0x1 build/default/production/_ext/20954303/drv_sdmmc.o

.bss.tupleCode.9160%41
                0x0000000020000bd1        0x1
 .bss.tupleCode.9160
                0x0000000020000bd1        0x1 build/default/production/_ext/20954303/drv_sdmmc.o

.bss.tupleDataBytesRead.9179%42
                0x0000000020000bd2        0x1
 .bss.tupleDataBytesRead.9179
                0x0000000020000bd2        0x1 build/default/production/_ext/20954303/drv_sdmmc.o

.bss.type.9161%43
                0x0000000020000bd3        0x1
 .bss.type.9161
                0x0000000020000bd3        0x1 build/default/production/_ext/20954303/drv_sdmmc.o

.data.msdMediaInit0%44
                0x0000000020000be0       0x5c
 .data.msdMediaInit0
                0x0000000020000be0       0x5c build/default/production/_ext/1171490990/usb_device_init_data.o

.data.gDrvUSBFSV1DeviceInterface%45
                0x0000000020000c3c       0x50
 .data.gDrvUSBFSV1DeviceInterface
                0x0000000020000c3c       0x50 build/default/production/_ext/818654064/drv_usbfsv1_device.o
                0x0000000020000c3c                gDrvUSBFSV1DeviceInterface

.data.msdFunctionDriver%46
                0x0000000020000c8c       0x14
 .data.msdFunctionDriver
                0x0000000020000c8c       0x14 build/default/production/_ext/308758920/usb_device_msd.o
                0x0000000020000c8c                msdFunctionDriver

.data.gSysTimeTokenCount%47
                0x0000000020000bd4        0x2
 .data.gSysTimeTokenCount
                0x0000000020000bd4        0x2 build/default/production/_ext/101884895/sys_time.o

.data.cardAttached.9530%48
                0x0000000020000bd6        0x1
 .data.cardAttached.9530
                0x0000000020000bd6        0x1 build/default/production/_ext/20954303/drv_sdmmc.o

.data.cmdInit.9216%49
                0x0000000020000bd7        0x1
 .data.cmdInit.9216
                0x0000000020000bd7        0x1 build/default/production/_ext/20954303/drv_sdmmc.o

.data.state.9306%50
                0x0000000020000bd8        0x1
 .data.state.9306
                0x0000000020000bd8        0x1 build/default/production/_ext/20954303/drv_sdmmc.o

.eh_frame%z1    0x0000000000000000        0x0
 .eh_frame      0x0000000000000000        0x0 c:/program files/microchip/xc32/v4.60/bin/bin/../../lib/gcc/pic32c/8.3.1/thumb/v7e-m+fp/hard/crtbegin.o

.config_00804000.__config_00804000%51
                0x0000000000804000        0x4
 .config_00804000.__config_00804000
                0x0000000000804000        0x4 build/default/production/_ext/1171490990/initialization.o
                0x0000000000804000                __config_00804000

.config_00804004.__config_00804004%52
                0x0000000000804004        0x4
 .config_00804004.__config_00804004
                0x0000000000804004        0x4 build/default/production/_ext/1171490990/initialization.o
                0x0000000000804004                __config_00804004

.config_00804008.__config_00804008%53
                0x0000000000804008        0x4
 .config_00804008.__config_00804008
                0x0000000000804008        0x4 build/default/production/_ext/1171490990/initialization.o
                0x0000000000804008                __config_00804008

.text.DRV_SDMMC_Tasks%54
                0x0000000000000288     0x29b8
 .text.DRV_SDMMC_Tasks
                0x0000000000000288     0x29b8 build/default/production/_ext/20954303/drv_sdmmc.o
                0x0000000000000288                DRV_SDMMC_Tasks

.text.F_DRV_USBFSV1_DEVICE_Tasks_ISR%55
                0x0000000000002c40      0x570
 .text.F_DRV_USBFSV1_DEVICE_Tasks_ISR
                0x0000000000002c40      0x570 build/default/production/_ext/818654064/drv_usbfsv1_device.o
                0x0000000000002c40                F_DRV_USBFSV1_DEVICE_Tasks_ISR

.text.DRV_USBFSV1_DEVICE_IRPSubmit%56
                0x00000000000031b0      0x40c
 .text.DRV_USBFSV1_DEVICE_IRPSubmit
                0x00000000000031b0      0x40c build/default/production/_ext/818654064/drv_usbfsv1_device.o
                0x00000000000031b0                DRV_USBFSV1_DEVICE_IRPSubmit

.text.F_USB_DEVICE_MSD_ProcessNonRWCommand%57
                0x00000000000035bc      0x400
 .text.F_USB_DEVICE_MSD_ProcessNonRWCommand
                0x00000000000035bc      0x400 build/default/production/_ext/308758920/usb_device_msd.o
                0x00000000000035bc                F_USB_DEVICE_MSD_ProcessNonRWCommand

.text.F_USB_DEVICE_MSD_ProcessWrite%58
                0x00000000000039bc      0x38c
 .text.F_USB_DEVICE_MSD_ProcessWrite
                0x00000000000039bc      0x38c build/default/production/_ext/308758920/usb_device_msd.o
                0x00000000000039bc                F_USB_DEVICE_MSD_ProcessWrite

.text.F_USB_DEVICE_MSD_Tasks%59
                0x0000000000003d48      0x300
 .text.F_USB_DEVICE_MSD_Tasks
                0x0000000000003d48      0x300 build/default/production/_ext/308758920/usb_device_msd.o
                0x0000000000003d48                F_USB_DEVICE_MSD_Tasks

.text%60        0x0000000000004048      0x2bc
 .text          0x0000000000004048      0x2bc c:/program files/microchip/xc32/v4.60/bin/bin/../../lib/gcc/pic32c/8.3.1/thumb/v7e-m+fp/hard\libgcc.a(_udivmoddi4.o)
                0x0000000000004048                __udivmoddi4

.dinit%61       0x0000000000004304      0x280
 .dinit         0x0000000000004304      0x280 data_init

.text.DRV_USBFSV1_DEVICE_EndpointDisable%62
                0x0000000000004584      0x1d0
 .text.DRV_USBFSV1_DEVICE_EndpointDisable
                0x0000000000004584      0x1d0 build/default/production/_ext/818654064/drv_usbfsv1_device.o
                0x0000000000004584                DRV_USBFSV1_DEVICE_EndpointDisable

.text.DRV_SDMMC_SetupXfer%63
                0x0000000000004754      0x1c8
 .text.DRV_SDMMC_SetupXfer
                0x0000000000004754      0x1c8 build/default/production/_ext/20954303/drv_sdmmc.o

.text.DRV_USBFSV1_DEVICE_EndpointStallClear%64
                0x000000000000491c      0x1a4
 .text.DRV_USBFSV1_DEVICE_EndpointStallClear
                0x000000000000491c      0x1a4 build/default/production/_ext/818654064/drv_usbfsv1_device.o
                0x000000000000491c                DRV_USBFSV1_DEVICE_EndpointStallClear

.text.DRV_USBFSV1_DEVICE_EndpointStall%65
                0x0000000000004ac0      0x17c
 .text.DRV_USBFSV1_DEVICE_EndpointStall
                0x0000000000004ac0      0x17c build/default/production/_ext/818654064/drv_usbfsv1_device.o
                0x0000000000004ac0                DRV_USBFSV1_DEVICE_EndpointStall

.text.F_USB_DEVICE_MSD_VerifyCommand%66
                0x0000000000004c3c      0x17c
 .text.F_USB_DEVICE_MSD_VerifyCommand
                0x0000000000004c3c      0x17c build/default/production/_ext/308758920/usb_device_msd.o
                0x0000000000004c3c                F_USB_DEVICE_MSD_VerifyCommand

.text.F_USB_DEVICE_MSD_ProcessRead%67
                0x0000000000004db8      0x178
 .text.F_USB_DEVICE_MSD_ProcessRead
                0x0000000000004db8      0x178 build/default/production/_ext/308758920/usb_device_msd.o
                0x0000000000004db8                F_USB_DEVICE_MSD_ProcessRead

.text.DRV_USBFSV1_DEVICE_EndpointEnable%68
                0x0000000000004f30      0x174
 .text.DRV_USBFSV1_DEVICE_EndpointEnable
                0x0000000000004f30      0x174 build/default/production/_ext/818654064/drv_usbfsv1_device.o
                0x0000000000004f30                DRV_USBFSV1_DEVICE_EndpointEnable

.text.lDRV_SDMMC_CommandSend%69
                0x00000000000050a4      0x12c
 .text.lDRV_SDMMC_CommandSend
                0x00000000000050a4      0x12c build/default/production/_ext/20954303/drv_sdmmc.o

.text.DRV_USBFSV1_DEVICE_IRPCancelAll%70
                0x00000000000051d0      0x12c
 .text.DRV_USBFSV1_DEVICE_IRPCancelAll
                0x00000000000051d0      0x12c build/default/production/_ext/818654064/drv_usbfsv1_device.o
                0x00000000000051d0                DRV_USBFSV1_DEVICE_IRPCancelAll

.text.DRV_USBFSV1_Initialize%71
                0x00000000000052fc      0x12c
 .text.DRV_USBFSV1_Initialize
                0x00000000000052fc      0x12c build/default/production/_ext/818654064/drv_usbfsv1.o
                0x00000000000052fc                DRV_USBFSV1_Initialize

.text.DRV_USBFSV1_DEVICE_IRPCancel%72
                0x0000000000005428      0x128
 .text.DRV_USBFSV1_DEVICE_IRPCancel
                0x0000000000005428      0x128 build/default/production/_ext/818654064/drv_usbfsv1_device.o
                0x0000000000005428                DRV_USBFSV1_DEVICE_IRPCancel

.text.F_USB_DEVICE_ProcessStandardDeviceSetRequests%73
                0x0000000000005550      0x124
 .text.F_USB_DEVICE_ProcessStandardDeviceSetRequests
                0x0000000000005550      0x124 build/default/production/_ext/308758920/usb_device.o
                0x0000000000005550                F_USB_DEVICE_ProcessStandardDeviceSetRequests

.text.CLOCK_Initialize%74
                0x0000000000005674      0x118
 .text.CLOCK_Initialize
                0x0000000000005674      0x118 build/default/production/_ext/1984496892/plib_clock.o
                0x0000000000005674                CLOCK_Initialize

.text.F_USB_DEVICE_EventHandler%75
                0x000000000000578c      0x118
 .text.F_USB_DEVICE_EventHandler
                0x000000000000578c      0x118 build/default/production/_ext/308758920/usb_device.o
                0x000000000000578c                F_USB_DEVICE_EventHandler

.text.F_USB_DEVICE_MSD_CheckAndUpdateMediaState%76
                0x00000000000058a4      0x114
 .text.F_USB_DEVICE_MSD_CheckAndUpdateMediaState
                0x00000000000058a4      0x114 build/default/production/_ext/308758920/usb_device_msd.o
                0x00000000000058a4                F_USB_DEVICE_MSD_CheckAndUpdateMediaState

.text.DRV_USBFSV1_DEVICE_Detach%77
                0x00000000000059b8      0x10c
 .text.DRV_USBFSV1_DEVICE_Detach
                0x00000000000059b8      0x10c build/default/production/_ext/818654064/drv_usbfsv1_device.o
                0x00000000000059b8                DRV_USBFSV1_DEVICE_Detach

.text.SDHC0_CommandSend%78
                0x0000000000005ac4      0x10c
 .text.SDHC0_CommandSend
                0x0000000000005ac4      0x10c build/default/production/_ext/1865600094/plib_sdhc0.o
                0x0000000000005ac4                SDHC0_CommandSend

.text.F_USB_DEVICE_MSD_ControlTransferHandler%79
                0x0000000000005bd0      0x108
 .text.F_USB_DEVICE_MSD_ControlTransferHandler
                0x0000000000005bd0      0x108 build/default/production/_ext/308758920/usb_device_msd.o
                0x0000000000005bd0                F_USB_DEVICE_MSD_ControlTransferHandler

.text.DRV_SDMMC_Open%80
                0x0000000000005cd8      0x100
 .text.DRV_SDMMC_Open
                0x0000000000005cd8      0x100 build/default/production/_ext/20954303/drv_sdmmc.o
                0x0000000000005cd8                DRV_SDMMC_Open

.text.SDHC0_ClockSet%81
                0x0000000000005dd8       0xf4
 .text.SDHC0_ClockSet
                0x0000000000005dd8       0xf4 build/default/production/_ext/1865600094/plib_sdhc0.o
                0x0000000000005dd8                SDHC0_ClockSet

.text.DRV_USBFSV1_Tasks_ISR%82
                0x0000000000005ecc       0xf0
 .text.DRV_USBFSV1_Tasks_ISR
                0x0000000000005ecc       0xf0 build/default/production/_ext/818654064/drv_usbfsv1.o
                0x0000000000005ecc                DRV_USBFSV1_Tasks_ISR

.text.F_USB_DEVICE_ControlTransferHandler%83
                0x0000000000005fbc       0xf0
 .text.F_USB_DEVICE_ControlTransferHandler
                0x0000000000005fbc       0xf0 build/default/production/_ext/308758920/usb_device.o
                0x0000000000005fbc                F_USB_DEVICE_ControlTransferHandler

.text.F_USB_DEVICE_Ep0ReceiveCompleteCallback%84
                0x00000000000060ac       0xe8
 .text.F_USB_DEVICE_Ep0ReceiveCompleteCallback
                0x00000000000060ac       0xe8 build/default/production/_ext/308758920/usb_device.o
                0x00000000000060ac                F_USB_DEVICE_Ep0ReceiveCompleteCallback

.text.DRV_SDMMC_Initialize%85
                0x0000000000006194       0xdc
 .text.DRV_SDMMC_Initialize
                0x0000000000006194       0xdc build/default/production/_ext/20954303/drv_sdmmc.o
                0x0000000000006194                DRV_SDMMC_Initialize

.text.F_USB_DEVICE_ProcessStandardDeviceGetRequests%86
                0x0000000000006270       0xda
 .text.F_USB_DEVICE_ProcessStandardDeviceGetRequests
                0x0000000000006270       0xda build/default/production/_ext/308758920/usb_device.o
                0x0000000000006270                F_USB_DEVICE_ProcessStandardDeviceGetRequests

.text.lDRV_SDMMC_CheckSwitchHS_CMD6%87
                0x000000000000634c       0xd8
 .text.lDRV_SDMMC_CheckSwitchHS_CMD6
                0x000000000000634c       0xd8 build/default/production/_ext/20954303/drv_sdmmc.o

.text.SDHC0_InterruptHandler%88
                0x0000000000006424       0xd4
 .text.SDHC0_InterruptHandler
                0x0000000000006424       0xd4 build/default/production/_ext/1865600094/plib_sdhc0.o
                0x0000000000006424                SDHC0_InterruptHandler

.text.USB_DEVICE_Initialize%89
                0x00000000000064f8       0xd0
 .text.USB_DEVICE_Initialize
                0x00000000000064f8       0xd0 build/default/production/_ext/308758920/usb_device.o
                0x00000000000064f8                USB_DEVICE_Initialize

.text.DRV_USBFSV1_Tasks%90
                0x00000000000065c8       0xc4
 .text.DRV_USBFSV1_Tasks
                0x00000000000065c8       0xc4 build/default/production/_ext/818654064/drv_usbfsv1.o
                0x00000000000065c8                DRV_USBFSV1_Tasks

.text.SYS_TIME_HwTimerCompareUpdate%91
                0x000000000000668c       0xb4
 .text.SYS_TIME_HwTimerCompareUpdate
                0x000000000000668c       0xb4 build/default/production/_ext/101884895/sys_time.o

.text.SYS_TIME_TimerObjectCreate%92
                0x0000000000006740       0xb0
 .text.SYS_TIME_TimerObjectCreate
                0x0000000000006740       0xb0 build/default/production/_ext/101884895/sys_time.o

.text.F_USB_DEVICE_MSD_PostDataStageRoutine%93
                0x00000000000067f0       0xb0
 .text.F_USB_DEVICE_MSD_PostDataStageRoutine
                0x00000000000067f0       0xb0 build/default/production/_ext/308758920/usb_device_msd.o
                0x00000000000067f0                F_USB_DEVICE_MSD_PostDataStageRoutine

.text.DRV_SDMMC_Close%94
                0x00000000000068a0       0x9c
 .text.DRV_SDMMC_Close
                0x00000000000068a0       0x9c build/default/production/_ext/20954303/drv_sdmmc.o
                0x00000000000068a0                DRV_SDMMC_Close

.text.PORT_Initialize%95
                0x000000000000693c       0x98
 .text.PORT_Initialize
                0x000000000000693c       0x98 build/default/production/_ext/1865521619/plib_port.o
                0x000000000000693c                PORT_Initialize

.text.SYS_TIME_AddToList%96
                0x00000000000069d4       0x90
 .text.SYS_TIME_AddToList
                0x00000000000069d4       0x90 build/default/production/_ext/101884895/sys_time.o

.text.USB_DEVICE_Tasks%97
                0x0000000000006a64       0x90
 .text.USB_DEVICE_Tasks
                0x0000000000006a64       0x90 build/default/production/_ext/308758920/usb_device.o
                0x0000000000006a64                USB_DEVICE_Tasks

.text.Reset_Handler%98
                0x0000000000006af4       0x88
 .text.Reset_Handler
                0x0000000000006af4       0x88 build/default/production/_ext/1171490990/startup_xc32.o
                0x0000000000006af4                Reset_Handler

.text.NVIC_Initialize%99
                0x0000000000006b7c       0x84
 .text.NVIC_Initialize
                0x0000000000006b7c       0x84 build/default/production/_ext/1865468468/plib_nvic.o
                0x0000000000006b7c                NVIC_Initialize

.text.APP_USBDeviceEventHandler%100
                0x0000000000006c00       0x84
 .text.APP_USBDeviceEventHandler
                0x0000000000006c00       0x84 build/default/production/_ext/1360937237/app.o
                0x0000000000006c00                APP_USBDeviceEventHandler

.text.F_USB_DEVICE_GetStringDescriptorRequestProcess%101
                0x0000000000006c84       0x7a
 .text.F_USB_DEVICE_GetStringDescriptorRequestProcess
                0x0000000000006c84       0x7a build/default/production/_ext/308758920/usb_device.o
                0x0000000000006c84                F_USB_DEVICE_GetStringDescriptorRequestProcess

.text.lDRV_SDMMC_SDIO_IO_WriteDirect%102
                0x0000000000006cfe       0x78
 .text.lDRV_SDMMC_SDIO_IO_WriteDirect
                0x0000000000006cfe       0x78 build/default/production/_ext/20954303/drv_sdmmc.o

.text.F_USB_DEVICE_ProcessStandardEndpointRequest%103
                0x0000000000006d76       0x78
 .text.F_USB_DEVICE_ProcessStandardEndpointRequest
                0x0000000000006d76       0x78 build/default/production/_ext/308758920/usb_device.o
                0x0000000000006d76                F_USB_DEVICE_ProcessStandardEndpointRequest

.text.lDRV_SDMMC_InitCardContext%104
                0x0000000000006dee       0x6e
 .text.lDRV_SDMMC_InitCardContext
                0x0000000000006dee       0x6e build/default/production/_ext/20954303/drv_sdmmc.o

.text.F_USB_DEVICE_ConfigureDevice%105
                0x0000000000006e5c       0x6e
 .text.F_USB_DEVICE_ConfigureDevice
                0x0000000000006e5c       0x6e build/default/production/_ext/308758920/usb_device.o
                0x0000000000006e5c                F_USB_DEVICE_ConfigureDevice

.text.SDHC0_ModuleInit%106
                0x0000000000006ecc       0x6c
 .text.SDHC0_ModuleInit
                0x0000000000006ecc       0x6c build/default/production/_ext/1865600094/plib_sdhc0.o
                0x0000000000006ecc                SDHC0_ModuleInit

.text.lDRV_SDMMC_SDIO_IO_ReadDirect%107
                0x0000000000006f38       0x66
 .text.lDRV_SDMMC_SDIO_IO_ReadDirect
                0x0000000000006f38       0x66 build/default/production/_ext/20954303/drv_sdmmc.o

.text.F_USB_DEVICE_Ep0TransmitCompleteCallback%108
                0x0000000000006f9e       0x66
 .text.F_USB_DEVICE_Ep0TransmitCompleteCallback
                0x0000000000006f9e       0x66 build/default/production/_ext/308758920/usb_device.o
                0x0000000000006f9e                F_USB_DEVICE_Ep0TransmitCompleteCallback

.text.lDRV_SDMMC_DriverHandleValidate%109
                0x0000000000007004       0x64
 .text.lDRV_SDMMC_DriverHandleValidate
                0x0000000000007004       0x64 build/default/production/_ext/20954303/drv_sdmmc.o

.text.lDRV_SDMMC_PlibCallbackHandler%110
                0x0000000000007068       0x60
 .text.lDRV_SDMMC_PlibCallbackHandler
                0x0000000000007068       0x60 build/default/production/_ext/20954303/drv_sdmmc.o

.text.SYS_TIME_RemoveFromList%111
                0x00000000000070c8       0x5c
 .text.SYS_TIME_RemoveFromList
                0x00000000000070c8       0x5c build/default/production/_ext/101884895/sys_time.o

.text.__libc_start_init%112
                0x0000000000007124       0x5c
 .text.__libc_start_init
                0x0000000000007124       0x5c c:/program files/microchip/xc32/v4.60/bin/bin/../../lib/gcc/pic32c/8.3.1/../../../../pic32c/lib/thumb/v7e-m+fp/hard\libc-musl.a(__libc_start_main.o)
                0x0000000000007124                __libc_init_array

.text.SYS_TIME_TimerAdd%113
                0x0000000000007180       0x58
 .text.SYS_TIME_TimerAdd
                0x0000000000007180       0x58 build/default/production/_ext/101884895/sys_time.o

.text.SYS_TIME_TimerStart%114
                0x00000000000071d8       0x58
 .text.SYS_TIME_TimerStart
                0x00000000000071d8       0x58 build/default/production/_ext/101884895/sys_time.o
                0x00000000000071d8                SYS_TIME_TimerStart

.text.F_USB_DEVICE_MSD_InitializeEndpoint%115
                0x0000000000007230       0x58
 .text.F_USB_DEVICE_MSD_InitializeEndpoint
                0x0000000000007230       0x58 build/default/production/_ext/308758920/usb_device_msd.o
                0x0000000000007230                F_USB_DEVICE_MSD_InitializeEndpoint

.text.SYS_TIME_CallbackRegisterMS%116
                0x0000000000007288       0x54
 .text.SYS_TIME_CallbackRegisterMS
                0x0000000000007288       0x54 build/default/production/_ext/101884895/sys_time.o
                0x0000000000007288                SYS_TIME_CallbackRegisterMS

.text.F_USB_DEVICE_MSD_InitializeInterface%117
                0x00000000000072dc       0x54
 .text.F_USB_DEVICE_MSD_InitializeInterface
                0x00000000000072dc       0x54 build/default/production/_ext/308758920/usb_device_msd.o
                0x00000000000072dc                F_USB_DEVICE_MSD_InitializeInterface

.text.SYS_Initialize%118
                0x0000000000007330       0x54
 .text.SYS_Initialize
                0x0000000000007330       0x54 build/default/production/_ext/1171490990/initialization.o
                0x0000000000007330                SYS_Initialize

.text.SYS_TIME_DelayMS%119
                0x0000000000007384       0x50
 .text.SYS_TIME_DelayMS
                0x0000000000007384       0x50 build/default/production/_ext/101884895/sys_time.o
                0x0000000000007384                SYS_TIME_DelayMS

.text.F_USB_DEVICE_DeInitializeAllFunctionDrivers%120
                0x00000000000073d4       0x50
 .text.F_USB_DEVICE_DeInitializeAllFunctionDrivers
                0x00000000000073d4       0x50 build/default/production/_ext/308758920/usb_device.o
                0x00000000000073d4                F_USB_DEVICE_DeInitializeAllFunctionDrivers

.text.SDHC0_ResponseRead%121
                0x0000000000007424       0x4c
 .text.SDHC0_ResponseRead
                0x0000000000007424       0x4c build/default/production/_ext/1865600094/plib_sdhc0.o
                0x0000000000007424                SDHC0_ResponseRead

.text.F_USB_DEVICE_ForwardControlXfrToFunction%122
                0x0000000000007470       0x4c
 .text.F_USB_DEVICE_ForwardControlXfrToFunction
                0x0000000000007470       0x4c build/default/production/_ext/308758920/usb_device.o
                0x0000000000007470                F_USB_DEVICE_ForwardControlXfrToFunction

.text.F_USB_DEVICE_GetFunctionDriverEntryByInterface%123
                0x00000000000074bc       0x4a
 .text.F_USB_DEVICE_GetFunctionDriverEntryByInterface
                0x00000000000074bc       0x4a build/default/production/_ext/308758920/usb_device.o
                0x00000000000074bc                F_USB_DEVICE_GetFunctionDriverEntryByInterface

.rodata.drvSDMMC0PlibAPI%124
                0x0000000000007508       0x48
 .rodata.drvSDMMC0PlibAPI
                0x0000000000007508       0x48 build/default/production/_ext/1171490990/initialization.o

.text.SYS_INT_SourceDisable%125
                0x0000000000007550       0x44
 .text.SYS_INT_SourceDisable
                0x0000000000007550       0x44 build/default/production/_ext/1881668453/sys_int.o
                0x0000000000007550                SYS_INT_SourceDisable

.text.USB_DEVICE_ControlStatus%126
                0x0000000000007594       0x44
 .text.USB_DEVICE_ControlStatus
                0x0000000000007594       0x44 build/default/production/_ext/308758920/usb_device.o
                0x0000000000007594                USB_DEVICE_ControlStatus

.text.USB_DEVICE_ControlSend%127
                0x00000000000075d8       0x42
 .text.USB_DEVICE_ControlSend
                0x00000000000075d8       0x42 build/default/production/_ext/308758920/usb_device.o
                0x00000000000075d8                USB_DEVICE_ControlSend

.text%128       0x000000000000761c       0x40
 .text          0x000000000000761c       0x40 c:/program files/microchip/xc32/v4.60/bin/bin/../../lib/gcc/pic32c/8.3.1/thumb/v7e-m+fp/hard/crtbegin.o

.rodata.TRAN_SPEED_MULT_TABLE.9100%129
                0x000000000000765c       0x40
 .rodata.TRAN_SPEED_MULT_TABLE.9100
                0x000000000000765c       0x40 build/default/production/_ext/20954303/drv_sdmmc.o

.text.F_USB_DEVICE_MSD_Deinitialization%130
                0x000000000000769c       0x40
 .text.F_USB_DEVICE_MSD_Deinitialization
                0x000000000000769c       0x40 build/default/production/_ext/308758920/usb_device_msd.o
                0x000000000000769c                F_USB_DEVICE_MSD_Deinitialization

.text.F_USB_DEVICE_MSD_ResetSenseData%131
                0x00000000000076dc       0x40
 .text.F_USB_DEVICE_MSD_ResetSenseData
                0x00000000000076dc       0x40 build/default/production/_ext/308758920/usb_device_msd.o
                0x00000000000076dc                F_USB_DEVICE_MSD_ResetSenseData

.text.TC0_TimerInitialize%132
                0x000000000000771c       0x40
 .text.TC0_TimerInitialize
                0x000000000000771c       0x40 build/default/production/_ext/829342655/plib_tc0.o
                0x000000000000771c                TC0_TimerInitialize

.text.DRV_SDMMC_EventHandlerSet%133
                0x000000000000775c       0x3c
 .text.DRV_SDMMC_EventHandlerSet
                0x000000000000775c       0x3c build/default/production/_ext/20954303/drv_sdmmc.o
                0x000000000000775c                DRV_SDMMC_EventHandlerSet

.text.SYS_TIME_GetTimerObject%134
                0x0000000000007798       0x3c
 .text.SYS_TIME_GetTimerObject
                0x0000000000007798       0x3c build/default/production/_ext/101884895/sys_time.o

.text.SYS_TIME_TimerDestroy%135
                0x00000000000077d4       0x3c
 .text.SYS_TIME_TimerDestroy
                0x00000000000077d4       0x3c build/default/production/_ext/101884895/sys_time.o
                0x00000000000077d4                SYS_TIME_TimerDestroy

.text.F_USB_DEVICE_FindEndpoint%136
                0x0000000000007810       0x3c
 .text.F_USB_DEVICE_FindEndpoint
                0x0000000000007810       0x3c build/default/production/_ext/308758920/usb_device.o
                0x0000000000007810                F_USB_DEVICE_FindEndpoint

.text.main%137  0x000000000000784c       0x3c
 .text.main     0x000000000000784c       0x3c build/default/production/_ext/1360937237/main.o
                0x000000000000784c                main

.text.lDRV_SDMMC_SendAppCmd_CMD55%138
                0x0000000000007888       0x3a
 .text.lDRV_SDMMC_SendAppCmd_CMD55
                0x0000000000007888       0x3a build/default/production/_ext/20954303/drv_sdmmc.o

.text.DRV_SDMMC_IsWriteProtected%139
                0x00000000000078c4       0x38
 .text.DRV_SDMMC_IsWriteProtected
                0x00000000000078c4       0x38 build/default/production/_ext/20954303/drv_sdmmc.o
                0x00000000000078c4                DRV_SDMMC_IsWriteProtected

.text.SYS_TIME_ResourceLock%140
                0x00000000000078fc       0x38
 .text.SYS_TIME_ResourceLock
                0x00000000000078fc       0x38 build/default/production/_ext/101884895/sys_time.o

.text.USB_DEVICE_Open%141
                0x0000000000007934       0x38
 .text.USB_DEVICE_Open
                0x0000000000007934       0x38 build/default/production/_ext/308758920/usb_device.o
                0x0000000000007934                USB_DEVICE_Open

.text.APP_Tasks%142
                0x000000000000796c       0x38
 .text.APP_Tasks
                0x000000000000796c       0x38 build/default/production/_ext/1360937237/app.o
                0x000000000000796c                APP_Tasks

.text.__pic32c_data_initialization%143
                0x00000000000079a4       0x38
 .text.__pic32c_data_initialization
                0x00000000000079a4       0x38 c:/program files/microchip/xc32/v4.60/bin/bin/../../lib/gcc/pic32c/8.3.1/../../../../pic32c/lib/thumb/v7e-m+fp/hard\libpic32c.a(data_init.o)
                0x00000000000079a4                __pic32c_data_initialization

.rodata.sd001%144
                0x00000000000079dc       0x34
 .rodata.sd001  0x00000000000079dc       0x34 build/default/production/_ext/1171490990/usb_device_init_data.o

.text.DRV_USBFSV1_DEVICE_EndpointIsEnabled%145
                0x0000000000007a10       0x30
 .text.DRV_USBFSV1_DEVICE_EndpointIsEnabled
                0x0000000000007a10       0x30 build/default/production/_ext/818654064/drv_usbfsv1_device.o
                0x0000000000007a10                DRV_USBFSV1_DEVICE_EndpointIsEnabled

.text.SYS_TIME_UpdateTimerList%146
                0x0000000000007a40       0x30
 .text.SYS_TIME_UpdateTimerList
                0x0000000000007a40       0x30 build/default/production/_ext/101884895/sys_time.o

.rodata.sd002%147
                0x0000000000007a70       0x30
 .rodata.sd002  0x0000000000007a70       0x30 build/default/production/_ext/1171490990/usb_device_init_data.o

.text%148       0x0000000000007aa0       0x30
 .text          0x0000000000007aa0       0x30 c:/program files/microchip/xc32/v4.60/bin/bin/../../lib/gcc/pic32c/8.3.1/thumb/v7e-m+fp/hard\libgcc.a(_aeabi_uldivmod.o)
                0x0000000000007aa0                __aeabi_uldivmod

.text.F_USB_DEVICE_RedirectControlXfrToClient%149
                0x0000000000007ad0       0x2e
 .text.F_USB_DEVICE_RedirectControlXfrToClient
                0x0000000000007ad0       0x2e build/default/production/_ext/308758920/usb_device.o
                0x0000000000007ad0                F_USB_DEVICE_RedirectControlXfrToClient

.text.DRV_SDMMC_IsAttached%150
                0x0000000000007b00       0x2c
 .text.DRV_SDMMC_IsAttached
                0x0000000000007b00       0x2c build/default/production/_ext/20954303/drv_sdmmc.o
                0x0000000000007b00                DRV_SDMMC_IsAttached

.text.F_DRV_USBFSV1_DEVICE_Initialize%151
                0x0000000000007b2c       0x2c
 .text.F_DRV_USBFSV1_DEVICE_Initialize
                0x0000000000007b2c       0x2c build/default/production/_ext/818654064/drv_usbfsv1_device.o
                0x0000000000007b2c                F_DRV_USBFSV1_DEVICE_Initialize

.text.F_USB_DEVICE_MSD_SendDataToUsb%152
                0x0000000000007b58       0x2c
 .text.F_USB_DEVICE_MSD_SendDataToUsb
                0x0000000000007b58       0x2c build/default/production/_ext/308758920/usb_device_msd.o
                0x0000000000007b58                F_USB_DEVICE_MSD_SendDataToUsb

.text.F_USB_DEVICE_MSD_InitializeByDescriptorType%153
                0x0000000000007b84       0x2c
 .text.F_USB_DEVICE_MSD_InitializeByDescriptorType
                0x0000000000007b84       0x2c build/default/production/_ext/308758920/usb_device_msd.o
                0x0000000000007b84                F_USB_DEVICE_MSD_InitializeByDescriptorType

.rodata.usbDevInitData%154
                0x0000000000007bb0       0x2c
 .rodata.usbDevInitData
                0x0000000000007bb0       0x2c build/default/production/_ext/1171490990/usb_device_init_data.o
                0x0000000000007bb0                usbDevInitData

.rodata.usbMasterDescriptor%155
                0x0000000000007bdc       0x2c
 .rodata.usbMasterDescriptor
                0x0000000000007bdc       0x2c build/default/production/_ext/1171490990/usb_device_init_data.o

.text.TC0_TimerInterruptHandler%156
                0x0000000000007c08       0x2c
 .text.TC0_TimerInterruptHandler
                0x0000000000007c08       0x2c build/default/production/_ext/829342655/plib_tc0.o
                0x0000000000007c08                TC0_TimerInterruptHandler

.text.F_DRV_USBFSV1_DEVICE_IRPQueueFlush%157
                0x0000000000007c34       0x28
 .text.F_DRV_USBFSV1_DEVICE_IRPQueueFlush
                0x0000000000007c34       0x28 build/default/production/_ext/818654064/drv_usbfsv1_device.o
                0x0000000000007c34                F_DRV_USBFSV1_DEVICE_IRPQueueFlush

.text.SYS_TIME_TimerPeriodHasExpired%158
                0x0000000000007c5c       0x28
 .text.SYS_TIME_TimerPeriodHasExpired
                0x0000000000007c5c       0x28 build/default/production/_ext/101884895/sys_time.o
                0x0000000000007c5c                SYS_TIME_TimerPeriodHasExpired

.text.USB_DEVICE_EventHandlerSet%159
                0x0000000000007c84       0x28
 .text.USB_DEVICE_EventHandlerSet
                0x0000000000007c84       0x28 build/default/production/_ext/308758920/usb_device.o
                0x0000000000007c84                USB_DEVICE_EventHandlerSet

.rodata.drvUSBInit%160
                0x0000000000007cac       0x28
 .rodata.drvUSBInit
                0x0000000000007cac       0x28 build/default/production/_ext/1171490990/initialization.o

.text.DRV_USBFSV1_DEVICE_EndpointIsStalled%161
                0x0000000000007cd4       0x26
 .text.DRV_USBFSV1_DEVICE_EndpointIsStalled
                0x0000000000007cd4       0x26 build/default/production/_ext/818654064/drv_usbfsv1_device.o
                0x0000000000007cd4                DRV_USBFSV1_DEVICE_EndpointIsStalled

.text.USB_DEVICE_Detach%162
                0x0000000000007cfa       0x26
 .text.USB_DEVICE_Detach
                0x0000000000007cfa       0x26 build/default/production/_ext/308758920/usb_device.o
                0x0000000000007cfa                USB_DEVICE_Detach

.text.USB_DEVICE_EndpointEnable%163
                0x0000000000007d20       0x26
 .text.USB_DEVICE_EndpointEnable
                0x0000000000007d20       0x26 build/default/production/_ext/308758920/usb_device.o
                0x0000000000007d20                USB_DEVICE_EndpointEnable

.text.DRV_SDMMC_GeometryGet%164
                0x0000000000007d48       0x24
 .text.DRV_SDMMC_GeometryGet
                0x0000000000007d48       0x24 build/default/production/_ext/20954303/drv_sdmmc.o
                0x0000000000007d48                DRV_SDMMC_GeometryGet

.text.DRV_USBFSV1_DEVICE_Attach%165
                0x0000000000007d6c       0x24
 .text.DRV_USBFSV1_DEVICE_Attach
                0x0000000000007d6c       0x24 build/default/production/_ext/818654064/drv_usbfsv1_device.o
                0x0000000000007d6c                DRV_USBFSV1_DEVICE_Attach

.text.DRV_USBFSV1_Open%166
                0x0000000000007d90       0x24
 .text.DRV_USBFSV1_Open
                0x0000000000007d90       0x24 build/default/production/_ext/818654064/drv_usbfsv1.o
                0x0000000000007d90                DRV_USBFSV1_Open

.text.SYS_TIME_ResourceUnlock%167
                0x0000000000007db4       0x24
 .text.SYS_TIME_ResourceUnlock
                0x0000000000007db4       0x24 build/default/production/_ext/101884895/sys_time.o

.rodata.drvSDMMC0InitData%168
                0x0000000000007dd8       0x24
 .rodata.drvSDMMC0InitData
                0x0000000000007dd8       0x24 build/default/production/_ext/1171490990/initialization.o

.text.SDHC0_ClockEnable%169
                0x0000000000007dfc       0x22
 .text.SDHC0_ClockEnable
                0x0000000000007dfc       0x22 build/default/production/_ext/1865600094/plib_sdhc0.o
                0x0000000000007dfc                SDHC0_ClockEnable

.text.USB_DEVICE_IRPSubmit%170
                0x0000000000007e1e       0x22
 .text.USB_DEVICE_IRPSubmit