Archive member included to satisfy reference by file (symbol)

c:/program files/microchip/xc32/v4.60/bin/bin/../../lib/gcc/pic32c/8.3.1/../../../../pic32c/lib/thumb/v7e-m+fp/hard\libpic32c.a(data_init.o)
                              build/default/production/_ext/1171490990/startup_xc32.o (__pic32c_data_initialization)
c:/program files/microchip/xc32/v4.60/bin/bin/../../lib/gcc/pic32c/8.3.1/../../../../pic32c/lib/thumb/v7e-m+fp/hard\libc-size-musl.a(memcmp.o)
                              build/default/production/_ext/411819097/ff.o (memcmp)
c:/program files/microchip/xc32/v4.60/bin/bin/../../lib/gcc/pic32c/8.3.1/../../../../pic32c/lib/thumb/v7e-m+fp/hard\libc-size-musl.a(memcpy.o)
                              build/default/production/_ext/818654064/drv_usbfsv1_device.o (memcpy)
c:/program files/microchip/xc32/v4.60/bin/bin/../../lib/gcc/pic32c/8.3.1/../../../../pic32c/lib/thumb/v7e-m+fp/hard\libc-size-musl.a(memset.o)
                              build/default/production/_ext/20954303/drv_sdmmc.o (memset)
c:/program files/microchip/xc32/v4.60/bin/bin/../../lib/gcc/pic32c/8.3.1/../../../../pic32c/lib/thumb/v7e-m+fp/hard\libc-size-musl.a(strlen.o)
                              build/default/production/_ext/1832805299/sys_console.o (strlen)
c:/program files/microchip/xc32/v4.60/bin/bin/../../lib/gcc/pic32c/8.3.1/../../../../pic32c/lib/thumb/v7e-m+fp/hard\libc-size-musl.a(strchr.o)
                              build/default/production/_ext/411819097/ff.o (strchr)
c:/program files/microchip/xc32/v4.60/bin/bin/../../lib/gcc/pic32c/8.3.1/../../../../pic32c/lib/thumb/v7e-m+fp/hard\libc-size-musl.a(strchrnul.o)
                              c:/program files/microchip/xc32/v4.60/bin/bin/../../lib/gcc/pic32c/8.3.1/../../../../pic32c/lib/thumb/v7e-m+fp/hard\libc-size-musl.a(strchr.o) (__strchrnul)
c:/program files/microchip/xc32/v4.60/bin/bin/../../lib/gcc/pic32c/8.3.1/../../../../pic32c/lib/thumb/v7e-m+fp/hard\libc-size-musl.a(strcmp.o)
                              build/default/production/_ext/1269487135/sys_fs_media_manager.o (strcmp)
c:/program files/microchip/xc32/v4.60/bin/bin/../../lib/gcc/pic32c/8.3.1/../../../../pic32c/lib/thumb/v7e-m+fp/hard\libc-size-musl.a(strcpy.o)
                              build/default/production/_ext/1269487135/sys_fs.o (strcpy)
c:/program files/microchip/xc32/v4.60/bin/bin/../../lib/gcc/pic32c/8.3.1/../../../../pic32c/lib/thumb/v7e-m+fp/hard\libc-size-musl.a(strncmp.o)
                              build/default/production/_ext/1269487135/sys_fs.o (strncmp)
c:/program files/microchip/xc32/v4.60/bin/bin/../../lib/gcc/pic32c/8.3.1/../../../../pic32c/lib/thumb/v7e-m+fp/hard\libc-size-musl.a(strncpy.o)
                              build/default/production/_ext/1360937237/sd_handler.o (strncpy)
c:/program files/microchip/xc32/v4.60/bin/bin/../../lib/gcc/pic32c/8.3.1/../../../../pic32c/lib/thumb/v7e-m+fp/hard\libc-size-musl.a(stpcpy.o)
                              c:/program files/microchip/xc32/v4.60/bin/bin/../../lib/gcc/pic32c/8.3.1/../../../../pic32c/lib/thumb/v7e-m+fp/hard\libc-size-musl.a(strcpy.o) (__stpcpy)
c:/program files/microchip/xc32/v4.60/bin/bin/../../lib/gcc/pic32c/8.3.1/../../../../pic32c/lib/thumb/v7e-m+fp/hard\libc-size-musl.a(stpncpy.o)
                              c:/program files/microchip/xc32/v4.60/bin/bin/../../lib/gcc/pic32c/8.3.1/../../../../pic32c/lib/thumb/v7e-m+fp/hard\libc-size-musl.a(strncpy.o) (__stpncpy)
c:/program files/microchip/xc32/v4.60/bin/bin/../../lib/gcc/pic32c/8.3.1/../../../../pic32c/lib/thumb/v7e-m+fp/hard\libm-fast-emfloat.a(__aeabi_ul2f.o)
                              build/default/production/_ext/101884895/sys_time.o (__aeabi_ul2f)
c:/program files/microchip/xc32/v4.60/bin/bin/../../lib/gcc/pic32c/8.3.1/../../../../pic32c/lib/thumb/v7e-m+fp/hard\libc-musl.a(__libc_start_main.o)
                              build/default/production/_ext/1171490990/startup_xc32.o (__libc_init_array)
c:/program files/microchip/xc32/v4.60/bin/bin/../../lib/gcc/pic32c/8.3.1/../../../../pic32c/lib/thumb/v7e-m+fp/hard\libc-musl.a(libc.o)
                              c:/program files/microchip/xc32/v4.60/bin/bin/../../lib/gcc/pic32c/8.3.1/../../../../pic32c/lib/thumb/v7e-m+fp/hard\libc-musl.a(__libc_start_main.o) (__progname_full)
c:/program files/microchip/xc32/v4.60/bin/bin/../../lib/gcc/pic32c/8.3.1/../../../../pic32c/lib/thumb/v7e-m+fp/hard\libc-musl.a(vsnprintf.o)
                              build/default/production/_ext/1832805299/sys_console.o (vsnprintf)
c:/program files/microchip/xc32/v4.60/bin/bin/../../lib/gcc/pic32c/8.3.1/../../../../pic32c/lib/thumb/v7e-m+fp/hard\libc-musl.a(snprintf.o)
                              (snprintf)
c:/program files/microchip/xc32/v4.60/bin/bin/../../lib/gcc/pic32c/8.3.1/../../../../pic32c/lib/thumb/v7e-m+fp/hard\libc-musl.a(__environ.o)
[...]
Memory Configuration

Name             Origin             Length             Attributes
rom              0x0000000000000000 0x0000000000100000 xrl
ram              0x0000000020000000 0x0000000000040000 xw !r
tcm              0x0000000003000000 0x0000000000000000 xw
bkupram          0x0000000047000000 0x0000000000002000
config_00804000  0x0000000000804000 0x0000000000000004
config_00804004  0x0000000000804004 0x0000000000000004
config_00804008  0x0000000000804008 0x0000000000000004
*default*        0x0000000000000000 0xffffffffffffffff

Linker script and memory map

LOAD c:/program files/microchip/xc32/v4.60/bin/bin/../../lib/gcc/pic32c/8.3.1/thumb/v7e-m+fp/hard/crti.o
LOAD c:/program files/microchip/xc32/v4.60/bin/bin/../../lib/gcc/pic32c/8.3.1/thumb/v7e-m+fp/hard/crtbegin.o
LOAD build/default/production/_ext/667276850/drv_i2s.o
LOAD build/default/production/_ext/554284977/plib_i2s.o
LOAD build/default/production/_ext/20954303/drv_sdmmc.o
LOAD build/default/production/_ext/20954303/drv_sdmmc_file_system.o
LOAD build/default/production/_ext/818654064/drv_usbfsv1.o
LOAD build/default/production/_ext/818654064/drv_usbfsv1_device.o
LOAD build/default/production/_ext/60163342/plib_adc1.o
LOAD build/default/production/_ext/1984496892/plib_clock.o
LOAD build/default/production/_ext/1865131932/plib_cmcc.o
LOAD build/default/production/_ext/1865161661/plib_dmac.o
LOAD build/default/production/_ext/1986646378/plib_evsys.o
LOAD build/default/production/_ext/60175264/plib_mpu.o
LOAD build/default/production/_ext/1865468468/plib_nvic.o
LOAD build/default/production/_ext/1593096446/plib_nvmctrl.o
LOAD build/default/production/_ext/1865521619/plib_port.o
LOAD build/default/production/_ext/60180175/plib_rtc_clock.o
LOAD build/default/production/_ext/1865600094/plib_sdhc0.o
LOAD build/default/production/_ext/508257091/plib_sercom1_i2c_master.o
LOAD build/default/production/_ext/1530421352/plib_sercom2_spi_slave.o
LOAD build/default/production/_ext/1827571544/plib_systick.o
LOAD build/default/production/_ext/829342655/plib_tc0.o
LOAD build/default/production/_ext/829342655/plib_tc1.o
LOAD build/default/production/_ext/163028504/xc32_monitor.o
LOAD build/default/production/_ext/1014039709/sys_cache.o
LOAD build/default/production/_ext/1832805299/sys_console.o
LOAD build/default/production/_ext/1832805299/sys_console_usb_cdc.o
LOAD build/default/production/_ext/944882569/sys_debug.o
LOAD build/default/production/_ext/14461671/sys_dma.o
LOAD build/default/production/_ext/411819097/ffunicode.o
LOAD build/default/production/_ext/411819097/ff.o
LOAD build/default/production/_ext/565198302/diskio.o
LOAD build/default/production/_ext/1269487135/sys_fs_fat_interface.o
LOAD build/default/production/_ext/1269487135/sys_fs.o
LOAD build/default/production/_ext/1269487135/sys_fs_media_manager.o
LOAD build/default/production/_ext/1881668453/sys_int.o
LOAD build/default/production/_ext/101884895/sys_time.o
LOAD build/default/production/_ext/308758920/usb_device_cdc_acm.o
LOAD build/default/production/_ext/308758920/usb_device_cdc.o
LOAD build/default/production/_ext/308758920/usb_device.o
LOAD build/default/production/_ext/1171490990/exceptions.o
LOAD build/default/production/_ext/1171490990/startup_xc32.o
LOAD build/default/production/_ext/1171490990/initialization.o
LOAD build/default/production/_ext/1171490990/libc_syscalls.o
LOAD build/default/production/_ext/1171490990/usb_device_init_data.o
LOAD build/default/production/_ext/1171490990/tasks.o
LOAD build/default/production/_ext/1171490990/interrupts.o
LOAD build/default/production/_ext/1360937237/main.o
LOAD build/default/production/_ext/1360937237/app.o
LOAD build/default/production/_ext/1360937237/cdc.o
LOAD build/default/production/_ext/1360937237/AVM_ble_cmd.o
LOAD build/default/production/_ext/1360937237/ble_slave.o
LOAD build/default/production/_ext/1360937237/codec.o
LOAD build/default/production/_ext/1360937237/sd_handler.o
LOAD build/default/production/_ext/1360937237/i2s_dma_manager.o
LOAD build/default/production/_ext/1360937237/app_sdcard.o
LOAD build/default/production/_ext/1360937237/button.o
                0x0000000000000001                __MPLAB_BUILD = 0x1
                0x0000000000100000                __rom_end = (ORIGIN (rom) + LENGTH (rom))
                0x0000000020040000                __ram_end = (ORIGIN (ram) + LENGTH (ram))

.config_00804000
 *(.config_00804000)

.config_00804004
 *(.config_00804004)

.config_00804008
 *(.config_00804008)

.vectors        0x0000000000000000      0x260
                0x0000000000000000                . = ALIGN (0x4)
                0x0000000000000000                _sfixed = .
 *(.vectors .vectors.* .vectors_default .vectors_default.*)
 .vectors.exception_table
                0x0000000000000000      0x260 build/default/production/_ext/1171490990/interrupts.o
                0x0000000000000000                exception_table
 *(.isr_vector)
 *(.reset*)
 *(.after_vectors)

.text           0x0000000000000260       0x20
                0x0000000000000260                . = ALIGN (0x4)
 *(.glue_7t)
 .glue_7t       0x0000000000000260        0x0 linker stubs
 *(.glue_7)
 .glue_7        0x0000000000000260        0x0 linker stubs
 *(.gnu.linkonce.r.*)
 *(.ARM.extab* .gnu.linkonce.armextab.*)
                0x0000000000000260                . = ALIGN (0x4)
 *(.init)
 .init          0x0000000000000260        0x4 c:/program files/microchip/xc32/v4.60/bin/bin/../../lib/gcc/pic32c/8.3.1/thumb/v7e-m+fp/hard/crti.o
                0x0000000000000260                _init
 .init          0x0000000000000264        0x8 c:/program files/microchip/xc32/v4.60/bin/bin/../../lib/gcc/pic32c/8.3.1/thumb/v7e-m+fp/hard/crtn.o
                0x000000000000026c                . = ALIGN (0x4)
                0x000000000000026c                __preinit_array_start = .
 *(.preinit_array)
                0x000000000000026c                __preinit_array_end = .
                0x000000000000026c                . = ALIGN (0x4)
                0x000000000000026c                __init_array_start = .
 *(SORT_BY_NAME(.init_array.*))
 *(.init_array)
 .init_array    0x000000000000026c        0x4 c:/program files/microchip/xc32/v4.60/bin/bin/../../lib/gcc/pic32c/8.3.1/thumb/v7e-m+fp/hard/crtbegin.o
                0x0000000000000270                __init_array_end = .
                0x0000000000000270                . = ALIGN (0x4)
 *crtbegin.o(.ctors)
 *(EXCLUDE_FILE(*crtend.o) .ctors)
 *(SORT_BY_NAME(.ctors.*))
 *crtend.o(.ctors)
                0x0000000000000270                . = ALIGN (0x4)
 *(.fini)
 .fini          0x0000000000000270        0x4 c:/program files/microchip/xc32/v4.60/bin/bin/../../lib/gcc/pic32c/8.3.1/thumb/v7e-m+fp/hard/crti.o
                0x0000000000000270                _fini
 .fini          0x0000000000000274        0x8 c:/program files/microchip/xc32/v4.60/bin/bin/../../lib/gcc/pic32c/8.3.1/thumb/v7e-m+fp/hard/crtn.o
                0x000000000000027c                . = ALIGN (0x4)
                0x000000000000027c                __fini_array_start = .
 *(.fini_array)
 .fini_array    0x000000000000027c        0x4 c:/program files/microchip/xc32/v4.60/bin/bin/../../lib/gcc/pic32c/8.3.1/thumb/v7e-m+fp/hard/crtbegin.o
 *(SORT_BY_NAME(.fini_array.*))
                0x0000000000000280                __fini_array_end = .
 *crtbegin.o(.dtors)
 *(EXCLUDE_FILE(*crtend.o) .dtors)
 *(SORT_BY_NAME(.dtors.*))
 *crtend.o(.dtors)
                0x0000000000000280                . = ALIGN (0x4)
                0x0000000000000280                _efixed = .
                [!provide]                        PROVIDE (__exidx_start = .)

.ARM.exidx      0x0000000000000280        0x8
 *(.ARM.exidx* .gnu.linkonce.armexidx.*)
 .ARM.exidx     0x0000000000000280        0x8 c:/program files/microchip/xc32/v4.60/bin/bin/../../lib/gcc/pic32c/8.3.1/thumb/v7e-m+fp/hard\libgcc.a(_udivmoddi4.o)
                [!provide]                        PROVIDE (__exidx_end = .)
                0x0000000000000288                . = ALIGN (0x4)
                0x0000000000000288                _etext = .

.bss            0x0000000020000000        0x0
                0x0000000020000000                . = ALIGN (0x4)
                0x0000000020000000                __bss_start__ = .
                0x0000000020000000                _sbss = .
                0x0000000020000000                _szero = .
 *(COMMON)
                0x0000000020000000                . = ALIGN (0x4)
                0x0000000020000000                __bss_end__ = .
                0x0000000020000000                _ebss = .
                0x0000000020000000                _ezero = .
                0x0000000020000000                . = ALIGN (0x4)
                0x0000000020000000                _end = .
                0x000000002003ffff                _ram_end_ = ((ORIGIN (ram) + LENGTH (ram)) - 0x1)

.bkupram_bss
 *(.bkupram_bss .bkupram_bss.*)
 *(.pbss .pbss.*)
                0x0000000000000400                _min_heap_size = 0x400
START GROUP
LOAD c:/program files/microchip/xc32/v4.60/bin/bin/../../lib/gcc/pic32c/8.3.1/../../../../pic32c/lib/thumb/v7e-m+fp/hard\libpic32c.a
LOAD c:/program files/microchip/xc32/v4.60/bin/bin/../../lib/gcc/pic32c/8.3.1/../../../../pic32c/lib/thumb/v7e-m+fp/hard\libc-size-musl.a
LOAD c:/program files/microchip/xc32/v4.60/bin/bin/../../lib/gcc/pic32c/8.3.1/../../../../pic32c/lib/thumb/v7e-m+fp/hard\liblmalloc-musl.a
LOAD c:/program files/microchip/xc32/v4.60/bin/bin/../../lib/gcc/pic32c/8.3.1/../../../../pic32c/lib/thumb/v7e-m+fp/hard\libm-fast-emfloat.a
LOAD c:/program files/microchip/xc32/v4.60/bin/bin/../../lib/gcc/pic32c/8.3.1/../../../../pic32c/lib/thumb/v7e-m+fp/hard\libm-musl.a
LOAD c:/program files/microchip/xc32/v4.60/bin/bin/../../lib/gcc/pic32c/8.3.1/../../../../pic32c/lib/thumb/v7e-m+fp/hard\libc-musl.a
LOAD c:/program files/microchip/xc32/v4.60/bin/bin/../../lib/gcc/pic32c/8.3.1/../../../../pic32c/lib/thumb/v7e-m+fp/hard\libm-fast-emfloat.a
LOAD c:/program files/microchip/xc32/v4.60/bin/bin/../../lib/gcc/pic32c/8.3.1/../../../../pic32c/lib/thumb/v7e-m+fp/hard\libm-musl.a
LOAD c:/program files/microchip/xc32/v4.60/bin/bin/../../lib/gcc/pic32c/8.3.1/thumb/v7e-m+fp/hard\libgcc.a
END GROUP
LOAD c:/program files/microchip/xc32/v4.60/bin/bin/../../lib/gcc/pic32c/8.3.1/thumb/v7e-m+fp/hard/crtend.o
LOAD c:/program files/microchip/xc32/v4.60/bin/bin/../../lib/gcc/pic32c/8.3.1/thumb/v7e-m+fp/hard/crtn.o
OUTPUT(dist/default/production/avm_2_11.X.production.elf elf32-littlearm)
LOAD data_init
LOAD stack

.ARM.attributes
                0x0000000000000000       0x32
 .ARM.attributes
                0x0000000000000000       0x1e c:/program files/microchip/xc32/v4.60/bin/bin/../../lib/gcc/pic32c/8.3.1/thumb/v7e-m+fp/hard/crti.o
 .ARM.attributes
                0x000000000000001e       0x34 c:/program files/microchip/xc32/v4.60/bin/bin/../../lib/gcc/pic32c/8.3.1/thumb/v7e-m+fp/hard/crtbegin.o
 .ARM.attributes
                0x0000000000000052       0x34 build/default/production/_ext/667276850/drv_i2s.o
 .ARM.attributes
                0x0000000000000086       0x34 build/default/production/_ext/554284977/plib_i2s.o
 .ARM.attributes
                0x00000000000000ba       0x34 build/default/production/_ext/20954303/drv_sdmmc.o
 .ARM.attributes
                0x00000000000000ee       0x34 build/default/production/_ext/20954303/drv_sdmmc_file_system.o
 .ARM.attributes
                0x0000000000000122       0x34 build/default/production/_ext/818654064/drv_usbfsv1.o
 .ARM.attributes
                0x0000000000000156       0x34 build/default/production/_ext/818654064/drv_usbfsv1_device.o
 .ARM.attributes
                0x000000000000018a       0x34 build/default/production/_ext/60163342/plib_adc1.o
 .ARM.attributes
                0x00000000000001be       0x34 build/default/production/_ext/1984496892/plib_clock.o
 .ARM.attributes
                0x00000000000001f2       0x34 build/default/production/_ext/1865161661/plib_dmac.o
 .ARM.attributes
                0x0000000000000226       0x34 build/default/production/_ext/1986646378/plib_evsys.o
 .ARM.attributes
                0x000000000000025a       0x34 build/default/production/_ext/60175264/plib_mpu.o
 .ARM.attributes
                0x000000000000028e       0x34 build/default/production/_ext/1865468468/plib_nvic.o
 .ARM.attributes
                0x00000000000002c2       0x34 build/default/production/_ext/1593096446/plib_nvmctrl.o
 .ARM.attributes
                0x00000000000002f6       0x34 build/default/production/_ext/1865521619/plib_port.o
 .ARM.attributes
                0x000000000000032a       0x34 build/default/production/_ext/60180175/plib_rtc_clock.o
 .ARM.attributes
                0x000000000000035e       0x34 build/default/production/_ext/1865600094/plib_sdhc0.o
 .ARM.attributes
                0x0000000000000392       0x34 build/default/production/_ext/508257091/plib_sercom1_i2c_master.o
 .ARM.attributes
                0x00000000000003c6       0x34 build/default/production/_ext/1530421352/plib_sercom2_spi_slave.o
 .ARM.attributes
                0x00000000000003fa       0x34 build/default/production/_ext/1827571544/plib_systick.o
 .ARM.attributes
                0x000000000000042e       0x34 build/default/production/_ext/829342655/plib_tc0.o
 .ARM.attributes
                0x0000000000000462       0x34 build/default/production/_ext/829342655/plib_tc1.o
 .ARM.attributes
                0x0000000000000496       0x34 build/default/production/_ext/1832805299/sys_console.o
 .ARM.attributes
                0x00000000000004ca       0x34 build/default/production/_ext/1832805299/sys_console_usb_cdc.o
 .ARM.attributes
                0x00000000000004fe       0x34 build/default/production/_ext/944882569/sys_debug.o
 .ARM.attributes
                0x0000000000000532       0x34 build/default/production/_ext/411819097/ffunicode.o
 .ARM.attributes
                0x0000000000000566       0x34 build/default/production/_ext/411819097/ff.o
 .ARM.attributes
                0x000000000000059a       0x34 build/default/production/_ext/565198302/diskio.o
 .ARM.attributes
                0x00000000000005ce       0x34 build/default/production/_ext/1269487135/sys_fs_fat_interface.o
 .ARM.attributes
                0x0000000000000602       0x34 build/default/production/_ext/1269487135/sys_fs.o
 .ARM.attributes
                0x0000000000000636       0x34 build/default/production/_ext/1269487135/sys_fs_media_manager.o
 .ARM.attributes
                0x000000000000066a       0x34 build/default/production/_ext/1881668453/sys_int.o
 .ARM.attributes
                0x000000000000069e       0x34 build/default/production/_ext/101884895/sys_time.o
 .ARM.attributes
                0x00000000000006d2       0x34 build/default/production/_ext/308758920/usb_device_cdc_acm.o
 .ARM.attributes
                0x0000000000000706       0x34 build/default/production/_ext/308758920/usb_device_cdc.o
 .ARM.attributes
                0x000000000000073a       0x34 build/default/production/_ext/308758920/usb_device.o
 .ARM.attributes
                0x000000000000076e       0x34 build/default/production/_ext/1171490990/exceptions.o
 .ARM.attributes
                0x00000000000007a2       0x34 build/default/production/_ext/1171490990/startup_xc32.o
 .ARM.attributes
                0x00000000000007d6       0x34 build/default/production/_ext/1171490990/initialization.o
 .ARM.attributes
                0x000000000000080a       0x39 build/default/production/_ext/1171490990/usb_device_init_data.o
 .ARM.attributes
                0x0000000000000843       0x34 build/default/production/_ext/1171490990/tasks.o
 .ARM.attributes
                0x0000000000000877       0x34 build/default/production/_ext/1171490990/interrupts.o
 .ARM.attributes
                0x00000000000008ab       0x34 build/default/production/_ext/1360937237/main.o
 .ARM.attributes
                0x00000000000008df       0x34 build/default/production/_ext/1360937237/app.o
 .ARM.attributes
                0x0000000000000913       0x34 build/default/production/_ext/1360937237/AVM_ble_cmd.o
 .ARM.attributes
                0x0000000000000947       0x34 build/default/production/_ext/1360937237/ble_slave.o
 .ARM.attributes
                0x000000000000097b       0x34 build/default/production/_ext/1360937237/codec.o
 .ARM.attributes
                0x00000000000009af       0x34 build/default/production/_ext/1360937237/sd_handler.o
 .ARM.attributes
                0x00000000000009e3       0x34 build/default/production/_ext/1360937237/i2s_dma_manager.o
 .ARM.attributes
                0x0000000000000a17       0x34 build/default/production/_ext/1360937237/app_sdcard.o
 .ARM.attributes
                0x0000000000000a4b       0x34 build/default/production/_ext/1360937237/button.o
 .ARM.attributes
                0x0000000000000a7f       0x34 c:/program files/microchip/xc32/v4.60/bin/bin/../../lib/gcc/pic32c/8.3.1/../../../../pic32c/lib/thumb/v7e-m+fp/hard\libpic32c.a(data_init.o)
 .ARM.attributes
                0x0000000000000ab3       0x36 c:/program files/microchip/xc32/v4.60/bin/bin/../../lib/gcc/pic32c/8.3.1/../../../../pic32c/lib/thumb/v7e-m+fp/hard\libc-size-musl.a(memcmp.o)
 .ARM.attributes
                0x0000000000000ae9       0x36 c:/program files/microchip/xc32/v4.60/bin/bin/../../lib/gcc/pic32c/8.3.1/../../../../pic32c/lib/thumb/v7e-m+fp/hard\libc-size-musl.a(memcpy.o)
 .ARM.attributes
                0x0000000000000b1f       0x36 c:/program files/microchip/xc32/v4.60/bin/bin/../../lib/gcc/pic32c/8.3.1/../../../../pic32c/lib/thumb/v7e-m+fp/hard\libc-size-musl.a(memset.o)
 .ARM.attributes
                0x0000000000000b55       0x36 c:/program files/microchip/xc32/v4.60/bin/bin/../../lib/gcc/pic32c/8.3.1/../../../../pic32c/lib/thumb/v7e-m+fp/hard\libc-size-musl.a(strlen.o)
 .ARM.attributes
                0x0000000000000b8b       0x36 c:/program files/microchip/xc32/v4.60/bin/bin/../../lib/gcc/pic32c/8.3.1/../../../../pic32c/lib/thumb/v7e-m+fp/hard\libc-size-musl.a(strchr.o)
 .ARM.attributes
                0x0000000000000bc1       0x36 c:/program files/microchip/xc32/v4.60/bin/bin/../../lib/gcc/pic32c/8.3.1/../../../../pic32c/lib/thumb/v7e-m+fp/hard\libc-size-musl.a(strchrnul.o)
 .ARM.attributes
                0x0000000000000bf7       0x36 c:/program files/microchip/xc32/v4.60/bin/bin/../../lib/gcc/pic32c/8.3.1/../../../../pic32c/lib/thumb/v7e-m+fp/hard\libc-size-musl.a(strcmp.o)
 .ARM.attributes
                0x0000000000000c2d       0x36 c:/program files/microchip/xc32/v4.60/bin/bin/../../lib/gcc/pic32c/8.3.1/../../../../pic32c/lib/thumb/v7e-m+fp/hard\libc-size-musl.a(strcpy.o)
 .ARM.attributes
                0x0000000000000c63       0x36 c:/program files/microchip/xc32/v4.60/bin/bin/../../lib/gcc/pic32c/8.3.1/../../../../pic32c/lib/thumb/v7e-m+fp/hard\libc-size-musl.a(strncmp.o)
 .ARM.attributes
                0x0000000000000c99       0x36 c:/program files/microchip/xc32/v4.60/bin/bin/../../lib/gcc/pic32c/8.3.1/../../../../pic32c/lib/thumb/v7e-m+fp/hard\libc-size-musl.a(stpcpy.o)
 .ARM.attributes
                0x0000000000000ccf       0x36 c:/program files/microchip/xc32/v4.60/bin/bin/../../lib/gcc/pic32c/8.3.1/../../../../pic32c/lib/thumb/v7e-m+fp/hard\libc-musl.a(__libc_start_main.o)
 .ARM.attributes
                0x0000000000000d05       0x34 c:/program files/microchip/xc32/v4.60/bin/bin/../../lib/gcc/pic32c/8.3.1/../../../../pic32c/lib/thumb/v7e-m+fp/hard\libc-musl.a(libc.o)
 .ARM.attributes
                0x0000000000000d39       0x36 c:/program files/microchip/xc32/v4.60/bin/bin/../../lib/gcc/pic32c/8.3.1/../../../../pic32c/lib/thumb/v7e-m+fp/hard\libc-musl.a(vsnprintf.o)
 .ARM.attributes
                0x0000000000000d6f       0x36 c:/program files/microchip/xc32/v4.60/bin/bin/../../lib/gcc/pic32c/8.3.1/../../../../pic32c/lib/thumb/v7e-m+fp/hard\libc-musl.a(snprintf.o)
 .ARM.attributes
                0x0000000000000da5       0x34 c:/program files/microchip/xc32/v4.60/bin/bin/../../lib/gcc/pic32c/8.3.1/../../../../pic32c/lib/thumb/v7e-m+fp/hard\libc-musl.a(__environ.o)
 .ARM.attributes
                0x0000000000000dd9       0x34 c:/program files/microchip/xc32/v4.60/bin/bin/../../lib/gcc/pic32c/8.3.1/../../../../pic32c/lib/thumb/v7e-m+fp/hard\libc-musl.a(__errno_location.o)
 .ARM.attributes
                0x0000000000000e0d       0x36 c:/program files/microchip/xc32/v4.60/bin/bin/../../lib/gcc/pic32c/8.3.1/../../../../pic32c/lib/thumb/v7e-m+fp/hard\libc-musl.a(vfprintf.o)
 .ARM.attributes
                0x0000000000000e43       0x36 c:/program files/microchip/xc32/v4.60/bin/bin/../../lib/gcc/pic32c/8.3.1/../../../../pic32c/lib/thumb/v7e-m+fp/hard\libc-musl.a(__pop_float.o)
 .ARM.attributes
                0x0000000000000e79       0x36 c:/program files/microchip/xc32/v4.60/bin/bin/../../lib/gcc/pic32c/8.3.1/../../../../pic32c/lib/thumb/v7e-m+fp/hard\libc-musl.a(__pop_int.o)
 .ARM.attributes
                0x0000000000000eaf       0x36 c:/program files/microchip/xc32/v4.60/bin/bin/../../lib/gcc/pic32c/8.3.1/../../../../pic32c/lib/thumb/v7e-m+fp/hard\libc-musl.a(__pop_ptr.o)
 .ARM.attributes
                0x0000000000000ee5       0x36 c:/program files/microchip/xc32/v4.60/bin/bin/../../lib/gcc/pic32c/8.3.1/../../../../pic32c/lib/thumb/v7e-m+fp/hard\libc-musl.a(__printf_core.o)
 .ARM.attributes
                0x0000000000000f1b       0x36 c:/program files/microchip/xc32/v4.60/bin/bin/../../lib/gcc/pic32c/8.3.1/../../../../pic32c/lib/thumb/v7e-m+fp/hard\libc-musl.a(atoi.o)
 .ARM.attributes
                0x0000000000000f51       0x36 c:/program files/microchip/xc32/v4.60/bin/bin/../../lib/gcc/pic32c/8.3.1/../../../../pic32c/lib/thumb/v7e-m+fp/hard\libc-musl.a(tolower.o)
 .ARM.attributes
                0x0000000000000f87       0x36 c:/program files/microchip/xc32/v4.60/bin/bin/../../lib/gcc/pic32c/8.3.1/../../../../pic32c/lib/thumb/v7e-m+fp/hard\libc-musl.a(__fmt_a.o)
 .ARM.attributes
                0x0000000000000fbd       0x36 c:/program files/microchip/xc32/v4.60/bin/bin/../../lib/gcc/pic32c/8.3.1/../../../../pic32c/lib/thumb/v7e-m+fp/hard\libc-musl.a(__fmt_d.o)
 .ARM.attributes
                0x0000000000000ff3       0x36 c:/program files/microchip/xc32/v4.60/bin/bin/../../lib/gcc/pic32c/8.3.1/../../../../pic32c/lib/thumb/v7e-m+fp/hard\libc-musl.a(__fmt_fp.o)
 .ARM.attributes
                0x0000000000001029       0x36 c:/program files/microchip/xc32/v4.60/bin/bin/../../lib/gcc/pic32c/8.3.1/../../../../pic32c/lib/thumb/v7e-m+fp/hard\libc-musl.a(__fmt_o.o)
 .ARM.attributes
                0x000000000000105f       0x36 c:/program files/microchip/xc32/v4.60/bin/bin/../../lib/gcc/pic32c/8.3.1/../../../../pic32c/lib/thumb/v7e-m+fp/hard\libc-musl.a(__fmt_s.o)
 .ARM.attributes
                0x0000000000001095       0x36 c:/program files/microchip/xc32/v4.60/bin/bin/../../lib/gcc/pic32c/8.3.1/../../../../pic32c/lib/thumb/v7e-m+fp/hard\libc-musl.a(__fmt_u.o)
 .ARM.attributes
                0x00000000000010cb       0x36 c:/program files/microchip/xc32/v4.60/bin/bin/../../lib/gcc/pic32c/8.3.1/../../../../pic32c/lib/thumb/v7e-m+fp/hard\libc-musl.a(__fmt_x.o)
 .ARM.attributes
                0x0000000000001101       0x36 c:/program files/microchip/xc32/v4.60/bin/bin/../../lib/gcc/pic32c/8.3.1/../../../../pic32c/lib/thumb/v7e-m+fp/hard\libc-musl.a(toupper.o)
 .ARM.attributes
                0x0000000000001137       0x36 c:/program files/microchip/xc32/v4.60/bin/bin/../../lib/gcc/pic32c/8.3.1/../../../../pic32c/lib/thumb/v7e-m+fp/hard\libc-musl.a(__cvt_u.o)
 .ARM.attributes
                0x000000000000116d       0x34 c:/program files/microchip/xc32/v4.60/bin/bin/../../lib/gcc/pic32c/8.3.1/../../../../pic32c/lib/thumb/v7e-m+fp/hard\libm-fast-emfloat.a(fma.o)
 .ARM.attributes
                0x00000000000011a1       0x34 c:/program files/microchip/xc32/v4.60/bin/bin/../../lib/gcc/pic32c/8.3.1/../../../../pic32c/lib/thumb/v7e-m+fp/hard\libm-fast-emfloat.a(floor.o)
 .ARM.attributes
                0x00000000000011d5       0x20 c:/program files/microchip/xc32/v4.60/bin/bin/../../lib/gcc/pic32c/8.3.1/../../../../pic32c/lib/thumb/v7e-m+fp/hard\libm-fast-emfloat.a(__aeabi_dadd.o)
 .ARM.attributes
                0x00000000000011f5       0x20 c:/program files/microchip/xc32/v4.60/bin/bin/../../lib/gcc/pic32c/8.3.1/../../../../pic32c/lib/thumb/v7e-m+fp/hard\libm-fast-emfloat.a(__aeabi_dsub.o)
 .ARM.attributes
                0x0000000000001215       0x20 c:/program files/microchip/xc32/v4.60/bin/bin/../../lib/gcc/pic32c/8.3.1/../../../../pic32c/lib/thumb/v7e-m+fp/hard\libm-fast-emfloat.a(__aeabi_dmul.o)
 .ARM.attributes
                0x0000000000001235       0x20 c:/program files/microchip/xc32/v4.60/bin/bin/../../lib/gcc/pic32c/8.3.1/../../../../pic32c/lib/thumb/v7e-m+fp/hard\libm-fast-emfloat.a(__aeabi_ddiv.o)
 .ARM.attributes
                0x0000000000001255       0x20 c:/program files/microchip/xc32/v4.60/bin/bin/../../lib/gcc/pic32c/8.3.1/../../../../pic32c/lib/thumb/v7e-m+fp/hard\libm-fast-emfloat.a(__aeabi_dcmple.o)
 .ARM.attributes
                0x0000000000001275       0x20 c:/program files/microchip/xc32/v4.60/bin/bin/../../lib/gcc/pic32c/8.3.1/../../../../pic32c/lib/thumb/v7e-m+fp/hard\libm-fast-emfloat.a(__aeabi_dcmpeq.o)
 .ARM.attributes
                0x0000000000001295       0x20 c:/program files/microchip/xc32/v4.60/bin/bin/../../lib/gcc/pic32c/8.3.1/../../../../pic32c/lib/thumb/v7e-m+fp/hard\libm-fast-emfloat.a(__aeabi_dcmpgt.o)
 .ARM.attributes
                0x00000000000012b5       0x20 c:/program files/microchip/xc32/v4.60/bin/bin/../../lib/gcc/pic32c/8.3.1/../../../../pic32c/lib/thumb/v7e-m+fp/hard\libm-fast-emfloat.a(__aeabi_dcmplt.o)
 .ARM.attributes
                0x00000000000012d5       0x20 c:/program files/microchip/xc32/v4.60/bin/bin/../../lib/gcc/pic32c/8.3.1/../../../../pic32c/lib/thumb/v7e-m+fp/hard\libm-fast-emfloat.a(__aeabi_d2iz.o)
 .ARM.attributes
                0x00000000000012f5       0x1e c:/program files/microchip/xc32/v4.60/bin/bin/../../lib/gcc/pic32c/8.3.1/thumb/v7e-m+fp/hard\libgcc.a(_aeabi_uldivmod.o)
 .ARM.attributes
                0x0000000000001313       0x34 c:/program files/microchip/xc32/v4.60/bin/bin/../../lib/gcc/pic32c/8.3.1/thumb/v7e-m+fp/hard\libgcc.a(_udivmoddi4.o)
 .ARM.attributes
                0x0000000000001347       0x1e c:/program files/microchip/xc32/v4.60/bin/bin/../../lib/gcc/pic32c/8.3.1/thumb/v7e-m+fp/hard\libgcc.a(_dvmd_tls.o)
 .ARM.attributes
                0x0000000000001365       0x1e c:/program files/microchip/xc32/v4.60/bin/bin/../../lib/gcc/pic32c/8.3.1/thumb/v7e-m+fp/hard/crtn.o
 .ARM.attributes
                0x0000000000001383       0x34 c:/program files/microchip/xc32/v4.60/bin/bin/../../lib/gcc/pic32c/8.3.1/../../../../pic32c/lib/thumb/v7e-m+fp/hard\libpic32c.a(pic32_data_init_clear.o)
 .ARM.attributes
                0x00000000000013b7       0x34 c:/program files/microchip/xc32/v4.60/bin/bin/../../lib/gcc/pic32c/8.3.1/../../../../pic32c/lib/thumb/v7e-m+fp/hard\libpic32c.a(pic32_data_init_copy.o)
 .ARM.attributes
                0x00000000000013eb       0x34 c:/program files/microchip/xc32/v4.60/bin/bin/../../lib/gcc/pic32c/8.3.1/../../../../pic32c/lib/thumb/v7e-m+fp/hard\libpic32c.a(pic32_data_init_decompress.o)

.comment        0x0000000000000000       0x2b
 .comment       0x0000000000000000       0x2b c:/program files/microchip/xc32/v4.60/bin/bin/../../lib/gcc/pic32c/8.3.1/thumb/v7e-m+fp/hard/crtbegin.o
                                         0x2c (size before relaxing)
 .comment       0x000000000000002b       0x2c build/default/production/_ext/667276850/drv_i2s.o
 .comment       0x000000000000002b       0x2c build/default/production/_ext/554284977/plib_i2s.o
 .comment       0x000000000000002b       0x2c build/default/production/_ext/20954303/drv_sdmmc.o
 .comment       0x000000000000002b       0x2c build/default/production/_ext/20954303/drv_sdmmc_file_system.o
 .comment       0x000000000000002b       0x2c build/default/production/_ext/818654064/drv_usbfsv1.o
 .comment       0x000000000000002b       0x2c build/default/production/_ext/818654064/drv_usbfsv1_device.o
 .comment       0x000000000000002b       0x2c build/default/production/_ext/60163342/plib_adc1.o
 .comment       0x000000000000002b       0x2c build/default/production/_ext/1984496892/plib_clock.o
 .comment       0x000000000000002b       0x2c build/default/production/_ext/1865161661/plib_dmac.o
 .comment       0x000000000000002b       0x2c build/default/production/_ext/1986646378/plib_evsys.o
 .comment       0x000000000000002b       0x2c build/default/production/_ext/60175264/plib_mpu.o
 .comment       0x000000000000002b       0x2c build/default/production/_ext/1865468468/plib_nvic.o
 .comment       0x000000000000002b       0x2c build/default/production/_ext/1593096446/plib_nvmctrl.o
 .comment       0x000000000000002b       0x2c build/default/production/_ext/1865521619/plib_port.o
 .comment       0x000000000000002b       0x2c build/default/production/_ext/60180175/plib_rtc_clock.o
 .comment       0x000000000000002b       0x2c build/default/production/_ext/1865600094/plib_sdhc0.o
 .comment       0x000000000000002b       0x2c build/default/production/_ext/508257091/plib_sercom1_i2c_master.o
 .comment       0x000000000000002b       0x2c build/default/production/_ext/1530421352/plib_sercom2_spi_slave.o
 .comment       0x000000000000002b       0x2c build/default/production/_ext/1827571544/plib_systick.o
 .comment       0x000000000000002b       0x2c build/default/production/_ext/829342655/plib_tc0.o
 .comment       0x000000000000002b       0x2c build/default/production/_ext/829342655/plib_tc1.o
 .comment       0x000000000000002b       0x2c build/default/production/_ext/1832805299/sys_console.o
 .comment       0x000000000000002b       0x2c build/default/production/_ext/1832805299/sys_console_usb_cdc.o
 .comment       0x000000000000002b       0x2c build/default/production/_ext/944882569/sys_debug.o
 .comment       0x000000000000002b       0x2c build/default/production/_ext/411819097/ffunicode.o
 .comment       0x000000000000002b       0x2c build/default/production/_ext/411819097/ff.o
 .comment       0x000000000000002b       0x2c build/default/production/_ext/565198302/diskio.o
 .comment       0x000000000000002b       0x2c build/default/production/_ext/1269487135/sys_fs_fat_interface.o
 .comment       0x000000000000002b       0x2c build/default/production/_ext/1269487135/sys_fs.o
 .comment       0x000000000000002b       0x2c build/default/production/_ext/1269487135/sys_fs_media_manager.o
 .comment       0x000000000000002b       0x2c build/default/production/_ext/1881668453/sys_int.o
 .comment       0x000000000000002b       0x2c build/default/production/_ext/101884895/sys_time.o
 .comment       0x000000000000002b       0x2c build/default/production/_ext/308758920/usb_device_cdc_acm.o
 .comment       0x000000000000002b       0x2c build/default/production/_ext/308758920/usb_device_cdc.o
 .comment       0x000000000000002b       0x2c build/default/production/_ext/308758920/usb_device.o
 .comment       0x000000000000002b       0x2c build/default/production/_ext/1171490990/exceptions.o
 .comment       0x000000000000002b       0x2c build/default/production/_ext/1171490990/startup_xc32.o
 .comment       0x000000000000002b       0x2c build/default/production/_ext/1171490990/initialization.o
 .comment       0x000000000000002b       0x2c build/default/production/_ext/1171490990/usb_device_init_data.o
 .comment       0x000000000000002b       0x2c build/default/production/_ext/1171490990/tasks.o
 .comment       0x000000000000002b       0x2c build/default/production/_ext/1171490990/interrupts.o
 .comment       0x000000000000002b       0x2c build/default/production/_ext/1360937237/main.o
 .comment       0x000000000000002b       0x2c build/default/production/_ext/1360937237/app.o
 .comment       0x000000000000002b       0x2c build/default/production/_ext/1360937237/AVM_ble_cmd.o
 .comment       0x000000000000002b       0x2c build/default/production/_ext/1360937237/ble_slave.o
 .comment       0x000000000000002b       0x2c build/default/production/_ext/1360937237/codec.o
 .comment       0x000000000000002b       0x2c build/default/production/_ext/1360937237/sd_handler.o
 .comment       0x000000000000002b       0x2c build/default/production/_ext/1360937237/i2s_dma_manager.o
 .comment       0x000000000000002b       0x2c build/default/production/_ext/1360937237/app_sdcard.o
 .comment       0x000000000000002b       0x2c build/default/production/_ext/1360937237/button.o
 .comment       0x000000000000002b       0x2c c:/program files/microchip/xc32/v4.60/bin/bin/../../lib/gcc/pic32c/8.3.1/../../../../pic32c/lib/thumb/v7e-m+fp/hard\libpic32c.a(data_init.o)
 .comment       0x000000000000002b       0x2c c:/program files/microchip/xc32/v4.60/bin/bin/../../lib/gcc/pic32c/8.3.1/../../../../pic32c/lib/thumb/v7e-m+fp/hard\libc-size-musl.a(memcmp.o)
 .comment       0x000000000000002b       0x2c c:/program files/microchip/xc32/v4.60/bin/bin/../../lib/gcc/pic32c/8.3.1/../../../../pic32c/lib/thumb/v7e-m+fp/hard\libc-size-musl.a(memcpy.o)
 .comment       0x000000000000002b       0x2c c:/program files/microchip/xc32/v4.60/bin/bin/../../lib/gcc/pic32c/8.3.1/../../../../pic32c/lib/thumb/v7e-m+fp/hard\libc-size-musl.a(memset.o)
 .comment       0x000000000000002b       0x2c c:/program files/microchip/xc32/v4.60/bin/bin/../../lib/gcc/pic32c/8.3.1/../../../../pic32c/lib/thumb/v7e-m+fp/hard\libc-size-musl.a(strlen.o)
 .comment       0x000000000000002b       0x2c c:/program files/microchip/xc32/v4.60/bin/bin/../../lib/gcc/pic32c/8.3.1/../../../../pic32c/lib/thumb/v7e-m+fp/hard\libc-size-musl.a(strchr.o)
 .comment       0x000000000000002b       0x2c c:/program files/microchip/xc32/v4.60/bin/bin/../../lib/gcc/pic32c/8.3.1/../../../../pic32c/lib/thumb/v7e-m+fp/hard\libc-size-musl.a(strchrnul.o)
 .comment       0x000000000000002b       0x2c c:/program files/microchip/xc32/v4.60/bin/bin/../../lib/gcc/pic32c/8.3.1/../../../../pic32c/lib/thumb/v7e-m+fp/hard\libc-size-musl.a(strcmp.o)
 .comment       0x000000000000002b       0x2c c:/program files/microchip/xc32/v4.60/bin/bin/../../lib/gcc/pic32c/8.3.1/../../../../pic32c/lib/thumb/v7e-m+fp/hard\libc-size-musl.a(strcpy.o)
 .comment       0x000000000000002b       0x2c c:/program files/microchip/xc32/v4.60/bin/bin/../../lib/gcc/pic32c/8.3.1/../../../../pic32c/lib/thumb/v7e-m+fp/hard\libc-size-musl.a(strncmp.o)
 .comment       0x000000000000002b       0x2c c:/program files/microchip/xc32/v4.60/bin/bin/../../lib/gcc/pic32c/8.3.1/../../../../pic32c/lib/thumb/v7e-m+fp/hard\libc-size-musl.a(stpcpy.o)
 .comment       0x000000000000002b       0x2c c:/program files/microchip/xc32/v4.60/bin/bin/../../lib/gcc/pic32c/8.3.1/../../../../pic32c/lib/thumb/v7e-m+fp/hard\libc-musl.a(__libc_start_main.o)
 .comment       0x000000000000002b       0x2c c:/program files/microchip/xc32/v4.60/bin/bin/../../lib/gcc/pic32c/8.3.1/../../../../pic32c/lib/thumb/v7e-m+fp/hard\libc-musl.a(libc.o)
 .comment       0x000000000000002b       0x2c c:/program files/microchip/xc32/v4.60/bin/bin/../../lib/gcc/pic32c/8.3.1/../../../../pic32c/lib/thumb/v7e-m+fp/hard\libc-musl.a(vsnprintf.o)
 .comment       0x000000000000002b       0x2c c:/program files/microchip/xc32/v4.60/bin/bin/../../lib/gcc/pic32c/8.3.1/../../../../pic32c/lib/thumb/v7e-m+fp/hard\libc-musl.a(snprintf.o)
 .comment       0x000000000000002b       0x2c c:/program files/microchip/xc32/v4.60/bin/bin/../../lib/gcc/pic32c/8.3.1/../../../../pic32c/lib/thumb/v7e-m+fp/hard\libc-musl.a(__environ.o)
 .comment       0x000000000000002b       0x2c c:/program files/microchip/xc32/v4.60/bin/bin/../../lib/gcc/pic32c/8.3.1/../../../../pic32c/lib/thumb/v7e-m+fp/hard\libc-musl.a(__errno_location.o)
 .comment       0x000000000000002b       0x2c c:/program files/microchip/xc32/v4.60/bin/bin/../../lib/gcc/pic32c/8.3.1/../../../../pic32c/lib/thumb/v7e-m+fp/hard\libc-musl.a(vfprintf.o)
 .comment       0x000000000000002b       0x2c c:/program files/microchip/xc32/v4.60/bin/bin/../../lib/gcc/pic32c/8.3.1/../../../../pic32c/lib/thumb/v7e-m+fp/hard\libc-musl.a(__pop_float.o)
 .comment       0x000000000000002b       0x2c c:/program files/microchip/xc32/v4.60/bin/bin/../../lib/gcc/pic32c/8.3.1/../../../../pic32c/lib/thumb/v7e-m+fp/hard\libc-musl.a(__pop_int.o)
 .comment       0x000000000000002b       0x2c c:/program files/microchip/xc32/v4.60/bin/bin/../../lib/gcc/pic32c/8.3.1/../../../../pic32c/lib/thumb/v7e-m+fp/hard\libc-musl.a(__pop_ptr.o)
 .comment       0x000000000000002b       0x2c c:/program files/microchip/xc32/v4.60/bin/bin/../../lib/gcc/pic32c/8.3.1/../../../../pic32c/lib/thumb/v7e-m+fp/hard\libc-musl.a(__printf_core.o)
 .comment       0x000000000000002b       0x2c c:/program files/microchip/xc32/v4.60/bin/bin/../../lib/gcc/pic32c/8.3.1/../../../../pic32c/lib/thumb/v7e-m+fp/hard\libc-musl.a(atoi.o)
 .comment       0x000000000000002b       0x2c c:/program files/microchip/xc32/v4.60/bin/bin/../../lib/gcc/pic32c/8.3.1/../../../../pic32c/lib/thumb/v7e-m+fp/hard\libc-musl.a(tolower.o)
 .comment       0x000000000000002b       0x2c c:/program files/microchip/xc32/v4.60/bin/bin/../../lib/gcc/pic32c/8.3.1/../../../../pic32c/lib/thumb/v7e-m+fp/hard\libc-musl.a(__fmt_a.o)
 .comment       0x000000000000002b       0x2c c:/program files/microchip/xc32/v4.60/bin/bin/../../lib/gcc/pic32c/8.3.1/../../../../pic32c/lib/thumb/v7e-m+fp/hard\libc-musl.a(__fmt_d.o)
 .comment       0x000000000000002b       0x2c c:/program files/microchip/xc32/v4.60/bin/bin/../../lib/gcc/pic32c/8.3.1/../../../../pic32c/lib/thumb/v7e-m+fp/hard\libc-musl.a(__fmt_fp.o)
 .comment       0x000000000000002b       0x2c c:/program files/microchip/xc32/v4.60/bin/bin/../../lib/gcc/pic32c/8.3.1/../../../../pic32c/lib/thumb/v7e-m+fp/hard\libc-musl.a(__fmt_o.o)
 .comment       0x000000000000002b       0x2c c:/program files/microchip/xc32/v4.60/bin/bin/../../lib/gcc/pic32c/8.3.1/../../../../pic32c/lib/thumb/v7e-m+fp/hard\libc-musl.a(__fmt_s.o)
 .comment       0x000000000000002b       0x2c c:/program files/microchip/xc32/v4.60/bin/bin/../../lib/gcc/pic32c/8.3.1/../../../../pic32c/lib/thumb/v7e-m+fp/hard\libc-musl.a(__fmt_u.o)
 .comment       0x000000000000002b       0x2c c:/program files/microchip/xc32/v4.60/bin/bin/../../lib/gcc/pic32c/8.3.1/../../../../pic32c/lib/thumb/v7e-m+fp/hard\libc-musl.a(__fmt_x.o)
 .comment       0x000000000000002b       0x2c c:/program files/microchip/xc32/v4.60/bin/bin/../../lib/gcc/pic32c/8.3.1/../../../../pic32c/lib/thumb/v7e-m+fp/hard\libc-musl.a(toupper.o)
 .comment       0x000000000000002b       0x2c c:/program files/microchip/xc32/v4.60/bin/bin/../../lib/gcc/pic32c/8.3.1/../../../../pic32c/lib/thumb/v7e-m+fp/hard\libc-musl.a(__cvt_u.o)
 .comment       0x000000000000002b       0x2c c:/program files/microchip/xc32/v4.60/bin/bin/../../lib/gcc/pic32c/8.3.1/../../../../pic32c/lib/thumb/v7e-m+fp/hard\libm-fast-emfloat.a(fma.o)
 .comment       0x000000000000002b       0x2c c:/program files/microchip/xc32/v4.60/bin/bin/../../lib/gcc/pic32c/8.3.1/../../../../pic32c/lib/thumb/v7e-m+fp/hard\libm-fast-emfloat.a(floor.o)
 .comment       0x000000000000002b       0x2c c:/program files/microchip/xc32/v4.60/bin/bin/../../lib/gcc/pic32c/8.3.1/thumb/v7e-m+fp/hard\libgcc.a(_udivmoddi4.o)
 .comment       0x000000000000002b       0x2c c:/program files/microchip/xc32/v4.60/bin/bin/../../lib/gcc/pic32c/8.3.1/../../../../pic32c/lib/thumb/v7e-m+fp/hard\libpic32c.a(pic32_data_init_clear.o)
 .comment       0x000000000000002b       0x2c c:/program files/microchip/xc32/v4.60/bin/bin/../../lib/gcc/pic32c/8.3.1/../../../../pic32c/lib/thumb/v7e-m+fp/hard\libpic32c.a(pic32_data_init_copy.o)
 .comment       0x000000000000002b       0x2c c:/program files/microchip/xc32/v4.60/bin/bin/../../lib/gcc/pic32c/8.3.1/../../../../pic32c/lib/thumb/v7e-m+fp/hard\libpic32c.a(pic32_data_init_decompress.o)

.debug_info     0x0000000000000000    0x33ad2
 .debug_info    0x0000000000000000     0x1540 build/default/production/_ext/667276850/drv_i2s.o
 .debug_info    0x0000000000001540      0x538 build/default/production/_ext/554284977/plib_i2s.o
 .debug_info    0x0000000000001a78     0x31ba build/default/production/_ext/20954303/drv_sdmmc.o
 .debug_info    0x0000000000004c32      0x539 build/default/production/_ext/20954303/drv_sdmmc_file_system.o
 .debug_info    0x000000000000516b     0x21c5 build/default/production/_ext/818654064/drv_usbfsv1.o
 .debug_info    0x0000000000007330     0x31c4 build/default/production/_ext/818654064/drv_usbfsv1_device.o
 .debug_info    0x000000000000a4f4      0x5f6 build/default/production/_ext/60163342/plib_adc1.o
 .debug_info    0x000000000000aaea      0x690 build/default/production/_ext/1984496892/plib_clock.o
 .debug_info    0x000000000000b17a      0xba1 build/default/production/_ext/1865161661/plib_dmac.o
 .debug_info    0x000000000000bd1b       0x9c build/default/production/_ext/1986646378/plib_evsys.o
 .debug_info    0x000000000000bdb7      0x39c build/default/production/_ext/60175264/plib_mpu.o
 .debug_info    0x000000000000c153      0xa85 build/default/production/_ext/1865468468/plib_nvic.o
 .debug_info    0x000000000000cbd8      0x7b4 build/default/production/_ext/1593096446/plib_nvmctrl.o
 .debug_info    0x000000000000d38c      0x6d7 build/default/production/_ext/1865521619/plib_port.o
 .debug_info    0x000000000000da63      0xa62 build/default/production/_ext/60180175/plib_rtc_clock.o
 .debug_info    0x000000000000e4c5      0xbbf build/default/production/_ext/1865600094/plib_sdhc0.o
 .debug_info    0x000000000000f084     0x10f5 build/default/production/_ext/508257091/plib_sercom1_i2c_master.o
 .debug_info    0x0000000000010179      0xe2b build/default/production/_ext/1530421352/plib_sercom2_spi_slave.o
 .debug_info    0x0000000000010fa4      0x730 build/default/production/_ext/1827571544/plib_systick.o
 .debug_info    0x00000000000116d4      0x813 build/default/production/_ext/829342655/plib_tc0.o
 .debug_info    0x0000000000011ee7      0x813 build/default/production/_ext/829342655/plib_tc1.o
 .debug_info    0x00000000000126fa      0xaea build/default/production/_ext/1832805299/sys_console.o
 .debug_info    0x00000000000131e4     0x13d5 build/default/production/_ext/1832805299/sys_console_usb_cdc.o
 .debug_info    0x00000000000145b9      0x339 build/default/production/_ext/944882569/sys_debug.o
 .debug_info    0x00000000000148f2      0x27a build/default/production/_ext/411819097/ffunicode.o
 .debug_info    0x0000000000014b6c     0x3ad9 build/default/production/_ext/411819097/ff.o
 .debug_info    0x0000000000018645      0x6ff build/default/production/_ext/565198302/diskio.o
 .debug_info    0x0000000000018d44     0x1731 build/default/production/_ext/1269487135/sys_fs_fat_interface.o
 .debug_info    0x000000000001a475     0x2e9e build/default/production/_ext/1269487135/sys_fs.o
 .debug_info    0x000000000001d313     0x14ab build/default/production/_ext/1269487135/sys_fs_media_manager.o
 .debug_info    0x000000000001e7be      0x6ea build/default/production/_ext/1881668453/sys_int.o
 .debug_info    0x000000000001eea8     0x14d7 build/default/production/_ext/101884895/sys_time.o
 .debug_info    0x000000000002037f      0x8d9 build/default/production/_ext/308758920/usb_device_cdc_acm.o
 .debug_info    0x0000000000020c58     0x1a52 build/default/production/_ext/308758920/usb_device_cdc.o
 .debug_info    0x00000000000226aa     0x3222 build/default/production/_ext/308758920/usb_device.o
 .debug_info    0x00000000000258cc      0x11c build/default/production/_ext/1171490990/exceptions.o
 .debug_info    0x00000000000259e8      0x4b1 build/default/production/_ext/1171490990/startup_xc32.o
 .debug_info    0x0000000000025e99     0x2dc2 build/default/production/_ext/1171490990/initialization.o
 .debug_info    0x0000000000028c5b     0x1865 build/default/production/_ext/1171490990/usb_device_init_data.o
 .debug_info    0x000000000002a4c0      0x148 build/default/production/_ext/1171490990/tasks.o
 .debug_info    0x000000000002a608      0xc6c build/default/production/_ext/1171490990/interrupts.o
 .debug_info    0x000000000002b274      0x834 build/default/production/_ext/1360937237/main.o
 .debug_info    0x000000000002baa8      0x28a build/default/production/_ext/1360937237/app.o
 .debug_info    0x000000000002bd32      0x740 build/default/production/_ext/1360937237/AVM_ble_cmd.o
 .debug_info    0x000000000002c472      0x4dd build/default/production/_ext/1360937237/ble_slave.o
 .debug_info    0x000000000002c94f      0x6f2 build/default/production/_ext/1360937237/codec.o
 .debug_info    0x000000000002d041      0x779 build/default/production/_ext/1360937237/sd_handler.o
 .debug_info    0x000000000002d7ba      0x868 build/default/production/_ext/1360937237/i2s_dma_manager.o
 .debug_info    0x000000000002e022      0x88f build/default/production/_ext/1360937237/app_sdcard.o
 .debug_info    0x000000000002e8b1      0x3d3 build/default/production/_ext/1360937237/button.o
 .debug_info    0x000000000002ec84       0x68 c:/program files/microchip/xc32/v4.60/bin/bin/../../lib/gcc/pic32c/8.3.1/../../../../pic32c/lib/thumb/v7e-m+fp/hard\libpic32c.a(data_init.o)
 .debug_info    0x000000000002ecec       0xe0 c:/program files/microchip/xc32/v4.60/bin/bin/../../lib/gcc/pic32c/8.3.1/../../../../pic32c/lib/thumb/v7e-m+fp/hard\libc-size-musl.a(memcmp.o)
 .debug_info    0x000000000002edcc       0xf3 c:/program files/microchip/xc32/v4.60/bin/bin/../../lib/gcc/pic32c/8.3.1/../../../../pic32c/lib/thumb/v7e-m+fp/hard\libc-size-musl.a(memcpy.o)
 .debug_info    0x000000000002eebf       0xbb c:/program files/microchip/xc32/v4.60/bin/bin/../../lib/gcc/pic32c/8.3.1/../../../../pic32c/lib/thumb/v7e-m+fp/hard\libc-size-musl.a(memset.o)
 .debug_info    0x000000000002ef7a       0xa4 c:/program files/microchip/xc32/v4.60/bin/bin/../../lib/gcc/pic32c/8.3.1/../../../../pic32c/lib/thumb/v7e-m+fp/hard\libc-size-musl.a(strlen.o)
 .debug_info    0x000000000002f01e       0xd2 c:/program files/microchip/xc32/v4.60/bin/bin/../../lib/gcc/pic32c/8.3.1/../../../../pic32c/lib/thumb/v7e-m+fp/hard\libc-size-musl.a(strchr.o)
 .debug_info    0x000000000002f0f0      0x12c c:/program files/microchip/xc32/v4.60/bin/bin/../../lib/gcc/pic32c/8.3.1/../../../../pic32c/lib/thumb/v7e-m+fp/hard\libc-size-musl.a(strchrnul.o)
 .debug_info    0x000000000002f21c       0x95 c:/program files/microchip/xc32/v4.60/bin/bin/../../lib/gcc/pic32c/8.3.1/../../../../pic32c/lib/thumb/v7e-m+fp/hard\libc-size-musl.a(strcmp.o)
 .debug_info    0x000000000002f2b1       0xbd c:/program files/microchip/xc32/v4.60/bin/bin/../../lib/gcc/pic32c/8.3.1/../../../../pic32c/lib/thumb/v7e-m+fp/hard\libc-size-musl.a(strcpy.o)
 .debug_info    0x000000000002f36e       0xeb c:/program files/microchip/xc32/v4.60/bin/bin/../../lib/gcc/pic32c/8.3.1/../../../../pic32c/lib/thumb/v7e-m+fp/hard\libc-size-musl.a(strncmp.o)
 .debug_info    0x000000000002f459       0xac c:/program files/microchip/xc32/v4.60/bin/bin/../../lib/gcc/pic32c/8.3.1/../../../../pic32c/lib/thumb/v7e-m+fp/hard\libc-size-musl.a(stpcpy.o)
 .debug_info    0x000000000002f505      0x2fb c:/program files/microchip/xc32/v4.60/bin/bin/../../lib/gcc/pic32c/8.3.1/../../../../pic32c/lib/thumb/v7e-m+fp/hard\libc-musl.a(__libc_start_main.o)
 .debug_info    0x000000000002f800      0x276 c:/program files/microchip/xc32/v4.60/bin/bin/../../lib/gcc/pic32c/8.3.1/../../../../pic32c/lib/thumb/v7e-m+fp/hard\libc-musl.a(libc.o)
 .debug_info    0x000000000002fa76      0x43a c:/program files/microchip/xc32/v4.60/bin/bin/../../lib/gcc/pic32c/8.3.1/../../../../pic32c/lib/thumb/v7e-m+fp/hard\libc-musl.a(vsnprintf.o)
 .debug_info    0x000000000002feb0      0x13b c:/program files/microchip/xc32/v4.60/bin/bin/../../lib/gcc/pic32c/8.3.1/../../../../pic32c/lib/thumb/v7e-m+fp/hard\libc-musl.a(snprintf.o)
 .debug_info    0x000000000002ffeb       0x97 c:/program files/microchip/xc32/v4.60/bin/bin/../../lib/gcc/pic32c/8.3.1/../../../../pic32c/lib/thumb/v7e-m+fp/hard\libc-musl.a(__environ.o)
 .debug_info    0x0000000000030082       0x5b c:/program files/microchip/xc32/v4.60/bin/bin/../../lib/gcc/pic32c/8.3.1/../../../../pic32c/lib/thumb/v7e-m+fp/hard\libc-musl.a(__errno_location.o)
 .debug_info    0x00000000000300dd      0x406 c:/program files/microchip/xc32/v4.60/bin/bin/../../lib/gcc/pic32c/8.3.1/../../../../pic32c/lib/thumb/v7e-m+fp/hard\libc-musl.a(vfprintf.o)
 .debug_info    0x00000000000304e3      0x162 c:/program files/microchip/xc32/v4.60/bin/bin/../../lib/gcc/pic32c/8.3.1/../../../../pic32c/lib/thumb/v7e-m+fp/hard\libc-musl.a(__pop_float.o)
 .debug_info    0x0000000000030645      0x183 c:/program files/microchip/xc32/v4.60/bin/bin/../../lib/gcc/pic32c/8.3.1/../../../../pic32c/lib/thumb/v7e-m+fp/hard\libc-musl.a(__pop_int.o)
 .debug_info    0x00000000000307c8      0x187 c:/program files/microchip/xc32/v4.60/bin/bin/../../lib/gcc/pic32c/8.3.1/../../../../pic32c/lib/thumb/v7e-m+fp/hard\libc-musl.a(__pop_ptr.o)
 .debug_info    0x000000000003094f      0xa5d c:/program files/microchip/xc32/v4.60/bin/bin/../../lib/gcc/pic32c/8.3.1/../../../../pic32c/lib/thumb/v7e-m+fp/hard\libc-musl.a(__printf_core.o)
 .debug_info    0x00000000000313ac       0xf4 c:/program files/microchip/xc32/v4.60/bin/bin/../../lib/gcc/pic32c/8.3.1/../../../../pic32c/lib/thumb/v7e-m+fp/hard\libc-musl.a(atoi.o)
 .debug_info    0x00000000000314a0      0x12b c:/program files/microchip/xc32/v4.60/bin/bin/../../lib/gcc/pic32c/8.3.1/../../../../pic32c/lib/thumb/v7e-m+fp/hard\libc-musl.a(tolower.o)
 .debug_info    0x00000000000315cb      0x646 c:/program files/microchip/xc32/v4.60/bin/bin/../../lib/gcc/pic32c/8.3.1/../../../../pic32c/lib/thumb/v7e-m+fp/hard\libc-musl.a(__fmt_a.o)
 .debug_info    0x0000000000031c11      0x330 c:/program files/microchip/xc32/v4.60/bin/bin/../../lib/gcc/pic32c/8.3.1/../../../../pic32c/lib/thumb/v7e-m+fp/hard\libc-musl.a(__fmt_d.o)
 .debug_info    0x0000000000031f41      0x673 c:/program files/microchip/xc32/v4.60/bin/bin/../../lib/gcc/pic32c/8.3.1/../../../../pic32c/lib/thumb/v7e-m+fp/hard\libc-musl.a(__fmt_fp.o)
 .debug_info    0x00000000000325b4      0x301 c:/program files/microchip/xc32/v4.60/bin/bin/../../lib/gcc/pic32c/8.3.1/../../../../pic32c/lib/thumb/v7e-m+fp/hard\libc-musl.a(__fmt_o.o)
 .debug_info    0x00000000000328b5      0x2b2 c:/program files/microchip/xc32/v4.60/bin/bin/../../lib/gcc/pic32c/8.3.1/../../../../pic32c/lib/thumb/v7e-m+fp/hard\libc-musl.a(__fmt_s.o)
 .debug_info    0x0000000000032b67      0x301 c:/program files/microchip/xc32/v4.60/bin/bin/../../lib/gcc/pic32c/8.3.1/../../../../pic32c/lib/thumb/v7e-m+fp/hard\libc-musl.a(__fmt_u.o)
 .debug_info    0x0000000000032e68      0x331 c:/program files/microchip/xc32/v4.60/bin/bin/../../lib/gcc/pic32c/8.3.1/../../../../pic32c/lib/thumb/v7e-m+fp/hard\libc-musl.a(__fmt_x.o)
 .debug_info    0x0000000000033199      0x12b c:/program files/microchip/xc32/v4.60/bin/bin/../../lib/gcc/pic32c/8.3.1/../../../../pic32c/lib/thumb/v7e-m+fp/hard\libc-musl.a(toupper.o)
 .debug_info    0x00000000000332c4      0x1d9 c:/program files/microchip/xc32/v4.60/bin/bin/../../lib/gcc/pic32c/8.3.1/../../../../pic32c/lib/thumb/v7e-m+fp/hard\libc-musl.a(__cvt_u.o)
 .debug_info    0x000000000003349d       0x26 c:/program files/microchip/xc32/v4.60/bin/bin/../../lib/gcc/pic32c/8.3.1/thumb/v7e-m+fp/hard\libgcc.a(_aeabi_uldivmod.o)
 .debug_info    0x00000000000334c3      0x52a c:/program files/microchip/xc32/v4.60/bin/bin/../../lib/gcc/pic32c/8.3.1/thumb/v7e-m+fp/hard\libgcc.a(_udivmoddi4.o)
 .debug_info    0x00000000000339ed       0x26 c:/program files/microchip/xc32/v4.60/bin/bin/../../lib/gcc/pic32c/8.3.1/thumb/v7e-m+fp/hard\libgcc.a(_dvmd_tls.o)
 .debug_info    0x0000000000033a13       0x3f c:/program files/microchip/xc32/v4.60/bin/bin/../../lib/gcc/pic32c/8.3.1/../../../../pic32c/lib/thumb/v7e-m+fp/hard\libpic32c.a(pic32_data_init_clear.o)
 .debug_info    0x0000000000033a52       0x40 c:/program files/microchip/xc32/v4.60/bin/bin/../../lib/gcc/pic32c/8.3.1/../../../../pic32c/lib/thumb/v7e-m+fp/hard\libpic32c.a(pic32_data_init_copy.o)
 .debug_info    0x0000000000033a92       0x40 c:/program files/microchip/xc32/v4.60/bin/bin/../../lib/gcc/pic32c/8.3.1/../../../../pic32c/lib/thumb/v7e-m+fp/hard\libpic32c.a(pic32_data_init_decompress.o)

.debug_abbrev   0x0000000000000000     0x8798
 .debug_abbrev  0x0000000000000000      0x35f build/default/production/_ext/667276850/drv_i2s.o
 .debug_abbrev  0x000000000000035f       0xe2 build/default/production/_ext/554284977/plib_i2s.o
 .debug_abbrev  0x0000000000000441      0x3fd build/default/production/_ext/20954303/drv_sdmmc.o
 .debug_abbrev  0x000000000000083e      0x135 build/default/production/_ext/20954303/drv_sdmmc_file_system.o
 .debug_abbrev  0x0000000000000973      0x346 build/default/production/_ext/818654064/drv_usbfsv1.o
 .debug_abbrev  0x0000000000000cb9      0x3fc build/default/production/_ext/818654064/drv_usbfsv1_device.o
 .debug_abbrev  0x00000000000010b5      0x141 build/default/production/_ext/60163342/plib_adc1.o
 .debug_abbrev  0x00000000000011f6       0xeb build/default/production/_ext/1984496892/plib_clock.o
 .debug_abbrev  0x00000000000012e1      0x2ad build/default/production/_ext/1865161661/plib_dmac.o
 .debug_abbrev  0x000000000000158e       0x46 build/default/production/_ext/1986646378/plib_evsys.o
 .debug_abbrev  0x00000000000015d4       0xd9 build/default/production/_ext/60175264/plib_mpu.o
 .debug_abbrev  0x00000000000016ad      0x244 build/default/production/_ext/1865468468/plib_nvic.o
 .debug_abbrev  0x00000000000018f1      0x1ca build/default/production/_ext/1593096446/plib_nvmctrl.o
 .debug_abbrev  0x0000000000001abb      0x19f build/default/production/_ext/1865521619/plib_port.o
 .debug_abbrev  0x0000000000001c5a      0x192 build/default/production/_ext/60180175/plib_rtc_clock.o
 .debug_abbrev  0x0000000000001dec      0x270 build/default/production/_ext/1865600094/plib_sdhc0.o
 .debug_abbrev  0x000000000000205c      0x2c9 build/default/production/_ext/508257091/plib_sercom1_i2c_master.o
 .debug_abbrev  0x0000000000002325      0x209 build/default/production/_ext/1530421352/plib_sercom2_spi_slave.o
 .debug_abbrev  0x000000000000252e      0x1a0 build/default/production/_ext/1827571544/plib_systick.o
 .debug_abbrev  0x00000000000026ce      0x196 build/default/production/_ext/829342655/plib_tc0.o
 .debug_abbrev  0x0000000000002864      0x196 build/default/production/_ext/829342655/plib_tc1.o
 .debug_abbrev  0x00000000000029fa      0x2f0 build/default/production/_ext/1832805299/sys_console.o
 .debug_abbrev  0x0000000000002cea      0x30e build/default/production/_ext/1832805299/sys_console_usb_cdc.o
 .debug_abbrev  0x0000000000002ff8      0x17d build/default/production/_ext/944882569/sys_debug.o
 .debug_abbrev  0x0000000000003175       0xd9 build/default/production/_ext/411819097/ffunicode.o
 .debug_abbrev  0x000000000000324e      0x2b1 build/default/production/_ext/411819097/ff.o
 .debug_abbrev  0x00000000000034ff      0x1f9 build/default/production/_ext/565198302/diskio.o
 .debug_abbrev  0x00000000000036f8      0x2e5 build/default/production/_ext/1269487135/sys_fs_fat_interface.o
 .debug_abbrev  0x00000000000039dd      0x3d5 build/default/production/_ext/1269487135/sys_fs.o
 .debug_abbrev  0x0000000000003db2      0x305 build/default/production/_ext/1269487135/sys_fs_media_manager.o
 .debug_abbrev  0x00000000000040b7      0x1bf build/default/production/_ext/1881668453/sys_int.o
 .debug_abbrev  0x0000000000004276      0x356 build/default/production/_ext/101884895/sys_time.o
 .debug_abbrev  0x00000000000045cc      0x1c1 build/default/production/_ext/308758920/usb_device_cdc_acm.o
 .debug_abbrev  0x000000000000478d      0x390 build/default/production/_ext/308758920/usb_device_cdc.o
 .debug_abbrev  0x0000000000004b1d      0x305 build/default/production/_ext/308758920/usb_device.o
 .debug_abbrev  0x0000000000004e22       0x49 build/default/production/_ext/1171490990/exceptions.o
 .debug_abbrev  0x0000000000004e6b      0x1ba build/default/production/_ext/1171490990/startup_xc32.o
 .debug_abbrev  0x0000000000005025      0x2c0 build/default/production/_ext/1171490990/initialization.o
 .debug_abbrev  0x00000000000052e5      0x215 build/default/production/_ext/1171490990/usb_device_init_data.o
 .debug_abbrev  0x00000000000054fa       0x88 build/default/production/_ext/1171490990/tasks.o
 .debug_abbrev  0x0000000000005582       0xf8 build/default/production/_ext/1171490990/interrupts.o
 .debug_abbrev  0x000000000000567a      0x1de build/default/production/_ext/1360937237/main.o
 .debug_abbrev  0x0000000000005858       0xc0 build/default/production/_ext/1360937237/app.o
 .debug_abbrev  0x0000000000005918      0x205 build/default/production/_ext/1360937237/AVM_ble_cmd.o
 .debug_abbrev  0x0000000000005b1d      0x16f build/default/production/_ext/1360937237/ble_slave.o
 .debug_abbrev  0x0000000000005c8c      0x1bb build/default/production/_ext/1360937237/codec.o
 .debug_abbrev  0x0000000000005e47      0x184 build/default/production/_ext/1360937237/sd_handler.o
 .debug_abbrev  0x0000000000005fcb      0x25e build/default/production/_ext/1360937237/i2s_dma_manager.o
 .debug_abbrev  0x0000000000006229      0x1ba build/default/production/_ext/1360937237/app_sdcard.o
 .debug_abbrev  0x00000000000063e3       0xcd build/default/production/_ext/1360937237/button.o
 .debug_abbrev  0x00000000000064b0       0x44 c:/program files/microchip/xc32/v4.60/bin/bin/../../lib/gcc/pic32c/8.3.1/../../../../pic32c/lib/thumb/v7e-m+fp/hard\libpic32c.a(data_init.o)
 .debug_abbrev  0x00000000000064f4       0x96 c:/program files/microchip/xc32/v4.60/bin/bin/../../lib/gcc/pic32c/8.3.1/../../../../pic32c/lib/thumb/v7e-m+fp/hard\libc-size-musl.a(memcmp.o)
 .debug_abbrev  0x000000000000658a       0xbb c:/program files/microchip/xc32/v4.60/bin/bin/../../lib/gcc/pic32c/8.3.1/../../../../pic32c/lib/thumb/v7e-m+fp/hard\libc-size-musl.a(memcpy.o)
 .debug_abbrev  0x0000000000006645       0xa2 c:/program files/microchip/xc32/v4.60/bin/bin/../../lib/gcc/pic32c/8.3.1/../../../../pic32c/lib/thumb/v7e-m+fp/hard\libc-size-musl.a(memset.o)
 .debug_abbrev  0x00000000000066e7       0x91 c:/program files/microchip/xc32/v4.60/bin/bin/../../lib/gcc/pic32c/8.3.1/../../../../pic32c/lib/thumb/v7e-m+fp/hard\libc-size-musl.a(strlen.o)
 .debug_abbrev  0x0000000000006778       0xad c:/program files/microchip/xc32/v4.60/bin/bin/../../lib/gcc/pic32c/8.3.1/../../../../pic32c/lib/thumb/v7e-m+fp/hard\libc-size-musl.a(strchr.o)
 .debug_abbrev  0x0000000000006825       0xb0 c:/program files/microchip/xc32/v4.60/bin/bin/../../lib/gcc/pic32c/8.3.1/../../../../pic32c/lib/thumb/v7e-m+fp/hard\libc-size-musl.a(strchrnul.o)
 .debug_abbrev  0x00000000000068d5       0x6e c:/program files/microchip/xc32/v4.60/bin/bin/../../lib/gcc/pic32c/8.3.1/../../../../pic32c/lib/thumb/v7e-m+fp/hard\libc-size-musl.a(strcmp.o)
 .debug_abbrev  0x0000000000006943       0xa2 c:/program files/microchip/xc32/v4.60/bin/bin/../../lib/gcc/pic32c/8.3.1/../../../../pic32c/lib/thumb/v7e-m+fp/hard\libc-size-musl.a(strcpy.o)
 .debug_abbrev  0x00000000000069e5       0x91 c:/program files/microchip/xc32/v4.60/bin/bin/../../lib/gcc/pic32c/8.3.1/../../../../pic32c/lib/thumb/v7e-m+fp/hard\libc-size-musl.a(strncmp.o)
 .debug_abbrev  0x0000000000006a76       0x6e c:/program files/microchip/xc32/v4.60/bin/bin/../../lib/gcc/pic32c/8.3.1/../../../../pic32c/lib/thumb/v7e-m+fp/hard\libc-size-musl.a(stpcpy.o)
 .debug_abbrev  0x0000000000006ae4      0x133 c:/program files/microchip/xc32/v4.60/bin/bin/../../lib/gcc/pic32c/8.3.1/../../../../pic32c/lib/thumb/v7e-m+fp/hard\libc-musl.a(__libc_start_main.o)
 .debug_abbrev  0x0000000000006c17       0xd4 c:/program files/microchip/xc32/v4.60/bin/bin/../../lib/gcc/pic32c/8.3.1/../../../../pic32c/lib/thumb/v7e-m+fp/hard\libc-musl.a(libc.o)
 .debug_abbrev  0x0000000000006ceb      0x195 c:/program files/microchip/xc32/v4.60/bin/bin/../../lib/gcc/pic32c/8.3.1/../../../../pic32c/lib/thumb/v7e-m+fp/hard\libc-musl.a(vsnprintf.o)
 .debug_abbrev  0x0000000000006e80      0x106 c:/program files/microchip/xc32/v4.60/bin/bin/../../lib/gcc/pic32c/8.3.1/../../../../pic32c/lib/thumb/v7e-m+fp/hard\libc-musl.a(snprintf.o)
 .debug_abbrev  0x0000000000006f86       0x62 c:/program files/microchip/xc32/v4.60/bin/bin/../../lib/gcc/pic32c/8.3.1/../../../../pic32c/lib/thumb/v7e-m+fp/hard\libc-musl.a(__environ.o)
 .debug_abbrev  0x0000000000006fe8       0x39 c:/program files/microchip/xc32/v4.60/bin/bin/../../lib/gcc/pic32c/8.3.1/../../../../pic32c/lib/thumb/v7e-m+fp/hard\libc-musl.a(__errno_location.o)
 .debug_abbrev  0x0000000000007021      0x189 c:/program files/microchip/xc32/v4.60/bin/bin/../../lib/gcc/pic32c/8.3.1/../../../../pic32c/lib/thumb/v7e-m+fp/hard\libc-musl.a(vfprintf.o)
 .debug_abbrev  0x00000000000071aa       0xdc c:/program files/microchip/xc32/v4.60/bin/bin/../../lib/gcc/pic32c/8.3.1/../../../../pic32c/lib/thumb/v7e-m+fp/hard\libc-musl.a(__pop_float.o)
 .debug_abbrev  0x0000000000007286       0xdc c:/program files/microchip/xc32/v4.60/bin/bin/../../lib/gcc/pic32c/8.3.1/../../../../pic32c/lib/thumb/v7e-m+fp/hard\libc-musl.a(__pop_int.o)
 .debug_abbrev  0x0000000000007362       0xed c:/program files/microchip/xc32/v4.60/bin/bin/../../lib/gcc/pic32c/8.3.1/../../../../pic32c/lib/thumb/v7e-m+fp/hard\libc-musl.a(__pop_ptr.o)
 .debug_abbrev  0x000000000000744f      0x332 c:/program files/microchip/xc32/v4.60/bin/bin/../../lib/gcc/pic32c/8.3.1/../../../../pic32c/lib/thumb/v7e-m+fp/hard\libc-musl.a(__printf_core.o)
 .debug_abbrev  0x0000000000007781       0xc6 c:/program files/microchip/xc32/v4.60/bin/bin/../../lib/gcc/pic32c/8.3.1/../../../../pic32c/lib/thumb/v7e-m+fp/hard\libc-musl.a(atoi.o)
 .debug_abbrev  0x0000000000007847      0x108 c:/program files/microchip/xc32/v4.60/bin/bin/../../lib/gcc/pic32c/8.3.1/../../../../pic32c/lib/thumb/v7e-m+fp/hard\libc-musl.a(tolower.o)
 .debug_abbrev  0x000000000000794f      0x1d5 c:/program files/microchip/xc32/v4.60/bin/bin/../../lib/gcc/pic32c/8.3.1/../../../../pic32c/lib/thumb/v7e-m+fp/hard\libc-musl.a(__fmt_a.o)
 .debug_abbrev  0x0000000000007b24      0x161 c:/program files/microchip/xc32/v4.60/bin/bin/../../lib/gcc/pic32c/8.3.1/../../../../pic32c/lib/thumb/v7e-m+fp/hard\libc-musl.a(__fmt_d.o)
 .debug_abbrev  0x0000000000007c85      0x1f4 c:/program files/microchip/xc32/v4.60/bin/bin/../../lib/gcc/pic32c/8.3.1/../../../../pic32c/lib/thumb/v7e-m+fp/hard\libc-musl.a(__fmt_fp.o)
 .debug_abbrev  0x0000000000007e79      0x161 c:/program files/microchip/xc32/v4.60/bin/bin/../../lib/gcc/pic32c/8.3.1/../../../../pic32c/lib/thumb/v7e-m+fp/hard\libc-musl.a(__fmt_o.o)
 .debug_abbrev  0x0000000000007fda      0x14c c:/program files/microchip/xc32/v4.60/bin/bin/../../lib/gcc/pic32c/8.3.1/../../../../pic32c/lib/thumb/v7e-m+fp/hard\libc-musl.a(__fmt_s.o)
 .debug_abbrev  0x0000000000008126      0x161 c:/program files/microchip/xc32/v4.60/bin/bin/../../lib/gcc/pic32c/8.3.1/../../../../pic32c/lib/thumb/v7e-m+fp/hard\libc-musl.a(__fmt_u.o)
 .debug_abbrev  0x0000000000008287      0x150 c:/program files/microchip/xc32/v4.60/bin/bin/../../lib/gcc/pic32c/8.3.1/../../../../pic32c/lib/thumb/v7e-m+fp/hard\libc-musl.a(__fmt_x.o)
 .debug_abbrev  0x00000000000083d7      0x108 c:/program files/microchip/xc32/v4.60/bin/bin/../../lib/gcc/pic32c/8.3.1/../../../../pic32c/lib/thumb/v7e-m+fp/hard\libc-musl.a(toupper.o)
 .debug_abbrev  0x00000000000084df       0xe5 c:/program files/microchip/xc32/v4.60/bin/bin/../../lib/gcc/pic32c/8.3.1/../../../../pic32c/lib/thumb/v7e-m+fp/hard\libc-musl.a(__cvt_u.o)
 .debug_abbrev  0x00000000000085c4       0x14 c:/program files/microchip/xc32/v4.60/bin/bin/../../lib/gcc/pic32c/8.3.1/thumb/v7e-m+fp/hard\libgcc.a(_aeabi_uldivmod.o)
 .debug_abbrev  0x00000000000085d8      0x122 c:/program files/microchip/xc32/v4.60/bin/bin/../../lib/gcc/pic32c/8.3.1/thumb/v7e-m+fp/hard\libgcc.a(_udivmoddi4.o)
 .debug_abbrev  0x00000000000086fa       0x14 c:/program files/microchip/xc32/v4.60/bin/bin/../../lib/gcc/pic32c/8.3.1/thumb/v7e-m+fp/hard\libgcc.a(_dvmd_tls.o)
 .debug_abbrev  0x000000000000870e       0x2e c:/program files/microchip/xc32/v4.60/bin/bin/../../lib/gcc/pic32c/8.3.1/../../../../pic32c/lib/thumb/v7e-m+fp/hard\libpic32c.a(pic32_data_init_clear.o)
 .debug_abbrev  0x000000000000873c       0x2e c:/program files/microchip/xc32/v4.60/bin/bin/../../lib/gcc/pic32c/8.3.1/../../../../pic32c/lib/thumb/v7e-m+fp/hard\libpic32c.a(pic32_data_init_copy.o)
 .debug_abbrev  0x000000000000876a       0x2e c:/program files/microchip/xc32/v4.60/bin/bin/../../lib/gcc/pic32c/8.3.1/../../../../pic32c/lib/thumb/v7e-m+fp/hard\libpic32c.a(pic32_data_init_decompress.o)

.debug_loc      0x0000000000000000    0x1306f
 .debug_loc     0x0000000000000000      0x830 build/default/production/_ext/667276850/drv_i2s.o
 .debug_loc     0x0000000000000830       0xa0 build/default/production/_ext/554284977/plib_i2s.o
 .debug_loc     0x00000000000008d0     0x138a build/default/production/_ext/20954303/drv_sdmmc.o
 .debug_loc     0x0000000000001c5a       0x50 build/default/production/_ext/20954303/drv_sdmmc_file_system.o
 .debug_loc     0x0000000000001caa      0x38c build/default/production/_ext/818654064/drv_usbfsv1.o
 .debug_loc     0x0000000000002036      0x6b6 build/default/production/_ext/818654064/drv_usbfsv1_device.o
 .debug_loc     0x00000000000026ec      0x41c build/default/production/_ext/60163342/plib_adc1.o
 .debug_loc     0x0000000000002b08      0x35c build/default/production/_ext/1984496892/plib_clock.o
 .debug_loc     0x0000000000002e64      0x644 build/default/production/_ext/1865161661/plib_dmac.o
 .debug_loc     0x00000000000034a8       0x44 build/default/production/_ext/1986646378/plib_evsys.o
 .debug_loc     0x00000000000034ec       0x44 build/default/production/_ext/60175264/plib_mpu.o
 .debug_loc     0x0000000000003530      0x394 build/default/production/_ext/1865468468/plib_nvic.o
 .debug_loc     0x00000000000038c4      0x798 build/default/production/_ext/1593096446/plib_nvmctrl.o
 .debug_loc     0x000000000000405c      0x3dc build/default/production/_ext/1865521619/plib_port.o
 .debug_loc     0x0000000000004438      0x338 build/default/production/_ext/60180175/plib_rtc_clock.o
 .debug_loc     0x0000000000004770      0x6f4 build/default/production/_ext/1865600094/plib_sdhc0.o
 .debug_loc     0x0000000000004e64      0x4c8 build/default/production/_ext/508257091/plib_sercom1_i2c_master.o
 .debug_loc     0x000000000000532c      0x358 build/default/production/_ext/1530421352/plib_sercom2_spi_slave.o
 .debug_loc     0x0000000000005684      0x5cc build/default/production/_ext/1827571544/plib_systick.o
 .debug_loc     0x0000000000005c50      0x358 build/default/production/_ext/829342655/plib_tc0.o
 .debug_loc     0x0000000000005fa8      0x358 build/default/production/_ext/829342655/plib_tc1.o
 .debug_loc     0x0000000000006300      0x49c build/default/production/_ext/1832805299/sys_console.o
 .debug_loc     0x000000000000679c      0x74c build/default/production/_ext/1832805299/sys_console_usb_cdc.o
 .debug_loc     0x0000000000006ee8      0x1f8 build/default/production/_ext/944882569/sys_debug.o
 .debug_loc     0x00000000000070e0      0x114 build/default/production/_ext/411819097/ffunicode.o
 .debug_loc     0x00000000000071f4     0x1e8c build/default/production/_ext/411819097/ff.o
 .debug_loc     0x0000000000009080      0x2f4 build/default/production/_ext/565198302/diskio.o
 .debug_loc     0x0000000000009374      0xb20 build/default/production/_ext/1269487135/sys_fs_fat_interface.o
 .debug_loc     0x0000000000009e94      0xe4a build/default/production/_ext/1269487135/sys_fs.o
 .debug_loc     0x000000000000acde      0x742 build/default/production/_ext/1269487135/sys_fs_media_manager.o
 .debug_loc     0x000000000000b420      0x25c build/default/production/_ext/1881668453/sys_int.o
 .debug_loc     0x000000000000b67c      0xba0 build/default/production/_ext/101884895/sys_time.o
 .debug_loc     0x000000000000c21c       0x50 build/default/production/_ext/308758920/usb_device_cdc_acm.o
 .debug_loc     0x000000000000c26c      0x536 build/default/production/_ext/308758920/usb_device_cdc.o
 .debug_loc     0x000000000000c7a2      0xf8d build/default/production/_ext/308758920/usb_device.o
 .debug_loc     0x000000000000d72f      0x108 build/default/production/_ext/1171490990/exceptions.o
 .debug_loc     0x000000000000d837       0x20 build/default/production/_ext/1171490990/startup_xc32.o
 .debug_loc     0x000000000000d857       0x50 build/default/production/_ext/1171490990/initialization.o
 .debug_loc     0x000000000000d8a7       0x2c build/default/production/_ext/1171490990/tasks.o
 .debug_loc     0x000000000000d8d3      0x1be build/default/production/_ext/1360937237/main.o
 .debug_loc     0x000000000000da91       0x88 build/default/production/_ext/1360937237/app.o
 .debug_loc     0x000000000000db19      0x534 build/default/production/_ext/1360937237/AVM_ble_cmd.o
 .debug_loc     0x000000000000e04d      0x11c build/default/production/_ext/1360937237/ble_slave.o
 .debug_loc     0x000000000000e169      0x25c build/default/production/_ext/1360937237/codec.o
 .debug_loc     0x000000000000e3c5      0x27c build/default/production/_ext/1360937237/sd_handler.o
 .debug_loc     0x000000000000e641      0x2c0 build/default/production/_ext/1360937237/i2s_dma_manager.o
 .debug_loc     0x000000000000e901      0x1ef build/default/production/_ext/1360937237/app_sdcard.o
 .debug_loc     0x000000000000eaf0       0xe0 build/default/production/_ext/1360937237/button.o
 .debug_loc     0x000000000000ebd0       0x14 c:/program files/microchip/xc32/v4.60/bin/bin/../../lib/gcc/pic32c/8.3.1/../../../../pic32c/lib/thumb/v7e-m+fp/hard\libpic32c.a(data_init.o)
 .debug_loc     0x000000000000ebe4      0x10c c:/program files/microchip/xc32/v4.60/bin/bin/../../lib/gcc/pic32c/8.3.1/../../../../pic32c/lib/thumb/v7e-m+fp/hard\libc-size-musl.a(memcmp.o)
 .debug_loc     0x000000000000ecf0      0x10b c:/program files/microchip/xc32/v4.60/bin/bin/../../lib/gcc/pic32c/8.3.1/../../../../pic32c/lib/thumb/v7e-m+fp/hard\libc-size-musl.a(memcpy.o)
 .debug_loc     0x000000000000edfb       0x7d c:/program files/microchip/xc32/v4.60/bin/bin/../../lib/gcc/pic32c/8.3.1/../../../../pic32c/lib/thumb/v7e-m+fp/hard\libc-size-musl.a(memset.o)
 .debug_loc     0x000000000000ee78       0x90 c:/program files/microchip/xc32/v4.60/bin/bin/../../lib/gcc/pic32c/8.3.1/../../../../pic32c/lib/thumb/v7e-m+fp/hard\libc-size-musl.a(strlen.o)
 .debug_loc     0x000000000000ef08       0x8c c:/program files/microchip/xc32/v4.60/bin/bin/../../lib/gcc/pic32c/8.3.1/../../../../pic32c/lib/thumb/v7e-m+fp/hard\libc-size-musl.a(strchr.o)
 .debug_loc     0x000000000000ef94      0x11a c:/program files/microchip/xc32/v4.60/bin/bin/../../lib/gcc/pic32c/8.3.1/../../../../pic32c/lib/thumb/v7e-m+fp/hard\libc-size-musl.a(strchrnul.o)
 .debug_loc     0x000000000000f0ae       0x96 c:/program files/microchip/xc32/v4.60/bin/bin/../../lib/gcc/pic32c/8.3.1/../../../../pic32c/lib/thumb/v7e-m+fp/hard\libc-size-musl.a(strcmp.o)
 .debug_loc     0x000000000000f144       0x67 c:/program files/microchip/xc32/v4.60/bin/bin/../../lib/gcc/pic32c/8.3.1/../../../../pic32c/lib/thumb/v7e-m+fp/hard\libc-size-musl.a(strcpy.o)
 .debug_loc     0x000000000000f1ab      0x1b1 c:/program files/microchip/xc32/v4.60/bin/bin/../../lib/gcc/pic32c/8.3.1/../../../../pic32c/lib/thumb/v7e-m+fp/hard\libc-size-musl.a(strncmp.o)
 .debug_loc     0x000000000000f35c       0x60 c:/program files/microchip/xc32/v4.60/bin/bin/../../lib/gcc/pic32c/8.3.1/../../../../pic32c/lib/thumb/v7e-m+fp/hard\libc-size-musl.a(stpcpy.o)
 .debug_loc     0x000000000000f3bc       0x51 c:/program files/microchip/xc32/v4.60/bin/bin/../../lib/gcc/pic32c/8.3.1/../../../../pic32c/lib/thumb/v7e-m+fp/hard\libc-musl.a(__libc_start_main.o)
 .debug_loc     0x000000000000f40d       0xeb c:/program files/microchip/xc32/v4.60/bin/bin/../../lib/gcc/pic32c/8.3.1/../../../../pic32c/lib/thumb/v7e-m+fp/hard\libc-musl.a(vsnprintf.o)
 .debug_loc     0x000000000000f4f8       0xaf c:/program files/microchip/xc32/v4.60/bin/bin/../../lib/gcc/pic32c/8.3.1/../../../../pic32c/lib/thumb/v7e-m+fp/hard\libc-musl.a(snprintf.o)
 .debug_loc     0x000000000000f5a7       0x88 c:/program files/microchip/xc32/v4.60/bin/bin/../../lib/gcc/pic32c/8.3.1/../../../../pic32c/lib/thumb/v7e-m+fp/hard\libc-musl.a(vfprintf.o)
 .debug_loc     0x000000000000f62f       0xa6 c:/program files/microchip/xc32/v4.60/bin/bin/../../lib/gcc/pic32c/8.3.1/../../../../pic32c/lib/thumb/v7e-m+fp/hard\libc-musl.a(__pop_float.o)
 .debug_loc     0x000000000000f6d5      0x2f5 c:/program files/microchip/xc32/v4.60/bin/bin/../../lib/gcc/pic32c/8.3.1/../../../../pic32c/lib/thumb/v7e-m+fp/hard\libc-musl.a(__pop_int.o)
 .debug_loc     0x000000000000f9ca      0x1db c:/program files/microchip/xc32/v4.60/bin/bin/../../lib/gcc/pic32c/8.3.1/../../../../pic32c/lib/thumb/v7e-m+fp/hard\libc-musl.a(__pop_ptr.o)
 .debug_loc     0x000000000000fba5      0x5e9 c:/program files/microchip/xc32/v4.60/bin/bin/../../lib/gcc/pic32c/8.3.1/../../../../pic32c/lib/thumb/v7e-m+fp/hard\libc-musl.a(__printf_core.o)
 .debug_loc     0x000000000001018e       0xd8 c:/program files/microchip/xc32/v4.60/bin/bin/../../lib/gcc/pic32c/8.3.1/../../../../pic32c/lib/thumb/v7e-m+fp/hard\libc-musl.a(atoi.o)
 .debug_loc     0x0000000000010266       0x4a c:/program files/microchip/xc32/v4.60/bin/bin/../../lib/gcc/pic32c/8.3.1/../../../../pic32c/lib/thumb/v7e-m+fp/hard\libc-musl.a(tolower.o)
 .debug_loc     0x00000000000102b0      0xb29 c:/program files/microchip/xc32/v4.60/bin/bin/../../lib/gcc/pic32c/8.3.1/../../../../pic32c/lib/thumb/v7e-m+fp/hard\libc-musl.a(__fmt_a.o)
 .debug_loc     0x0000000000010dd9      0x1ef c:/program files/microchip/xc32/v4.60/bin/bin/../../lib/gcc/pic32c/8.3.1/../../../../pic32c/lib/thumb/v7e-m+fp/hard\libc-musl.a(__fmt_d.o)
 .debug_loc     0x0000000000010fc8      0xa5d c:/program files/microchip/xc32/v4.60/bin/bin/../../lib/gcc/pic32c/8.3.1/../../../../pic32c/lib/thumb/v7e-m+fp/hard\libc-musl.a(__fmt_fp.o)
 .debug_loc     0x0000000000011a25      0x10a c:/program files/microchip/xc32/v4.60/bin/bin/../../lib/gcc/pic32c/8.3.1/../../../../pic32c/lib/thumb/v7e-m+fp/hard\libc-musl.a(__fmt_o.o)
 .debug_loc     0x0000000000011b2f      0x157 c:/program files/microchip/xc32/v4.60/bin/bin/../../lib/gcc/pic32c/8.3.1/../../../../pic32c/lib/thumb/v7e-m+fp/hard\libc-musl.a(__fmt_s.o)
 .debug_loc     0x0000000000011c86      0x10a c:/program files/microchip/xc32/v4.60/bin/bin/../../lib/gcc/pic32c/8.3.1/../../../../pic32c/lib/thumb/v7e-m+fp/hard\libc-musl.a(__fmt_u.o)
 .debug_loc     0x0000000000011d90      0x26d c:/program files/microchip/xc32/v4.60/bin/bin/../../lib/gcc/pic32c/8.3.1/../../../../pic32c/lib/thumb/v7e-m+fp/hard\libc-musl.a(__fmt_x.o)
 .debug_loc     0x0000000000011ffd       0x4a c:/program files/microchip/xc32/v4.60/bin/bin/../../lib/gcc/pic32c/8.3.1/../../../../pic32c/lib/thumb/v7e-m+fp/hard\libc-musl.a(toupper.o)
 .debug_loc     0x0000000000012047      0x197 c:/program files/microchip/xc32/v4.60/bin/bin/../../lib/gcc/pic32c/8.3.1/../../../../pic32c/lib/thumb/v7e-m+fp/hard\libc-musl.a(__cvt_u.o)
 .debug_loc     0x00000000000121de      0xe69 c:/program files/microchip/xc32/v4.60/bin/bin/../../lib/gcc/pic32c/8.3.1/thumb/v7e-m+fp/hard\libgcc.a(_udivmoddi4.o)
 .debug_loc     0x0000000000013047       0x14 c:/program files/microchip/xc32/v4.60/bin/bin/../../lib/gcc/pic32c/8.3.1/../../../../pic32c/lib/thumb/v7e-m+fp/hard\libpic32c.a(pic32_data_init_copy.o)
 .debug_loc     0x000000000001305b       0x14 c:/program files/microchip/xc32/v4.60/bin/bin/../../lib/gcc/pic32c/8.3.1/../../../../pic32c/lib/thumb/v7e-m+fp/hard\libpic32c.a(pic32_data_init_decompress.o)

.debug_aranges  0x0000000000000000     0x2188
 .debug_aranges
                0x0000000000000000       0xe0 build/default/production/_ext/667276850/drv_i2s.o
 .debug_aranges
                0x00000000000000e0       0x28 build/default/production/_ext/554284977/plib_i2s.o
 .debug_aranges
                0x0000000000000108      0x200 build/default/production/_ext/20954303/drv_sdmmc.o
 .debug_aranges
                0x0000000000000308       0x20 build/default/production/_ext/20954303/drv_sdmmc_file_system.o
 .debug_aranges
                0x0000000000000328       0x80 build/default/production/_ext/818654064/drv_usbfsv1.o
 .debug_aranges
                0x00000000000003a8       0xc0 build/default/production/_ext/818654064/drv_usbfsv1_device.o
 .debug_aranges
                0x0000000000000468       0x80 build/default/production/_ext/60163342/plib_adc1.o
 .debug_aranges
                0x00000000000004e8       0x80 build/default/production/_ext/1984496892/plib_clock.o
 .debug_aranges
                0x0000000000000568       0xb0 build/default/production/_ext/1865161661/plib_dmac.o
 .debug_aranges
                0x0000000000000618       0x20 build/default/production/_ext/1986646378/plib_evsys.o
 .debug_aranges
                0x0000000000000638       0x20 build/default/production/_ext/60175264/plib_mpu.o
 .debug_aranges
                0x0000000000000658       0x70 build/default/production/_ext/1865468468/plib_nvic.o
 .debug_aranges
                0x00000000000006c8       0xd8 build/default/production/_ext/1593096446/plib_nvmctrl.o
 .debug_aranges
                0x00000000000007a0       0x70 build/default/production/_ext/1865521619/plib_port.o
 .debug_aranges
                0x0000000000000810       0x68 build/default/production/_ext/60180175/plib_rtc_clock.o
 .debug_aranges
                0x0000000000000878       0xd0 build/default/production/_ext/1865600094/plib_sdhc0.o
 .debug_aranges
                0x0000000000000948       0x90 build/default/production/_ext/508257091/plib_sercom1_i2c_master.o
 .debug_aranges
                0x00000000000009d8       0x70 build/default/production/_ext/1530421352/plib_sercom2_spi_slave.o
 .debug_aranges
                0x0000000000000a48       0xb0 build/default/production/_ext/1827571544/plib_systick.o
 .debug_aranges
                0x0000000000000af8       0x70 build/default/production/_ext/829342655/plib_tc0.o
 .debug_aranges
                0x0000000000000b68       0x70 build/default/production/_ext/829342655/plib_tc1.o
 .debug_aranges
                0x0000000000000bd8       0x88 build/default/production/_ext/1832805299/sys_console.o
 .debug_aranges
                0x0000000000000c60       0xc8 build/default/production/_ext/1832805299/sys_console_usb_cdc.o
 .debug_aranges
                0x0000000000000d28       0x48 build/default/production/_ext/944882569/sys_debug.o
 .debug_aranges
                0x0000000000000d70       0x30 build/default/production/_ext/411819097/ffunicode.o
 .debug_aranges
                0x0000000000000da0      0x308 build/default/production/_ext/411819097/ff.o
 .debug_aranges
                0x00000000000010a8       0x60 build/default/production/_ext/565198302/diskio.o
 .debug_aranges
                0x0000000000001108      0x130 build/default/production/_ext/1269487135/sys_fs_fat_interface.o
 .debug_aranges
                0x0000000000001238      0x180 build/default/production/_ext/1269487135/sys_fs.o
 .debug_aranges
                0x00000000000013b8       0xc8 build/default/production/_ext/1269487135/sys_fs_media_manager.o
 .debug_aranges
                0x0000000000001480       0x58 build/default/production/_ext/1881668453/sys_int.o
 .debug_aranges
                0x00000000000014d8      0x138 build/default/production/_ext/101884895/sys_time.o
 .debug_aranges
                0x0000000000001610       0x20 build/default/production/_ext/308758920/usb_device_cdc_acm.o
 .debug_aranges
                0x0000000000001630       0x98 build/default/production/_ext/308758920/usb_device_cdc.o
 .debug_aranges
                0x00000000000016c8      0x1a0 build/default/production/_ext/308758920/usb_device.o
 .debug_aranges
                0x0000000000001868       0x48 build/default/production/_ext/1171490990/exceptions.o
 .debug_aranges
                0x00000000000018b0       0x38 build/default/production/_ext/1171490990/startup_xc32.o
 .debug_aranges
                0x00000000000018e8       0x20 build/default/production/_ext/1171490990/initialization.o
 .debug_aranges
                0x0000000000001908       0x18 build/default/production/_ext/1171490990/usb_device_init_data.o
 .debug_aranges
                0x0000000000001920       0x20 build/default/production/_ext/1171490990/tasks.o
 .debug_aranges
                0x0000000000001940       0x20 build/default/production/_ext/1171490990/interrupts.o
 .debug_aranges
                0x0000000000001960       0x48 build/default/production/_ext/1360937237/main.o
 .debug_aranges
                0x00000000000019a8       0x28 build/default/production/_ext/1360937237/app.o
 .debug_aranges
                0x00000000000019d0       0xc0 build/default/production/_ext/1360937237/AVM_ble_cmd.o
 .debug_aranges
                0x0000000000001a90       0x38 build/default/production/_ext/1360937237/ble_slave.o
 .debug_aranges
                0x0000000000001ac8       0x58 build/default/production/_ext/1360937237/codec.o
 .debug_aranges
                0x0000000000001b20       0x58 build/default/production/_ext/1360937237/sd_handler.o
 .debug_aranges
                0x0000000000001b78       0x68 build/default/production/_ext/1360937237/i2s_dma_manager.o
 .debug_aranges
                0x0000000000001be0       0x48 build/default/production/_ext/1360937237/app_sdcard.o
 .debug_aranges
                0x0000000000001c28       0x38 build/default/production/_ext/1360937237/button.o
 .debug_aranges
                0x0000000000001c60       0x30 c:/program files/microchip/xc32/v4.60/bin/bin/../../lib/gcc/pic32c/8.3.1/../../../../pic32c/lib/thumb/v7e-m+fp/hard\libpic32c.a(data_init.o)
 .debug_aranges
                0x0000000000001c90       0x20 c:/program files/microchip/xc32/v4.60/bin/bin/../../lib/gcc/pic32c/8.3.1/../../../../pic32c/lib/thumb/v7e-m+fp/hard\libc-size-musl.a(memcmp.o)
 .debug_aranges
                0x0000000000001cb0       0x20 c:/program files/microchip/xc32/v4.60/bin/bin/../../lib/gcc/pic32c/8.3.1/../../../../pic32c/lib/thumb/v7e-m+fp/hard\libc-size-musl.a(memcpy.o)
 .debug_aranges
                0x0000000000001cd0       0x20 c:/program files/microchip/xc32/v4.60/bin/bin/../../lib/gcc/pic32c/8.3.1/../../../../pic32c/lib/thumb/v7e-m+fp/hard\libc-size-musl.a(memset.o)
 .debug_aranges
                0x0000000000001cf0       0x20 c:/program files/microchip/xc32/v4.60/bin/bin/../../lib/gcc/pic32c/8.3.1/../../../../pic32c/lib/thumb/v7e-m+fp/hard\libc-size-musl.a(strlen.o)
 .debug_aranges
                0x0000000000001d10       0x20 c:/program files/microchip/xc32/v4.60/bin/bin/../../lib/gcc/pic32c/8.3.1/../../../../pic32c/lib/thumb/v7e-m+fp/hard\libc-size-musl.a(strchr.o)
 .debug_aranges
                0x0000000000001d30       0x20 c:/program files/microchip/xc32/v4.60/bin/bin/../../lib/gcc/pic32c/8.3.1/../../../../pic32c/lib/thumb/v7e-m+fp/hard\libc-size-musl.a(strchrnul.o)
 .debug_aranges
                0x0000000000001d50       0x20 c:/program files/microchip/xc32/v4.60/bin/bin/../../lib/gcc/pic32c/8.3.1/../../../../pic32c/lib/thumb/v7e-m+fp/hard\libc-size-musl.a(strcmp.o)
 .debug_aranges
                0x0000000000001d70       0x20 c:/program files/microchip/xc32/v4.60/bin/bin/../../lib/gcc/pic32c/8.3.1/../../../../pic32c/lib/thumb/v7e-m+fp/hard\libc-size-musl.a(strcpy.o)
 .debug_aranges
                0x0000000000001d90       0x20 c:/program files/microchip/xc32/v4.60/bin/bin/../../lib/gcc/pic32c/8.3.1/../../../../pic32c/lib/thumb/v7e-m+fp/hard\libc-size-musl.a(strncmp.o)
 .debug_aranges
                0x0000000000001db0       0x20 c:/program files/microchip/xc32/v4.60/bin/bin/../../lib/gcc/pic32c/8.3.1/../../../../pic32c/lib/thumb/v7e-m+fp/hard\libc-size-musl.a(stpcpy.o)
 .debug_aranges
                0x0000000000001dd0       0x28 c:/program files/microchip/xc32/v4.60/bin/bin/../../lib/gcc/pic32c/8.3.1/../../../../pic32c/lib/thumb/v7e-m+fp/hard\libc-musl.a(__libc_start_main.o)
 .debug_aranges
                0x0000000000001df8       0x18 c:/program files/microchip/xc32/v4.60/bin/bin/../../lib/gcc/pic32c/8.3.1/../../../../pic32c/lib/thumb/v7e-m+fp/hard\libc-musl.a(libc.o)
 .debug_aranges
                0x0000000000001e10       0x20 c:/program files/microchip/xc32/v4.60/bin/bin/../../lib/gcc/pic32c/8.3.1/../../../../pic32c/lib/thumb/v7e-m+fp/hard\libc-musl.a(vsnprintf.o)
 .debug_aranges
                0x0000000000001e30       0x20 c:/program files/microchip/xc32/v4.60/bin/bin/../../lib/gcc/pic32c/8.3.1/../../../../pic32c/lib/thumb/v7e-m+fp/hard\libc-musl.a(snprintf.o)
 .debug_aranges
                0x0000000000001e50       0x18 c:/program files/microchip/xc32/v4.60/bin/bin/../../lib/gcc/pic32c/8.3.1/../../../../pic32c/lib/thumb/v7e-m+fp/hard\libc-musl.a(__environ.o)
 .debug_aranges
                0x0000000000001e68       0x18 c:/program files/microchip/xc32/v4.60/bin/bin/../../lib/gcc/pic32c/8.3.1/../../../../pic32c/lib/thumb/v7e-m+fp/hard\libc-musl.a(__errno_location.o)
 .debug_aranges
                0x0000000000001e80       0x28 c:/program files/microchip/xc32/v4.60/bin/bin/../../lib/gcc/pic32c/8.3.1/../../../../pic32c/lib/thumb/v7e-m+fp/hard\libc-musl.a(vfprintf.o)
 .debug_aranges
                0x0000000000001ea8       0x20 c:/program files/microchip/xc32/v4.60/bin/bin/../../lib/gcc/pic32c/8.3.1/../../../../pic32c/lib/thumb/v7e-m+fp/hard\libc-musl.a(__pop_float.o)
 .debug_aranges
                0x0000000000001ec8       0x20 c:/program files/microchip/xc32/v4.60/bin/bin/../../lib/gcc/pic32c/8.3.1/../../../../pic32c/lib/thumb/v7e-m+fp/hard\libc-musl.a(__pop_int.o)
 .debug_aranges
                0x0000000000001ee8       0x20 c:/program files/microchip/xc32/v4.60/bin/bin/../../lib/gcc/pic32c/8.3.1/../../../../pic32c/lib/thumb/v7e-m+fp/hard\libc-musl.a(__pop_ptr.o)
 .debug_aranges
                0x0000000000001f08       0x50 c:/program files/microchip/xc32/v4.60/bin/bin/../../lib/gcc/pic32c/8.3.1/../../../../pic32c/lib/thumb/v7e-m+fp/hard\libc-musl.a(__printf_core.o)
 .debug_aranges
                0x0000000000001f58       0x20 c:/program files/microchip/xc32/v4.60/bin/bin/../../lib/gcc/pic32c/8.3.1/../../../../pic32c/lib/thumb/v7e-m+fp/hard\libc-musl.a(atoi.o)
 .debug_aranges
                0x0000000000001f78       0x28 c:/program files/microchip/xc32/v4.60/bin/bin/../../lib/gcc/pic32c/8.3.1/../../../../pic32c/lib/thumb/v7e-m+fp/hard\libc-musl.a(tolower.o)
 .debug_aranges
                0x0000000000001fa0       0x20 c:/program files/microchip/xc32/v4.60/bin/bin/../../lib/gcc/pic32c/8.3.1/../../../../pic32c/lib/thumb/v7e-m+fp/hard\libc-musl.a(__fmt_a.o)
 .debug_aranges
                0x0000000000001fc0       0x20 c:/program files/microchip/xc32/v4.60/bin/bin/../../lib/gcc/pic32c/8.3.1/../../../../pic32c/lib/thumb/v7e-m+fp/hard\libc-musl.a(__fmt_d.o)
 .debug_aranges
                0x0000000000001fe0       0x20 c:/program files/microchip/xc32/v4.60/bin/bin/../../lib/gcc/pic32c/8.3.1/../../../../pic32c/lib/thumb/v7e-m+fp/hard\libc-musl.a(__fmt_fp.o)
 .debug_aranges
                0x0000000000002000       0x20 c:/program files/microchip/xc32/v4.60/bin/bin/../../lib/gcc/pic32c/8.3.1/../../../../pic32c/lib/thumb/v7e-m+fp/hard\libc-musl.a(__fmt_o.o)
 .debug_aranges
                0x0000000000002020       0x20 c:/program files/microchip/xc32/v4.60/bin/bin/../../lib/gcc/pic32c/8.3.1/../../../../pic32c/lib/thumb/v7e-m+fp/hard\libc-musl.a(__fmt_s.o)
 .debug_aranges
                0x0000000000002040       0x20 c:/program files/microchip/xc32/v4.60/bin/bin/../../lib/gcc/pic32c/8.3.1/../../../../pic32c/lib/thumb/v7e-m+fp/hard\libc-musl.a(__fmt_u.o)
 .debug_aranges
                0x0000000000002060       0x20 c:/program files/microchip/xc32/v4.60/bin/bin/../../lib/gcc/pic32c/8.3.1/../../../../pic32c/lib/thumb/v7e-m+fp/hard\libc-musl.a(__fmt_x.o)
 .debug_aranges
                0x0000000000002080       0x28 c:/program files/microchip/xc32/v4.60/bin/bin/../../lib/gcc/pic32c/8.3.1/../../../../pic32c/lib/thumb/v7e-m+fp/hard\libc-musl.a(toupper.o)
 .debug_aranges
                0x00000000000020a8       0x20 c:/program files/microchip/xc32/v4.60/bin/bin/../../lib/gcc/pic32c/8.3.1/../../../../pic32c/lib/thumb/v7e-m+fp/hard\libc-musl.a(__cvt_u.o)
 .debug_aranges
                0x00000000000020c8       0x20 c:/program files/microchip/xc32/v4.60/bin/bin/../../lib/gcc/pic32c/8.3.1/thumb/v7e-m+fp/hard\libgcc.a(_aeabi_uldivmod.o)
 .debug_aranges
                0x00000000000020e8       0x20 c:/program files/microchip/xc32/v4.60/bin/bin/../../lib/gcc/pic32c/8.3.1/thumb/v7e-m+fp/hard\libgcc.a(_udivmoddi4.o)
 .debug_aranges
                0x0000000000002108       0x20 c:/program files/microchip/xc32/v4.60/bin/bin/../../lib/gcc/pic32c/8.3.1/thumb/v7e-m+fp/hard\libgcc.a(_dvmd_tls.o)
 .debug_aranges
                0x0000000000002128       0x20 c:/program files/microchip/xc32/v4.60/bin/bin/../../lib/gcc/pic32c/8.3.1/../../../../pic32c/lib/thumb/v7e-m+fp/hard\libpic32c.a(pic32_data_init_clear.o)
 .debug_aranges
                0x0000000000002148       0x20 c:/program files/microchip/xc32/v4.60/bin/bin/../../lib/gcc/pic32c/8.3.1/../../../../pic32c/lib/thumb/v7e-m+fp/hard\libpic32c.a(pic32_data_init_copy.o)
 .debug_aranges
                0x0000000000002168       0x20 c:/program files/microchip/xc32/v4.60/bin/bin/../../lib/gcc/pic32c/8.3.1/../../../../pic32c/lib/thumb/v7e-m+fp/hard\libpic32c.a(pic32_data_init_decompress.o)

.debug_ranges   0x0000000000000000     0x1d80
 .debug_ranges  0x0000000000000000       0xd0 build/default/production/_ext/667276850/drv_i2s.o
 .debug_ranges  0x00000000000000d0       0x18 build/default/production/_ext/554284977/plib_i2s.o
 .debug_ranges  0x00000000000000e8      0x258 build/default/production/_ext/20954303/drv_sdmmc.o
 .debug_ranges  0x0000000000000340       0x10 build/default/production/_ext/20954303/drv_sdmmc_file_system.o
 .debug_ranges  0x0000000000000350       0x70 build/default/production/_ext/818654064/drv_usbfsv1.o
 .debug_ranges  0x00000000000003c0       0xb0 build/default/production/_ext/818654064/drv_usbfsv1_device.o
 .debug_ranges  0x0000000000000470       0x70 build/default/production/_ext/60163342/plib_adc1.o
 .debug_ranges  0x00000000000004e0       0x70 build/default/production/_ext/1984496892/plib_clock.o
 .debug_ranges  0x0000000000000550       0xa0 build/default/production/_ext/1865161661/plib_dmac.o
 .debug_ranges  0x00000000000005f0       0x10 build/default/production/_ext/1986646378/plib_evsys.o
 .debug_ranges  0x0000000000000600       0x10 build/default/production/_ext/60175264/plib_mpu.o
 .debug_ranges  0x0000000000000610       0x60 build/default/production/_ext/1865468468/plib_nvic.o
 .debug_ranges  0x0000000000000670       0xc8 build/default/production/_ext/1593096446/plib_nvmctrl.o
 .debug_ranges  0x0000000000000738       0x60 build/default/production/_ext/1865521619/plib_port.o
 .debug_ranges  0x0000000000000798       0x58 build/default/production/_ext/60180175/plib_rtc_clock.o
 .debug_ranges  0x00000000000007f0       0xc0 build/default/production/_ext/1865600094/plib_sdhc0.o
 .debug_ranges  0x00000000000008b0       0xb8 build/default/production/_ext/508257091/plib_sercom1_i2c_master.o
 .debug_ranges  0x0000000000000968       0x60 build/default/production/_ext/1530421352/plib_sercom2_spi_slave.o
 .debug_ranges  0x00000000000009c8       0xa0 build/default/production/_ext/1827571544/plib_systick.o
 .debug_ranges  0x0000000000000a68       0x60 build/default/production/_ext/829342655/plib_tc0.o
 .debug_ranges  0x0000000000000ac8       0x60 build/default/production/_ext/829342655/plib_tc1.o
 .debug_ranges  0x0000000000000b28       0x78 build/default/production/_ext/1832805299/sys_console.o
 .debug_ranges  0x0000000000000ba0       0xb8 build/default/production/_ext/1832805299/sys_console_usb_cdc.o
 .debug_ranges  0x0000000000000c58       0x38 build/default/production/_ext/944882569/sys_debug.o
 .debug_ranges  0x0000000000000c90       0x20 build/default/production/_ext/411819097/ffunicode.o
 .debug_ranges  0x0000000000000cb0      0x328 build/default/production/_ext/411819097/ff.o
 .debug_ranges  0x0000000000000fd8       0x50 build/default/production/_ext/565198302/diskio.o
 .debug_ranges  0x0000000000001028      0x120 build/default/production/_ext/1269487135/sys_fs_fat_interface.o
 .debug_ranges  0x0000000000001148      0x170 build/default/production/_ext/1269487135/sys_fs.o
 .debug_ranges  0x00000000000012b8       0xb8 build/default/production/_ext/1269487135/sys_fs_media_manager.o
 .debug_ranges  0x0000000000001370       0x48 build/default/production/_ext/1881668453/sys_int.o
 .debug_ranges  0x00000000000013b8      0x128 build/default/production/_ext/101884895/sys_time.o
 .debug_ranges  0x00000000000014e0       0x10 build/default/production/_ext/308758920/usb_device_cdc_acm.o
 .debug_ranges  0x00000000000014f0       0x88 build/default/production/_ext/308758920/usb_device_cdc.o
 .debug_ranges  0x0000000000001578      0x190 build/default/production/_ext/308758920/usb_device.o
 .debug_ranges  0x0000000000001708       0x38 build/default/production/_ext/1171490990/exceptions.o
 .debug_ranges  0x0000000000001740       0x28 build/default/production/_ext/1171490990/startup_xc32.o
 .debug_ranges  0x0000000000001768       0x10 build/default/production/_ext/1171490990/initialization.o
 .debug_ranges  0x0000000000001778       0x10 build/default/production/_ext/1171490990/tasks.o
 .debug_ranges  0x0000000000001788       0x10 build/default/production/_ext/1171490990/interrupts.o
 .debug_ranges  0x0000000000001798       0x38 build/default/production/_ext/1360937237/main.o
 .debug_ranges  0x00000000000017d0       0x18 build/default/production/_ext/1360937237/app.o
 .debug_ranges  0x00000000000017e8       0xb0 build/default/production/_ext/1360937237/AVM_ble_cmd.o
 .debug_ranges  0x0000000000001898       0x28 build/default/production/_ext/1360937237/ble_slave.o
 .debug_ranges  0x00000000000018c0       0x48 build/default/production/_ext/1360937237/codec.o
 .debug_ranges  0x0000000000001908       0x48 build/default/production/_ext/1360937237/sd_handler.o
 .debug_ranges  0x0000000000001950       0x58 build/default/production/_ext/1360937237/i2s_dma_manager.o
 .debug_ranges  0x00000000000019a8       0x50 build/default/production/_ext/1360937237/app_sdcard.o
 .debug_ranges  0x00000000000019f8       0x28 build/default/production/_ext/1360937237/button.o
 .debug_ranges  0x0000000000001a20       0x20 c:/program files/microchip/xc32/v4.60/bin/bin/../../lib/gcc/pic32c/8.3.1/../../../../pic32c/lib/thumb/v7e-m+fp/hard\libpic32c.a(data_init.o)
 .debug_ranges  0x0000000000001a40       0x10 c:/program files/microchip/xc32/v4.60/bin/bin/../../lib/gcc/pic32c/8.3.1/../../../../pic32c/lib/thumb/v7e-m+fp/hard\libc-size-musl.a(memcmp.o)
 .debug_ranges  0x0000000000001a50       0x10 c:/program files/microchip/xc32/v4.60/bin/bin/../../lib/gcc/pic32c/8.3.1/../../../../pic32c/lib/thumb/v7e-m+fp/hard\libc-size-musl.a(memcpy.o)