Archive member included to satisfy reference by file (symbol)

c:/program files/microchip/xc32/v4.60/bin/bin/../../lib/gcc/pic32c/8.3.1/../../../../pic32c/lib/thumb/v7e-m+fp/hard\libpic32c.a(data_init.o)
                              build/default/debug/_ext/1171490990/startup_xc32.o (__pic32c_data_initialization)
c:/program files/microchip/xc32/v4.60/bin/bin/../../lib/gcc/pic32c/8.3.1/../../../../pic32c/lib/thumb/v7e-m+fp/hard\libc-size-musl.a(memcpy.o)
                              build/default/debug/_ext/818654064/drv_usbfsv1_device.o (memcpy)
c:/program files/microchip/xc32/v4.60/bin/bin/../../lib/gcc/pic32c/8.3.1/../../../../pic32c/lib/thumb/v7e-m+fp/hard\libc-size-musl.a(memset.o)
                              build/default/debug/_ext/818654064/drv_usbfsv1_device.o (memset)
c:/program files/microchip/xc32/v4.60/bin/bin/../../lib/gcc/pic32c/8.3.1/../../../../pic32c/lib/thumb/v7e-m+fp/hard\libg-musl.a(__libc_start_main.o)
                              build/default/debug/_ext/1171490990/startup_xc32.o (__libc_init_array)
c:/program files/microchip/xc32/v4.60/bin/bin/../../lib/gcc/pic32c/8.3.1/../../../../pic32c/lib/thumb/v7e-m+fp/hard\libg-musl.a(libc.o)
                              c:/program files/microchip/xc32/v4.60/bin/bin/../../lib/gcc/pic32c/8.3.1/../../../../pic32c/lib/thumb/v7e-m+fp/hard\libg-musl.a(__libc_start_main.o) (__progname_full)
c:/program files/microchip/xc32/v4.60/bin/bin/../../lib/gcc/pic32c/8.3.1/../../../../pic32c/lib/thumb/v7e-m+fp/hard\libg-musl.a(__environ.o)
                              c:/program files/microchip/xc32/v4.60/bin/bin/../../lib/gcc/pic32c/8.3.1/../../../../pic32c/lib/thumb/v7e-m+fp/hard\libg-musl.a(__libc_start_main.o) (__environ)
c:/program files/microchip/xc32/v4.60/bin/bin/../../lib/gcc/pic32c/8.3.1/../../../../pic32c/lib/thumb/v7e-m+fp/hard\libpic32c.a(pic32_data_init_clear.o)
                              (__dinit_clear_needed)
c:/program files/microchip/xc32/v4.60/bin/bin/../../lib/gcc/pic32c/8.3.1/../../../../pic32c/lib/thumb/v7e-m+fp/hard\libpic32c.a(pic32_data_init_copy.o)
                              (__dinit_copy_needed)

Microchip PIC32 Memory-Usage Report

ROM Program-Memory Usage
section                    address  length [bytes]      (dec)  Description
-------                 ----------  -------------------------  -----------
.vectors                         0          0x260         608   
.text                        0x260           0x20          32  App's exec code 
.text.F_DRV_USBFSV1_DEV      0x280          0xb74        2932   
.text.DRV_USBFSV1_DEVIC      0xdf4          0x6c0        1728   
.text.DRV_USBFSV1_DEVIC     0x14b4          0x334         820   
.text.DRV_USBFSV1_DEVIC     0x17e8          0x2a8         680   
.text.DRV_USBFSV1_DEVIC     0x1a90          0x278         632   
.text.DRV_USBFSV1_Initi     0x1d08          0x260         608   
.text.DRV_USBFSV1_DEVIC     0x1f68          0x236         566   
.text.Dummy_App_Func        0x219e            0x2           2   
.text.USB_DEVICE_CDC_Wr     0x21a0          0x220         544   
.text.F_USB_DEVICE_Proc     0x23c0          0x1f0         496   
.text.F_USB_DEVICE_Proc     0x25b0          0x1e0         480   
.text.USB_DEVICE_CDC_Re     0x2790          0x1d8         472   
.text.F_USB_DEVICE_Even     0x2968          0x1d0         464   
.text.DRV_USBFSV1_DEVIC     0x2b38          0x1b2         434   
.text.__dummy_init_tls      0x2cea            0x2           2   
.text.F_USB_DEVICE_Cont     0x2cec          0x198         408   
.text.DRV_USBFSV1_DEVIC     0x2e84          0x190         400   
.text.USB_DEVICE_Initia     0x3014          0x178         376   
.text.DRV_USBFSV1_DEVIC     0x318c          0x174         372   
.dinit                      0x3300          0x170         368   
.text.F_USB_DEVICE_Ep0R     0x3470          0x164         356   
.text.F_USB_DEVICE_CDC_     0x35d4          0x160         352   
.text.F_USB_DEVICE_CDC_     0x3734          0x15c         348   
.text.F_USB_DEVICE_CDC_     0x3890          0x154         340   
.text.APP_USBDeviceEven     0x39e4          0x124         292   
.text.USBDeviceCDCEvent     0x3b08           0xf8         248   
.text.F_USB_DEVICE_Proc     0x3c00           0xda         218   
.text.F_USB_DEVICE_GetS     0x3cda           0xd6         214   
.text.CDC_Tasks             0x3db0           0xd4         212   
.text.USB_DEVICE_Tasks      0x3e84           0xcc         204   
.text.F_USB_DEVICE_Othe     0x3f50           0xb4         180   
.text.F_USB_DEVICE_Conf     0x4004           0xb2         178   
.text.F_USB_DEVICE_Ep0T     0x40b6           0xae         174   
.text.DRV_USBFSV1_Tasks     0x4164           0xac         172   
.text.F_USB_DEVICE_CDC_     0x4210           0xa0         160   
.text.DRV_USBFSV1_Tasks     0x42b0           0x9c         156   
.text.F_USB_DEVICE_CDC_     0x434c           0x98         152   
.text.F_USB_DEVICE_CDC_     0x43e4           0x98         152   
[...]
Memory Configuration

Name             Origin             Length             Attributes
rom              0x0000000000000000 0x0000000000100000 xrl
ram              0x0000000020000000 0x0000000000040000 xw !r
tcm              0x0000000003000000 0x0000000000000000 xw
bkupram          0x0000000047000000 0x0000000000002000
config_00804000  0x0000000000804000 0x0000000000000004
config_00804004  0x0000000000804004 0x0000000000000004
config_00804008  0x0000000000804008 0x0000000000000004
*default*        0x0000000000000000 0xffffffffffffffff

Linker script and memory map

LOAD c:/program files/microchip/xc32/v4.60/bin/bin/../../lib/gcc/pic32c/8.3.1/thumb/v7e-m+fp/hard/crti.o
LOAD c:/program files/microchip/xc32/v4.60/bin/bin/../../lib/gcc/pic32c/8.3.1/thumb/v7e-m+fp/hard/crtbegin.o
LOAD build/default/debug/_ext/818654064/drv_usbfsv1.o
LOAD build/default/debug/_ext/818654064/drv_usbfsv1_device.o
LOAD build/default/debug/_ext/1984496892/plib_clock.o
LOAD build/default/debug/_ext/1865131932/plib_cmcc.o
LOAD build/default/debug/_ext/1986646378/plib_evsys.o
LOAD build/default/debug/_ext/1865468468/plib_nvic.o
LOAD build/default/debug/_ext/1593096446/plib_nvmctrl.o
LOAD build/default/debug/_ext/1865521619/plib_port.o
LOAD build/default/debug/_ext/163028504/xc32_monitor.o
LOAD build/default/debug/_ext/1014039709/sys_cache.o
LOAD build/default/debug/_ext/1881668453/sys_int.o
LOAD build/default/debug/_ext/308758920/usb_device_cdc.o
LOAD build/default/debug/_ext/308758920/usb_device.o
LOAD build/default/debug/_ext/308758920/usb_device_cdc_acm.o
LOAD build/default/debug/_ext/1171490990/libc_syscalls.o
LOAD build/default/debug/_ext/1171490990/tasks.o
LOAD build/default/debug/_ext/1171490990/initialization.o
LOAD build/default/debug/_ext/1171490990/usb_device_init_data.o
LOAD build/default/debug/_ext/1171490990/exceptions.o
LOAD build/default/debug/_ext/1171490990/startup_xc32.o
LOAD build/default/debug/_ext/1171490990/interrupts.o
LOAD build/default/debug/_ext/1360937237/app.o
LOAD build/default/debug/_ext/1360937237/main.o
LOAD build/default/debug/_ext/1360937237/cdc.o
                0x0000000000000001                __MPLAB_BUILD = 0x1
                0x0000000000100000                __rom_end = (ORIGIN (rom) + LENGTH (rom))
                0x0000000020040000                __ram_end = (ORIGIN (ram) + LENGTH (ram))

.config_00804000
 *(.config_00804000)

.config_00804004
 *(.config_00804004)

.config_00804008
 *(.config_00804008)

.vectors        0x0000000000000000      0x260
                0x0000000000000000                . = ALIGN (0x4)
                0x0000000000000000                _sfixed = .
 *(.vectors .vectors.* .vectors_default .vectors_default.*)
 .vectors.exception_table
                0x0000000000000000      0x260 build/default/debug/_ext/1171490990/interrupts.o
                0x0000000000000000                exception_table
 *(.isr_vector)
 *(.reset*)
 *(.after_vectors)

.text           0x0000000000000260       0x20
                0x0000000000000260                . = ALIGN (0x4)
 *(.glue_7t)
 .glue_7t       0x0000000000000260        0x0 linker stubs
 *(.glue_7)
 .glue_7        0x0000000000000260        0x0 linker stubs
 *(.gnu.linkonce.r.*)
 *(.ARM.extab* .gnu.linkonce.armextab.*)
                0x0000000000000260                . = ALIGN (0x4)
 *(.init)
 .init          0x0000000000000260        0x4 c:/program files/microchip/xc32/v4.60/bin/bin/../../lib/gcc/pic32c/8.3.1/thumb/v7e-m+fp/hard/crti.o
                0x0000000000000260                _init
 .init          0x0000000000000264        0x8 c:/program files/microchip/xc32/v4.60/bin/bin/../../lib/gcc/pic32c/8.3.1/thumb/v7e-m+fp/hard/crtn.o
                0x000000000000026c                . = ALIGN (0x4)
                0x000000000000026c                __preinit_array_start = .
 *(.preinit_array)
                0x000000000000026c                __preinit_array_end = .
                0x000000000000026c                . = ALIGN (0x4)
                0x000000000000026c                __init_array_start = .
 *(SORT_BY_NAME(.init_array.*))
 *(.init_array)
 .init_array    0x000000000000026c        0x4 c:/program files/microchip/xc32/v4.60/bin/bin/../../lib/gcc/pic32c/8.3.1/thumb/v7e-m+fp/hard/crtbegin.o
                0x0000000000000270                __init_array_end = .
                0x0000000000000270                . = ALIGN (0x4)
 *crtbegin.o(.ctors)
 *(EXCLUDE_FILE(*crtend.o) .ctors)
 *(SORT_BY_NAME(.ctors.*))
 *crtend.o(.ctors)
                0x0000000000000270                . = ALIGN (0x4)
 *(.fini)
 .fini          0x0000000000000270        0x4 c:/program files/microchip/xc32/v4.60/bin/bin/../../lib/gcc/pic32c/8.3.1/thumb/v7e-m+fp/hard/crti.o
                0x0000000000000270                _fini
 .fini          0x0000000000000274        0x8 c:/program files/microchip/xc32/v4.60/bin/bin/../../lib/gcc/pic32c/8.3.1/thumb/v7e-m+fp/hard/crtn.o
                0x000000000000027c                . = ALIGN (0x4)
                0x000000000000027c                __fini_array_start = .
 *(.fini_array)
 .fini_array    0x000000000000027c        0x4 c:/program files/microchip/xc32/v4.60/bin/bin/../../lib/gcc/pic32c/8.3.1/thumb/v7e-m+fp/hard/crtbegin.o
 *(SORT_BY_NAME(.fini_array.*))
                0x0000000000000280                __fini_array_end = .
 *crtbegin.o(.dtors)
 *(EXCLUDE_FILE(*crtend.o) .dtors)
 *(SORT_BY_NAME(.dtors.*))
 *crtend.o(.dtors)
                0x0000000000000280                . = ALIGN (0x4)
                0x0000000000000280                _efixed = .
                [!provide]                        PROVIDE (__exidx_start = .)

.ARM.exidx
 *(.ARM.exidx* .gnu.linkonce.armexidx.*)
                [!provide]                        PROVIDE (__exidx_end = .)
                0x0000000000000280                . = ALIGN (0x4)
                0x0000000000000280                _etext = .

.bss            0x0000000020000000        0x0
                0x0000000020000000                . = ALIGN (0x4)
                0x0000000020000000                __bss_start__ = .
                0x0000000020000000                _sbss = .
                0x0000000020000000                _szero = .
 *(COMMON)
                0x0000000020000000                . = ALIGN (0x4)
                0x0000000020000000                __bss_end__ = .
                0x0000000020000000                _ebss = .
                0x0000000020000000                _ezero = .
                0x0000000020000000                . = ALIGN (0x4)
                0x0000000020000000                _end = .
                0x000000002003ffff                _ram_end_ = ((ORIGIN (ram) + LENGTH (ram)) - 0x1)

.bkupram_bss
 *(.bkupram_bss .bkupram_bss.*)
 *(.pbss .pbss.*)
                0x0000000000000001                __ICD2RAM = 0x1
                0x0000000000000001                __MPLAB_DEBUG = 0x1
                0x0000000000000001                __DEBUG = 0x1
                0x0000000000000200                _min_heap_size = 0x200
START GROUP
LOAD c:/program files/microchip/xc32/v4.60/bin/bin/../../lib/gcc/pic32c/8.3.1/../../../../pic32c/lib/thumb/v7e-m+fp/hard\libpic32c.a
LOAD c:/program files/microchip/xc32/v4.60/bin/bin/../../lib/gcc/pic32c/8.3.1/../../../../pic32c/lib/thumb/v7e-m+fp/hard\libc-size-musl.a
LOAD c:/program files/microchip/xc32/v4.60/bin/bin/../../lib/gcc/pic32c/8.3.1/../../../../pic32c/lib/thumb/v7e-m+fp/hard\liblmalloc-musl.a
LOAD c:/program files/microchip/xc32/v4.60/bin/bin/../../lib/gcc/pic32c/8.3.1/../../../../pic32c/lib/thumb/v7e-m+fp/hard\libm-fast-emfloat.a
LOAD c:/program files/microchip/xc32/v4.60/bin/bin/../../lib/gcc/pic32c/8.3.1/../../../../pic32c/lib/thumb/v7e-m+fp/hard\libm-musl.a
LOAD c:/program files/microchip/xc32/v4.60/bin/bin/../../lib/gcc/pic32c/8.3.1/../../../../pic32c/lib/thumb/v7e-m+fp/hard\libg-musl.a
LOAD c:/program files/microchip/xc32/v4.60/bin/bin/../../lib/gcc/pic32c/8.3.1/../../../../pic32c/lib/thumb/v7e-m+fp/hard\libc-musl.a
LOAD c:/program files/microchip/xc32/v4.60/bin/bin/../../lib/gcc/pic32c/8.3.1/../../../../pic32c/lib/thumb/v7e-m+fp/hard\libm-fast-emfloat.a
LOAD c:/program files/microchip/xc32/v4.60/bin/bin/../../lib/gcc/pic32c/8.3.1/../../../../pic32c/lib/thumb/v7e-m+fp/hard\libm-musl.a
LOAD c:/program files/microchip/xc32/v4.60/bin/bin/../../lib/gcc/pic32c/8.3.1/thumb/v7e-m+fp/hard\libgcc.a
END GROUP
LOAD c:/program files/microchip/xc32/v4.60/bin/bin/../../lib/gcc/pic32c/8.3.1/thumb/v7e-m+fp/hard/crtend.o
LOAD c:/program files/microchip/xc32/v4.60/bin/bin/../../lib/gcc/pic32c/8.3.1/thumb/v7e-m+fp/hard/crtn.o
OUTPUT(dist/default/debug/serial.debug.elf elf32-littlearm)
LOAD data_init
LOAD stack

.ARM.attributes
                0x0000000000000000       0x34
 .ARM.attributes
                0x0000000000000000       0x1e c:/program files/microchip/xc32/v4.60/bin/bin/../../lib/gcc/pic32c/8.3.1/thumb/v7e-m+fp/hard/crti.o
 .ARM.attributes
                0x000000000000001e       0x34 c:/program files/microchip/xc32/v4.60/bin/bin/../../lib/gcc/pic32c/8.3.1/thumb/v7e-m+fp/hard/crtbegin.o
 .ARM.attributes
                0x0000000000000052       0x34 build/default/debug/_ext/818654064/drv_usbfsv1.o
 .ARM.attributes
                0x0000000000000086       0x34 build/default/debug/_ext/818654064/drv_usbfsv1_device.o
 .ARM.attributes
                0x00000000000000ba       0x34 build/default/debug/_ext/1984496892/plib_clock.o
 .ARM.attributes
                0x00000000000000ee       0x34 build/default/debug/_ext/1986646378/plib_evsys.o
 .ARM.attributes
                0x0000000000000122       0x34 build/default/debug/_ext/1865468468/plib_nvic.o
 .ARM.attributes
                0x0000000000000156       0x34 build/default/debug/_ext/1593096446/plib_nvmctrl.o
 .ARM.attributes
                0x000000000000018a       0x34 build/default/debug/_ext/1865521619/plib_port.o
 .ARM.attributes
                0x00000000000001be       0x34 build/default/debug/_ext/1881668453/sys_int.o
 .ARM.attributes
                0x00000000000001f2       0x34 build/default/debug/_ext/308758920/usb_device_cdc.o
 .ARM.attributes
                0x0000000000000226       0x34 build/default/debug/_ext/308758920/usb_device.o
 .ARM.attributes
                0x000000000000025a       0x34 build/default/debug/_ext/308758920/usb_device_cdc_acm.o
 .ARM.attributes
                0x000000000000028e       0x34 build/default/debug/_ext/1171490990/tasks.o
 .ARM.attributes
                0x00000000000002c2       0x34 build/default/debug/_ext/1171490990/initialization.o
 .ARM.attributes
                0x00000000000002f6       0x39 build/default/debug/_ext/1171490990/usb_device_init_data.o
 .ARM.attributes
                0x000000000000032f       0x34 build/default/debug/_ext/1171490990/exceptions.o
 .ARM.attributes
                0x0000000000000363       0x34 build/default/debug/_ext/1171490990/startup_xc32.o
 .ARM.attributes
                0x0000000000000397       0x34 build/default/debug/_ext/1171490990/interrupts.o
 .ARM.attributes
                0x00000000000003cb       0x34 build/default/debug/_ext/1360937237/app.o
 .ARM.attributes
                0x00000000000003ff       0x34 build/default/debug/_ext/1360937237/main.o
 .ARM.attributes
                0x0000000000000433       0x34 build/default/debug/_ext/1360937237/cdc.o
 .ARM.attributes
                0x0000000000000467       0x34 c:/program files/microchip/xc32/v4.60/bin/bin/../../lib/gcc/pic32c/8.3.1/../../../../pic32c/lib/thumb/v7e-m+fp/hard\libpic32c.a(data_init.o)
 .ARM.attributes
                0x000000000000049b       0x36 c:/program files/microchip/xc32/v4.60/bin/bin/../../lib/gcc/pic32c/8.3.1/../../../../pic32c/lib/thumb/v7e-m+fp/hard\libc-size-musl.a(memcpy.o)
 .ARM.attributes
                0x00000000000004d1       0x36 c:/program files/microchip/xc32/v4.60/bin/bin/../../lib/gcc/pic32c/8.3.1/../../../../pic32c/lib/thumb/v7e-m+fp/hard\libc-size-musl.a(memset.o)
 .ARM.attributes
                0x0000000000000507       0x36 c:/program files/microchip/xc32/v4.60/bin/bin/../../lib/gcc/pic32c/8.3.1/../../../../pic32c/lib/thumb/v7e-m+fp/hard\libg-musl.a(__libc_start_main.o)
 .ARM.attributes
                0x000000000000053d       0x34 c:/program files/microchip/xc32/v4.60/bin/bin/../../lib/gcc/pic32c/8.3.1/../../../../pic32c/lib/thumb/v7e-m+fp/hard\libg-musl.a(libc.o)
 .ARM.attributes
                0x0000000000000571       0x34 c:/program files/microchip/xc32/v4.60/bin/bin/../../lib/gcc/pic32c/8.3.1/../../../../pic32c/lib/thumb/v7e-m+fp/hard\libg-musl.a(__environ.o)
 .ARM.attributes
                0x00000000000005a5       0x1e c:/program files/microchip/xc32/v4.60/bin/bin/../../lib/gcc/pic32c/8.3.1/thumb/v7e-m+fp/hard/crtn.o
 .ARM.attributes
                0x00000000000005c3       0x34 c:/program files/microchip/xc32/v4.60/bin/bin/../../lib/gcc/pic32c/8.3.1/../../../../pic32c/lib/thumb/v7e-m+fp/hard\libpic32c.a(pic32_data_init_clear.o)
 .ARM.attributes
                0x00000000000005f7       0x34 c:/program files/microchip/xc32/v4.60/bin/bin/../../lib/gcc/pic32c/8.3.1/../../../../pic32c/lib/thumb/v7e-m+fp/hard\libpic32c.a(pic32_data_init_copy.o)

.comment        0x0000000000000000       0x2b
 .comment       0x0000000000000000       0x2b c:/program files/microchip/xc32/v4.60/bin/bin/../../lib/gcc/pic32c/8.3.1/thumb/v7e-m+fp/hard/crtbegin.o
                                         0x2c (size before relaxing)
 .comment       0x000000000000002b       0x2c build/default/debug/_ext/818654064/drv_usbfsv1.o
 .comment       0x000000000000002b       0x2c build/default/debug/_ext/818654064/drv_usbfsv1_device.o
 .comment       0x000000000000002b       0x2c build/default/debug/_ext/1984496892/plib_clock.o
 .comment       0x000000000000002b       0x2c build/default/debug/_ext/1986646378/plib_evsys.o
 .comment       0x000000000000002b       0x2c build/default/debug/_ext/1865468468/plib_nvic.o
 .comment       0x000000000000002b       0x2c build/default/debug/_ext/1593096446/plib_nvmctrl.o
 .comment       0x000000000000002b       0x2c build/default/debug/_ext/1865521619/plib_port.o
 .comment       0x000000000000002b       0x2c build/default/debug/_ext/1881668453/sys_int.o
 .comment       0x000000000000002b       0x2c build/default/debug/_ext/308758920/usb_device_cdc.o
 .comment       0x000000000000002b       0x2c build/default/debug/_ext/308758920/usb_device.o
 .comment       0x000000000000002b       0x2c build/default/debug/_ext/308758920/usb_device_cdc_acm.o
 .comment       0x000000000000002b       0x2c build/default/debug/_ext/1171490990/tasks.o
 .comment       0x000000000000002b       0x2c build/default/debug/_ext/1171490990/initialization.o
 .comment       0x000000000000002b       0x2c build/default/debug/_ext/1171490990/usb_device_init_data.o
 .comment       0x000000000000002b       0x2c build/default/debug/_ext/1171490990/exceptions.o
 .comment       0x000000000000002b       0x2c build/default/debug/_ext/1171490990/startup_xc32.o
 .comment       0x000000000000002b       0x2c build/default/debug/_ext/1171490990/interrupts.o
 .comment       0x000000000000002b       0x2c build/default/debug/_ext/1360937237/app.o
 .comment       0x000000000000002b       0x2c build/default/debug/_ext/1360937237/main.o
 .comment       0x000000000000002b       0x2c build/default/debug/_ext/1360937237/cdc.o
 .comment       0x000000000000002b       0x2c c:/program files/microchip/xc32/v4.60/bin/bin/../../lib/gcc/pic32c/8.3.1/../../../../pic32c/lib/thumb/v7e-m+fp/hard\libpic32c.a(data_init.o)
 .comment       0x000000000000002b       0x2c c:/program files/microchip/xc32/v4.60/bin/bin/../../lib/gcc/pic32c/8.3.1/../../../../pic32c/lib/thumb/v7e-m+fp/hard\libc-size-musl.a(memcpy.o)
 .comment       0x000000000000002b       0x2c c:/program files/microchip/xc32/v4.60/bin/bin/../../lib/gcc/pic32c/8.3.1/../../../../pic32c/lib/thumb/v7e-m+fp/hard\libc-size-musl.a(memset.o)
 .comment       0x000000000000002b       0x2c c:/program files/microchip/xc32/v4.60/bin/bin/../../lib/gcc/pic32c/8.3.1/../../../../pic32c/lib/thumb/v7e-m+fp/hard\libg-musl.a(__libc_start_main.o)
 .comment       0x000000000000002b       0x2c c:/program files/microchip/xc32/v4.60/bin/bin/../../lib/gcc/pic32c/8.3.1/../../../../pic32c/lib/thumb/v7e-m+fp/hard\libg-musl.a(libc.o)
 .comment       0x000000000000002b       0x2c c:/program files/microchip/xc32/v4.60/bin/bin/../../lib/gcc/pic32c/8.3.1/../../../../pic32c/lib/thumb/v7e-m+fp/hard\libg-musl.a(__environ.o)
 .comment       0x000000000000002b       0x2c c:/program files/microchip/xc32/v4.60/bin/bin/../../lib/gcc/pic32c/8.3.1/../../../../pic32c/lib/thumb/v7e-m+fp/hard\libpic32c.a(pic32_data_init_clear.o)
 .comment       0x000000000000002b       0x2c c:/program files/microchip/xc32/v4.60/bin/bin/../../lib/gcc/pic32c/8.3.1/../../../../pic32c/lib/thumb/v7e-m+fp/hard\libpic32c.a(pic32_data_init_copy.o)

.debug_info     0x0000000000000000    0x12419
 .debug_info    0x0000000000000000     0x20f0 build/default/debug/_ext/818654064/drv_usbfsv1.o
 .debug_info    0x00000000000020f0     0x313a build/default/debug/_ext/818654064/drv_usbfsv1_device.o
 .debug_info    0x000000000000522a      0x622 build/default/debug/_ext/1984496892/plib_clock.o
 .debug_info    0x000000000000584c       0x9c build/default/debug/_ext/1986646378/plib_evsys.o
 .debug_info    0x00000000000058e8      0xa85 build/default/debug/_ext/1865468468/plib_nvic.o
 .debug_info    0x000000000000636d      0x7b4 build/default/debug/_ext/1593096446/plib_nvmctrl.o
 .debug_info    0x0000000000006b21      0x6cc build/default/debug/_ext/1865521619/plib_port.o
 .debug_info    0x00000000000071ed      0x6ea build/default/debug/_ext/1881668453/sys_int.o
 .debug_info    0x00000000000078d7     0x1a52 build/default/debug/_ext/308758920/usb_device_cdc.o
 .debug_info    0x0000000000009329     0x3222 build/default/debug/_ext/308758920/usb_device.o
 .debug_info    0x000000000000c54b      0x8d9 build/default/debug/_ext/308758920/usb_device_cdc_acm.o
 .debug_info    0x000000000000ce24       0xfd build/default/debug/_ext/1171490990/tasks.o
 .debug_info    0x000000000000cf21     0x1354 build/default/debug/_ext/1171490990/initialization.o
 .debug_info    0x000000000000e275     0x17dc build/default/debug/_ext/1171490990/usb_device_init_data.o
 .debug_info    0x000000000000fa51      0x11c build/default/debug/_ext/1171490990/exceptions.o
 .debug_info    0x000000000000fb6d      0x4b1 build/default/debug/_ext/1171490990/startup_xc32.o
 .debug_info    0x000000000001001e      0xbd5 build/default/debug/_ext/1171490990/interrupts.o
 .debug_info    0x0000000000010bf3      0x670 build/default/debug/_ext/1360937237/app.o
 .debug_info    0x0000000000011263       0xa7 build/default/debug/_ext/1360937237/main.o
 .debug_info    0x000000000001130a      0x872 build/default/debug/_ext/1360937237/cdc.o
 .debug_info    0x0000000000011b7c       0x68 c:/program files/microchip/xc32/v4.60/bin/bin/../../lib/gcc/pic32c/8.3.1/../../../../pic32c/lib/thumb/v7e-m+fp/hard\libpic32c.a(data_init.o)
 .debug_info    0x0000000000011be4       0xf3 c:/program files/microchip/xc32/v4.60/bin/bin/../../lib/gcc/pic32c/8.3.1/../../../../pic32c/lib/thumb/v7e-m+fp/hard\libc-size-musl.a(memcpy.o)
 .debug_info    0x0000000000011cd7       0xbb c:/program files/microchip/xc32/v4.60/bin/bin/../../lib/gcc/pic32c/8.3.1/../../../../pic32c/lib/thumb/v7e-m+fp/hard\libc-size-musl.a(memset.o)
 .debug_info    0x0000000000011d92      0x2fb c:/program files/microchip/xc32/v4.60/bin/bin/../../lib/gcc/pic32c/8.3.1/../../../../pic32c/lib/thumb/v7e-m+fp/hard\libg-musl.a(__libc_start_main.o)
 .debug_info    0x000000000001208d      0x276 c:/program files/microchip/xc32/v4.60/bin/bin/../../lib/gcc/pic32c/8.3.1/../../../../pic32c/lib/thumb/v7e-m+fp/hard\libg-musl.a(libc.o)
 .debug_info    0x0000000000012303       0x97 c:/program files/microchip/xc32/v4.60/bin/bin/../../lib/gcc/pic32c/8.3.1/../../../../pic32c/lib/thumb/v7e-m+fp/hard\libg-musl.a(__environ.o)
 .debug_info    0x000000000001239a       0x3f c:/program files/microchip/xc32/v4.60/bin/bin/../../lib/gcc/pic32c/8.3.1/../../../../pic32c/lib/thumb/v7e-m+fp/hard\libpic32c.a(pic32_data_init_clear.o)
 .debug_info    0x00000000000123d9       0x40 c:/program files/microchip/xc32/v4.60/bin/bin/../../lib/gcc/pic32c/8.3.1/../../../../pic32c/lib/thumb/v7e-m+fp/hard\libpic32c.a(pic32_data_init_copy.o)

.debug_abbrev   0x0000000000000000     0x283e
 .debug_abbrev  0x0000000000000000      0x362 build/default/debug/_ext/818654064/drv_usbfsv1.o
 .debug_abbrev  0x0000000000000362      0x3fe build/default/debug/_ext/818654064/drv_usbfsv1_device.o
 .debug_abbrev  0x0000000000000760       0xeb build/default/debug/_ext/1984496892/plib_clock.o
 .debug_abbrev  0x000000000000084b       0x46 build/default/debug/_ext/1986646378/plib_evsys.o
 .debug_abbrev  0x0000000000000891      0x244 build/default/debug/_ext/1865468468/plib_nvic.o
 .debug_abbrev  0x0000000000000ad5      0x1ca build/default/debug/_ext/1593096446/plib_nvmctrl.o
 .debug_abbrev  0x0000000000000c9f      0x18c build/default/debug/_ext/1865521619/plib_port.o
 .debug_abbrev  0x0000000000000e2b      0x1bf build/default/debug/_ext/1881668453/sys_int.o
 .debug_abbrev  0x0000000000000fea      0x390 build/default/debug/_ext/308758920/usb_device_cdc.o
 .debug_abbrev  0x000000000000137a      0x321 build/default/debug/_ext/308758920/usb_device.o
 .debug_abbrev  0x000000000000169b      0x1c1 build/default/debug/_ext/308758920/usb_device_cdc_acm.o
 .debug_abbrev  0x000000000000185c       0x88 build/default/debug/_ext/1171490990/tasks.o
 .debug_abbrev  0x00000000000018e4      0x1fa build/default/debug/_ext/1171490990/initialization.o
 .debug_abbrev  0x0000000000001ade      0x215 build/default/debug/_ext/1171490990/usb_device_init_data.o
 .debug_abbrev  0x0000000000001cf3       0x49 build/default/debug/_ext/1171490990/exceptions.o
 .debug_abbrev  0x0000000000001d3c      0x1ba build/default/debug/_ext/1171490990/startup_xc32.o
 .debug_abbrev  0x0000000000001ef6       0xf8 build/default/debug/_ext/1171490990/interrupts.o
 .debug_abbrev  0x0000000000001fee      0x1a8 build/default/debug/_ext/1360937237/app.o
 .debug_abbrev  0x0000000000002196       0x48 build/default/debug/_ext/1360937237/main.o
 .debug_abbrev  0x00000000000021de      0x1fa build/default/debug/_ext/1360937237/cdc.o
 .debug_abbrev  0x00000000000023d8       0x44 c:/program files/microchip/xc32/v4.60/bin/bin/../../lib/gcc/pic32c/8.3.1/../../../../pic32c/lib/thumb/v7e-m+fp/hard\libpic32c.a(data_init.o)
 .debug_abbrev  0x000000000000241c       0xbb c:/program files/microchip/xc32/v4.60/bin/bin/../../lib/gcc/pic32c/8.3.1/../../../../pic32c/lib/thumb/v7e-m+fp/hard\libc-size-musl.a(memcpy.o)
 .debug_abbrev  0x00000000000024d7       0xa2 c:/program files/microchip/xc32/v4.60/bin/bin/../../lib/gcc/pic32c/8.3.1/../../../../pic32c/lib/thumb/v7e-m+fp/hard\libc-size-musl.a(memset.o)
 .debug_abbrev  0x0000000000002579      0x133 c:/program files/microchip/xc32/v4.60/bin/bin/../../lib/gcc/pic32c/8.3.1/../../../../pic32c/lib/thumb/v7e-m+fp/hard\libg-musl.a(__libc_start_main.o)
 .debug_abbrev  0x00000000000026ac       0xd4 c:/program files/microchip/xc32/v4.60/bin/bin/../../lib/gcc/pic32c/8.3.1/../../../../pic32c/lib/thumb/v7e-m+fp/hard\libg-musl.a(libc.o)
 .debug_abbrev  0x0000000000002780       0x62 c:/program files/microchip/xc32/v4.60/bin/bin/../../lib/gcc/pic32c/8.3.1/../../../../pic32c/lib/thumb/v7e-m+fp/hard\libg-musl.a(__environ.o)
 .debug_abbrev  0x00000000000027e2       0x2e c:/program files/microchip/xc32/v4.60/bin/bin/../../lib/gcc/pic32c/8.3.1/../../../../pic32c/lib/thumb/v7e-m+fp/hard\libpic32c.a(pic32_data_init_clear.o)
 .debug_abbrev  0x0000000000002810       0x2e c:/program files/microchip/xc32/v4.60/bin/bin/../../lib/gcc/pic32c/8.3.1/../../../../pic32c/lib/thumb/v7e-m+fp/hard\libpic32c.a(pic32_data_init_copy.o)

.debug_loc      0x0000000000000000     0x396a
 .debug_loc     0x0000000000000000      0x3bc build/default/debug/_ext/818654064/drv_usbfsv1.o
 .debug_loc     0x00000000000003bc      0x716 build/default/debug/_ext/818654064/drv_usbfsv1_device.o
 .debug_loc     0x0000000000000ad2      0x208 build/default/debug/_ext/1984496892/plib_clock.o
 .debug_loc     0x0000000000000cda       0x44 build/default/debug/_ext/1986646378/plib_evsys.o
 .debug_loc     0x0000000000000d1e      0x394 build/default/debug/_ext/1865468468/plib_nvic.o
 .debug_loc     0x00000000000010b2      0x798 build/default/debug/_ext/1593096446/plib_nvmctrl.o
 .debug_loc     0x000000000000184a      0x3dc build/default/debug/_ext/1865521619/plib_port.o
 .debug_loc     0x0000000000001c26      0x25c build/default/debug/_ext/1881668453/sys_int.o
 .debug_loc     0x0000000000001e82      0x536 build/default/debug/_ext/308758920/usb_device_cdc.o
 .debug_loc     0x00000000000023b8      0xfd5 build/default/debug/_ext/308758920/usb_device.o
 .debug_loc     0x000000000000338d       0x50 build/default/debug/_ext/308758920/usb_device_cdc_acm.o
 .debug_loc     0x00000000000033dd       0x2c build/default/debug/_ext/1171490990/tasks.o
 .debug_loc     0x0000000000003409       0x50 build/default/debug/_ext/1171490990/initialization.o
 .debug_loc     0x0000000000003459      0x108 build/default/debug/_ext/1171490990/exceptions.o
 .debug_loc     0x0000000000003561       0x20 build/default/debug/_ext/1171490990/startup_xc32.o
 .debug_loc     0x0000000000003581       0xe4 build/default/debug/_ext/1360937237/app.o
 .debug_loc     0x0000000000003665       0x2c build/default/debug/_ext/1360937237/main.o
 .debug_loc     0x0000000000003691       0xd8 build/default/debug/_ext/1360937237/cdc.o
 .debug_loc     0x0000000000003769       0x14 c:/program files/microchip/xc32/v4.60/bin/bin/../../lib/gcc/pic32c/8.3.1/../../../../pic32c/lib/thumb/v7e-m+fp/hard\libpic32c.a(data_init.o)
 .debug_loc     0x000000000000377d      0x10b c:/program files/microchip/xc32/v4.60/bin/bin/../../lib/gcc/pic32c/8.3.1/../../../../pic32c/lib/thumb/v7e-m+fp/hard\libc-size-musl.a(memcpy.o)
 .debug_loc     0x0000000000003888       0x7d c:/program files/microchip/xc32/v4.60/bin/bin/../../lib/gcc/pic32c/8.3.1/../../../../pic32c/lib/thumb/v7e-m+fp/hard\libc-size-musl.a(memset.o)
 .debug_loc     0x0000000000003905       0x51 c:/program files/microchip/xc32/v4.60/bin/bin/../../lib/gcc/pic32c/8.3.1/../../../../pic32c/lib/thumb/v7e-m+fp/hard\libg-musl.a(__libc_start_main.o)
 .debug_loc     0x0000000000003956       0x14 c:/program files/microchip/xc32/v4.60/bin/bin/../../lib/gcc/pic32c/8.3.1/../../../../pic32c/lib/thumb/v7e-m+fp/hard\libpic32c.a(pic32_data_init_copy.o)

.debug_aranges  0x0000000000000000      0x8a0
 .debug_aranges
                0x0000000000000000       0x80 build/default/debug/_ext/818654064/drv_usbfsv1.o
 .debug_aranges
                0x0000000000000080       0xc0 build/default/debug/_ext/818654064/drv_usbfsv1_device.o
 .debug_aranges
                0x0000000000000140       0x58 build/default/debug/_ext/1984496892/plib_clock.o
 .debug_aranges
                0x0000000000000198       0x20 build/default/debug/_ext/1986646378/plib_evsys.o
 .debug_aranges
                0x00000000000001b8       0x70 build/default/debug/_ext/1865468468/plib_nvic.o
 .debug_aranges
                0x0000000000000228       0xd8 build/default/debug/_ext/1593096446/plib_nvmctrl.o
 .debug_aranges
                0x0000000000000300       0x70 build/default/debug/_ext/1865521619/plib_port.o
 .debug_aranges
                0x0000000000000370       0x58 build/default/debug/_ext/1881668453/sys_int.o
 .debug_aranges
                0x00000000000003c8       0x98 build/default/debug/_ext/308758920/usb_device_cdc.o
 .debug_aranges
                0x0000000000000460      0x1a0 build/default/debug/_ext/308758920/usb_device.o
 .debug_aranges
                0x0000000000000600       0x20 build/default/debug/_ext/308758920/usb_device_cdc_acm.o
 .debug_aranges
                0x0000000000000620       0x20 build/default/debug/_ext/1171490990/tasks.o
 .debug_aranges
                0x0000000000000640       0x20 build/default/debug/_ext/1171490990/initialization.o
 .debug_aranges
                0x0000000000000660       0x18 build/default/debug/_ext/1171490990/usb_device_init_data.o
 .debug_aranges
                0x0000000000000678       0x48 build/default/debug/_ext/1171490990/exceptions.o
 .debug_aranges
                0x00000000000006c0       0x38 build/default/debug/_ext/1171490990/startup_xc32.o
 .debug_aranges
                0x00000000000006f8       0x20 build/default/debug/_ext/1171490990/interrupts.o
 .debug_aranges
                0x0000000000000718       0x30 build/default/debug/_ext/1360937237/app.o
 .debug_aranges
                0x0000000000000748       0x20 build/default/debug/_ext/1360937237/main.o
 .debug_aranges
                0x0000000000000768       0x30 build/default/debug/_ext/1360937237/cdc.o
 .debug_aranges
                0x0000000000000798       0x30 c:/program files/microchip/xc32/v4.60/bin/bin/../../lib/gcc/pic32c/8.3.1/../../../../pic32c/lib/thumb/v7e-m+fp/hard\libpic32c.a(data_init.o)
 .debug_aranges
                0x00000000000007c8       0x20 c:/program files/microchip/xc32/v4.60/bin/bin/../../lib/gcc/pic32c/8.3.1/../../../../pic32c/lib/thumb/v7e-m+fp/hard\libc-size-musl.a(memcpy.o)
 .debug_aranges
                0x00000000000007e8       0x20 c:/program files/microchip/xc32/v4.60/bin/bin/../../lib/gcc/pic32c/8.3.1/../../../../pic32c/lib/thumb/v7e-m+fp/hard\libc-size-musl.a(memset.o)
 .debug_aranges
                0x0000000000000808       0x28 c:/program files/microchip/xc32/v4.60/bin/bin/../../lib/gcc/pic32c/8.3.1/../../../../pic32c/lib/thumb/v7e-m+fp/hard\libg-musl.a(__libc_start_main.o)
 .debug_aranges
                0x0000000000000830       0x18 c:/program files/microchip/xc32/v4.60/bin/bin/../../lib/gcc/pic32c/8.3.1/../../../../pic32c/lib/thumb/v7e-m+fp/hard\libg-musl.a(libc.o)
 .debug_aranges
                0x0000000000000848       0x18 c:/program files/microchip/xc32/v4.60/bin/bin/../../lib/gcc/pic32c/8.3.1/../../../../pic32c/lib/thumb/v7e-m+fp/hard\libg-musl.a(__environ.o)
 .debug_aranges
                0x0000000000000860       0x20 c:/program files/microchip/xc32/v4.60/bin/bin/../../lib/gcc/pic32c/8.3.1/../../../../pic32c/lib/thumb/v7e-m+fp/hard\libpic32c.a(pic32_data_init_clear.o)
 .debug_aranges
                0x0000000000000880       0x20 c:/program files/microchip/xc32/v4.60/bin/bin/../../lib/gcc/pic32c/8.3.1/../../../../pic32c/lib/thumb/v7e-m+fp/hard\libpic32c.a(pic32_data_init_copy.o)

.debug_ranges   0x0000000000000000      0x708
 .debug_ranges  0x0000000000000000       0x70 build/default/debug/_ext/818654064/drv_usbfsv1.o
 .debug_ranges  0x0000000000000070       0xb0 build/default/debug/_ext/818654064/drv_usbfsv1_device.o
 .debug_ranges  0x0000000000000120       0x48 build/default/debug/_ext/1984496892/plib_clock.o
 .debug_ranges  0x0000000000000168       0x10 build/default/debug/_ext/1986646378/plib_evsys.o
 .debug_ranges  0x0000000000000178       0x60 build/default/debug/_ext/1865468468/plib_nvic.o
 .debug_ranges  0x00000000000001d8       0xc8 build/default/debug/_ext/1593096446/plib_nvmctrl.o
 .debug_ranges  0x00000000000002a0       0x60 build/default/debug/_ext/1865521619/plib_port.o
 .debug_ranges  0x0000000000000300       0x48 build/default/debug/_ext/1881668453/sys_int.o
 .debug_ranges  0x0000000000000348       0x88 build/default/debug/_ext/308758920/usb_device_cdc.o
 .debug_ranges  0x00000000000003d0      0x190 build/default/debug/_ext/308758920/usb_device.o
 .debug_ranges  0x0000000000000560       0x10 build/default/debug/_ext/308758920/usb_device_cdc_acm.o
 .debug_ranges  0x0000000000000570       0x10 build/default/debug/_ext/1171490990/tasks.o
 .debug_ranges  0x0000000000000580       0x10 build/default/debug/_ext/1171490990/initialization.o
 .debug_ranges  0x0000000000000590       0x38 build/default/debug/_ext/1171490990/exceptions.o
 .debug_ranges  0x00000000000005c8       0x28 build/default/debug/_ext/1171490990/startup_xc32.o
 .debug_ranges  0x00000000000005f0       0x10 build/default/debug/_ext/1171490990/interrupts.o
 .debug_ranges  0x0000000000000600       0x38 build/default/debug/_ext/1360937237/app.o
 .debug_ranges  0x0000000000000638       0x10 build/default/debug/_ext/1360937237/main.o
 .debug_ranges  0x0000000000000648       0x20 build/default/debug/_ext/1360937237/cdc.o
 .debug_ranges  0x0000000000000668       0x20 c:/program files/microchip/xc32/v4.60/bin/bin/../../lib/gcc/pic32c/8.3.1/../../../../pic32c/lib/thumb/v7e-m+fp/hard\libpic32c.a(data_init.o)
 .debug_ranges  0x0000000000000688       0x10 c:/program files/microchip/xc32/v4.60/bin/bin/../../lib/gcc/pic32c/8.3.1/../../../../pic32c/lib/thumb/v7e-m+fp/hard\libc-size-musl.a(memcpy.o)
 .debug_ranges  0x0000000000000698       0x10 c:/program files/microchip/xc32/v4.60/bin/bin/../../lib/gcc/pic32c/8.3.1/../../../../pic32c/lib/thumb/v7e-m+fp/hard\libc-size-musl.a(memset.o)
 .debug_ranges  0x00000000000006a8       0x40 c:/program files/microchip/xc32/v4.60/bin/bin/../../lib/gcc/pic32c/8.3.1/../../../../pic32c/lib/thumb/v7e-m+fp/hard\libg-musl.a(__libc_start_main.o)
 .debug_ranges  0x00000000000006e8       0x10 c:/program files/microchip/xc32/v4.60/bin/bin/../../lib/gcc/pic32c/8.3.1/../../../../pic32c/lib/thumb/v7e-m+fp/hard\libpic32c.a(pic32_data_init_clear.o)
 .debug_ranges  0x00000000000006f8       0x10 c:/program files/microchip/xc32/v4.60/bin/bin/../../lib/gcc/pic32c/8.3.1/../../../../pic32c/lib/thumb/v7e-m+fp/hard\libpic32c.a(pic32_data_init_copy.o)

.debug_line     0x0000000000000000     0x5bf4
 .debug_line    0x0000000000000000      0x6b3 build/default/debug/_ext/818654064/drv_usbfsv1.o
 .debug_line    0x00000000000006b3     0x13b8 build/default/debug/_ext/818654064/drv_usbfsv1_device.o
 .debug_line    0x0000000000001a6b      0x26b build/default/debug/_ext/1984496892/plib_clock.o
 .debug_line    0x0000000000001cd6       0x66 build/default/debug/_ext/1986646378/plib_evsys.o
 .debug_line    0x0000000000001d3c      0x33c build/default/debug/_ext/1865468468/plib_nvic.o
 .debug_line    0x0000000000002078      0x4d7 build/default/debug/_ext/1593096446/plib_nvmctrl.o
 .debug_line    0x000000000000254f      0x29c build/default/debug/_ext/1865521619/plib_port.o
 .debug_line    0x00000000000027eb      0x26a build/default/debug/_ext/1881668453/sys_int.o
 .debug_line    0x0000000000002a55      0x8b9 build/default/debug/_ext/308758920/usb_device_cdc.o
 .debug_line    0x000000000000330e     0x1235 build/default/debug/_ext/308758920/usb_device.o
 .debug_line    0x0000000000004543      0x1ca build/default/debug/_ext/308758920/usb_device_cdc_acm.o
 .debug_line    0x000000000000470d       0xe9 build/default/debug/_ext/1171490990/tasks.o
 .debug_line    0x00000000000047f6      0x252 build/default/debug/_ext/1171490990/initialization.o
 .debug_line    0x0000000000004a48      0x27b build/default/debug/_ext/1171490990/usb_device_init_data.o
 .debug_line    0x0000000000004cc3       0xd3 build/default/debug/_ext/1171490990/exceptions.o
 .debug_line    0x0000000000004d96      0x1b0 build/default/debug/_ext/1171490990/startup_xc32.o
 .debug_line    0x0000000000004f46      0x111 build/default/debug/_ext/1171490990/interrupts.o
 .debug_line    0x0000000000005057      0x228 build/default/debug/_ext/1360937237/app.o
 .debug_line    0x000000000000527f       0x45 build/default/debug/_ext/1360937237/main.o
 .debug_line    0x00000000000052c4      0x24a build/default/debug/_ext/1360937237/cdc.o
 .debug_line    0x000000000000550e       0xa7 c:/program files/microchip/xc32/v4.60/bin/bin/../../lib/gcc/pic32c/8.3.1/../../../../pic32c/lib/thumb/v7e-m+fp/hard\libpic32c.a(data_init.o)
 .debug_line    0x00000000000055b5       0xf9 c:/program files/microchip/xc32/v4.60/bin/bin/../../lib/gcc/pic32c/8.3.1/../../../../pic32c/lib/thumb/v7e-m+fp/hard\libc-size-musl.a(memcpy.o)
 .debug_line    0x00000000000056ae       0xe3 c:/program files/microchip/xc32/v4.60/bin/bin/../../lib/gcc/pic32c/8.3.1/../../../../pic32c/lib/thumb/v7e-m+fp/hard\libc-size-musl.a(memset.o)
 .debug_line    0x0000000000005791      0x1c7 c:/program files/microchip/xc32/v4.60/bin/bin/../../lib/gcc/pic32c/8.3.1/../../../../pic32c/lib/thumb/v7e-m+fp/hard\libg-musl.a(__libc_start_main.o)
 .debug_line    0x0000000000005958       0xb5 c:/program files/microchip/xc32/v4.60/bin/bin/../../lib/gcc/pic32c/8.3.1/../../../../pic32c/lib/thumb/v7e-m+fp/hard\libg-musl.a(libc.o)
 .debug_line    0x0000000000005a0d       0xfb c:/program files/microchip/xc32/v4.60/bin/bin/../../lib/gcc/pic32c/8.3.1/../../../../pic32c/lib/thumb/v7e-m+fp/hard\libg-musl.a(__environ.o)
 .debug_line    0x0000000000005b08       0x72 c:/program files/microchip/xc32/v4.60/bin/bin/../../lib/gcc/pic32c/8.3.1/../../../../pic32c/lib/thumb/v7e-m+fp/hard\libpic32c.a(pic32_data_init_clear.o)
 .debug_line    0x0000000000005b7a       0x7a c:/program files/microchip/xc32/v4.60/bin/bin/../../lib/gcc/pic32c/8.3.1/../../../../pic32c/lib/thumb/v7e-m+fp/hard\libpic32c.a(pic32_data_init_copy.o)

.debug_str      0x0000000000000000    0x183f4
 .debug_str     0x0000000000000000     0x2a77 build/default/debug/_ext/818654064/drv_usbfsv1.o
 .debug_str     0x0000000000002a77     0x317a build/default/debug/_ext/818654064/drv_usbfsv1_device.o
 .debug_str     0x0000000000005bf1      0x658 build/default/debug/_ext/1984496892/plib_clock.o
 .debug_str     0x0000000000006249      0x2b4 build/default/debug/_ext/1986646378/plib_evsys.o
 .debug_str     0x00000000000064fd      0xc94 build/default/debug/_ext/1865468468/plib_nvic.o
 .debug_str     0x0000000000007191      0x69d build/default/debug/_ext/1593096446/plib_nvmctrl.o
 .debug_str     0x000000000000782e      0x8c6 build/default/debug/_ext/1865521619/plib_port.o
 .debug_str     0x00000000000080f4      0xb9d build/default/debug/_ext/1881668453/sys_int.o
 .debug_str     0x0000000000008c91     0x2403 build/default/debug/_ext/308758920/usb_device_cdc.o
 .debug_str     0x000000000000b094     0x33f1 build/default/debug/_ext/308758920/usb_device.o
 .debug_str     0x000000000000e485      0xdb5 build/default/debug/_ext/308758920/usb_device_cdc_acm.o
 .debug_str     0x000000000000f23a      0x2eb build/default/debug/_ext/1171490990/tasks.o
 .debug_str     0x000000000000f525     0x1a3b build/default/debug/_ext/1171490990/initialization.o
 .debug_str     0x0000000000010f60     0x2681 build/default/debug/_ext/1171490990/usb_device_init_data.o
 .debug_str     0x00000000000135e1      0x313 build/default/debug/_ext/1171490990/exceptions.o
 .debug_str     0x00000000000138f4      0x419 build/default/debug/_ext/1171490990/startup_xc32.o
 .debug_str     0x0000000000013d0d     0x1426 build/default/debug/_ext/1171490990/interrupts.o
 .debug_str     0x0000000000015133      0xd29 build/default/debug/_ext/1360937237/app.o
 .debug_str     0x0000000000015e5c      0x288 build/default/debug/_ext/1360937237/main.o
 .debug_str     0x00000000000160e4      0xfb2 build/default/debug/_ext/1360937237/cdc.o
 .debug_str     0x0000000000017096      0x206 c:/program files/microchip/xc32/v4.60/bin/bin/../../lib/gcc/pic32c/8.3.1/../../../../pic32c/lib/thumb/v7e-m+fp/hard\libpic32c.a(data_init.o)
 .debug_str     0x000000000001729c      0x22f c:/program files/microchip/xc32/v4.60/bin/bin/../../lib/gcc/pic32c/8.3.1/../../../../pic32c/lib/thumb/v7e-m+fp/hard\libc-size-musl.a(memcpy.o)
 .debug_str     0x00000000000174cb      0x21b c:/program files/microchip/xc32/v4.60/bin/bin/../../lib/gcc/pic32c/8.3.1/../../../../pic32c/lib/thumb/v7e-m+fp/hard\libc-size-musl.a(memset.o)
 .debug_str     0x00000000000176e6      0x3d4 c:/program files/microchip/xc32/v4.60/bin/bin/../../lib/gcc/pic32c/8.3.1/../../../../pic32c/lib/thumb/v7e-m+fp/hard\libg-musl.a(__libc_start_main.o)
 .debug_str     0x0000000000017aba      0x33f c:/program files/microchip/xc32/v4.60/bin/bin/../../lib/gcc/pic32c/8.3.1/../../../../pic32c/lib/thumb/v7e-m+fp/hard\libg-musl.a(libc.o)
 .debug_str     0x0000000000017df9      0x23f c:/program files/microchip/xc32/v4.60/bin/bin/../../lib/gcc/pic32c/8.3.1/../../../../pic32c/lib/thumb/v7e-m+fp/hard\libg-musl.a(__environ.o)
 .debug_str     0x0000000000018038      0x1df c:/program files/microchip/xc32/v4.60/bin/bin/../../lib/gcc/pic32c/8.3.1/../../../../pic32c/lib/thumb/v7e-m+fp/hard\libpic32c.a(pic32_data_init_clear.o)
 .debug_str     0x0000000000018217      0x1dd c:/program files/microchip/xc32/v4.60/bin/bin/../../lib/gcc/pic32c/8.3.1/../../../../pic32c/lib/thumb/v7e-m+fp/hard\libpic32c.a(pic32_data_init_copy.o)

.debug_frame    0x0000000000000000     0x1c00
 .debug_frame   0x0000000000000000      0x1dc build/default/debug/_ext/818654064/drv_usbfsv1.o
 .debug_frame   0x00000000000001dc      0x348 build/default/debug/_ext/818654064/drv_usbfsv1_device.o
 .debug_frame   0x0000000000000524      0x10c build/default/debug/_ext/1984496892/plib_clock.o
 .debug_frame   0x0000000000000630       0x30 build/default/debug/_ext/1986646378/plib_evsys.o
 .debug_frame   0x0000000000000660      0x1ac build/default/debug/_ext/1865468468/plib_nvic.o
 .debug_frame   0x000000000000080c      0x378 build/default/debug/_ext/1593096446/plib_nvmctrl.o
 .debug_frame   0x0000000000000b84      0x1c0 build/default/debug/_ext/1865521619/plib_port.o
 .debug_frame   0x0000000000000d44      0x12c build/default/debug/_ext/1881668453/sys_int.o
 .debug_frame   0x0000000000000e70      0x278 build/default/debug/_ext/308758920/usb_device_cdc.o
 .debug_frame   0x00000000000010e8      0x730 build/default/debug/_ext/308758920/usb_device.o
 .debug_frame   0x0000000000001818       0x38 build/default/debug/_ext/308758920/usb_device_cdc_acm.o
 .debug_frame   0x0000000000001850       0x2c build/default/debug/_ext/1171490990/tasks.o
 .debug_frame   0x000000000000187c       0x34 build/default/debug/_ext/1171490990/initialization.o
 .debug_frame   0x00000000000018b0       0xa0 build/default/debug/_ext/1171490990/exceptions.o
 .debug_frame   0x0000000000001950       0x58 build/default/debug/_ext/1171490990/startup_xc32.o
 .debug_frame   0x00000000000019a8       0x20 build/default/debug/_ext/1171490990/interrupts.o
 .debug_frame   0x00000000000019c8       0x78 build/default/debug/_ext/1360937237/app.o
 .debug_frame   0x0000000000001a40       0x2c build/default/debug/_ext/1360937237/main.o
 .debug_frame   0x0000000000001a6c       0x78 build/default/debug/_ext/1360937237/cdc.o
 .debug_frame   0x0000000000001ae4       0x4c c:/program files/microchip/xc32/v4.60/bin/bin/../../lib/gcc/pic32c/8.3.1/../../../../pic32c/lib/thumb/v7e-m+fp/hard\libpic32c.a(data_init.o)
 .debug_frame   0x0000000000001b30       0x2c c:/program files/microchip/xc32/v4.60/bin/bin/../../lib/gcc/pic32c/8.3.1/../../../../pic32c/lib/thumb/v7e-m+fp/hard\libc-size-musl.a(memcpy.o)
 .debug_frame   0x0000000000001b5c       0x20 c:/program files/microchip/xc32/v4.60/bin/bin/../../lib/gcc/pic32c/8.3.1/../../../../pic32c/lib/thumb/v7e-m+fp/hard\libc-size-musl.a(memset.o)
 .debug_frame   0x0000000000001b7c       0x3c c:/program files/microchip/xc32/v4.60/bin/bin/../../lib/gcc/pic32c/8.3.1/../../../../pic32c/lib/thumb/v7e-m+fp/hard\libg-musl.a(__libc_start_main.o)
 .debug_frame   0x0000000000001bb8       0x20 c:/program files/microchip/xc32/v4.60/bin/bin/../../lib/gcc/pic32c/8.3.1/../../../../pic32c/lib/thumb/v7e-m+fp/hard\libpic32c.a(pic32_data_init_clear.o)
 .debug_frame   0x0000000000001bd8       0x28 c:/program files/microchip/xc32/v4.60/bin/bin/../../lib/gcc/pic32c/8.3.1/../../../../pic32c/lib/thumb/v7e-m+fp/hard\libpic32c.a(pic32_data_init_copy.o)

.note.GNU-stack
                0x0000000000000000        0x0
 .note.GNU-stack
                0x0000000000000000        0x0 c:/program files/microchip/xc32/v4.60/bin/bin/../../lib/gcc/pic32c/8.3.1/../../../../pic32c/lib/thumb/v7e-m+fp/hard\libc-size-musl.a(memcpy.o)
 .note.GNU-stack
                0x0000000000000000        0x0 c:/program files/microchip/xc32/v4.60/bin/bin/../../lib/gcc/pic32c/8.3.1/../../../../pic32c/lib/thumb/v7e-m+fp/hard\libc-size-musl.a(memset.o)
 .note.GNU-stack
                0x0000000000000000        0x0 c:/program files/microchip/xc32/v4.60/bin/bin/../../lib/gcc/pic32c/8.3.1/../../../../pic32c/lib/thumb/v7e-m+fp/hard\libg-musl.a(__libc_start_main.o)
 .note.GNU-stack
                0x0000000000000000        0x0 c:/program files/microchip/xc32/v4.60/bin/bin/../../lib/gcc/pic32c/8.3.1/../../../../pic32c/lib/thumb/v7e-m+fp/hard\libg-musl.a(libc.o)
 .note.GNU-stack
                0x0000000000000000        0x0 c:/program files/microchip/xc32/v4.60/bin/bin/../../lib/gcc/pic32c/8.3.1/../../../../pic32c/lib/thumb/v7e-m+fp/hard\libg-musl.a(__environ.o)

.stack          0x00000000200008c8      0x100
 .stack         0x00000000200008c8      0x100 stack

.bss.receiveDataBuffer%1
                0x0000000020000000      0x200
 .bss.receiveDataBuffer
                0x0000000020000000      0x200 build/default/debug/_ext/1360937237/cdc.o
                0x0000000020000000                receiveDataBuffer

.bss.gDrvUSBFSV1Obj%2
                0x0000000020000200      0x138
 .bss.gDrvUSBFSV1Obj
                0x0000000020000200      0x138 build/default/debug/_ext/818654064/drv_usbfsv1.o

.bss.usbDeviceInstance%3
                0x0000000020000338       0xf4
 .bss.usbDeviceInstance
                0x0000000020000338       0xf4 build/default/debug/_ext/308758920/usb_device.o

.bss.gUSBDeviceCDCIRP%4
                0x000000002000042c       0x6c
 .bss.gUSBDeviceCDCIRP
                0x000000002000042c       0x6c build/default/debug/_ext/308758920/usb_device_cdc.o

.bss%5          0x0000000020000498       0x50
 .bss           0x0000000020000498       0x50 c:/program files/microchip/xc32/v4.60/bin/bin/../../lib/gcc/pic32c/8.3.1/../../../../pic32c/lib/thumb/v7e-m+fp/hard\libg-musl.a(libc.o)
                0x0000000020000498                __progname_full
                0x0000000020000498                program_invocation_name
                0x000000002000049c                program_invocation_short_name
                0x000000002000049c                __progname
                0x00000000200004a0                __sysinfo
                0x00000000200004a4                __hwcap
                0x00000000200004a8                __libc

.bss.gUSBDeviceCDCInstance%6
                0x00000000200004e8       0x44
 .bss.gUSBDeviceCDCInstance
                0x00000000200004e8       0x44 build/default/debug/_ext/308758920/usb_device_cdc.o

.bss.gDrvEP0BufferBank0%7
                0x000000002000052c       0x40
 .bss.gDrvEP0BufferBank0
                0x000000002000052c       0x40 build/default/debug/_ext/818654064/drv_usbfsv1_device.o

.bss.gDrvEP0BufferBank1%8
                0x000000002000056c       0x40
 .bss.gDrvEP0BufferBank1
                0x000000002000056c       0x40 build/default/debug/_ext/818654064/drv_usbfsv1_device.o

.bss.gDrvUSBEndpointObjects%9
                0x00000000200005ac       0x30
 .bss.gDrvUSBEndpointObjects
                0x00000000200005ac       0x30 build/default/debug/_ext/818654064/drv_usbfsv1_device.o

.bss%10         0x00000000200005dc       0x1c
 .bss           0x00000000200005dc       0x1c c:/program files/microchip/xc32/v4.60/bin/bin/../../lib/gcc/pic32c/8.3.1/thumb/v7e-m+fp/hard/crtbegin.o

.bss.cdcData%11
                0x00000000200005f8       0x14
 .bss.cdcData   0x00000000200005f8       0x14 build/default/debug/_ext/1360937237/cdc.o
                0x00000000200005f8                cdcData

.bss.appData%12
                0x000000002000060c        0xc
 .bss.appData   0x000000002000060c        0xc build/default/debug/_ext/1360937237/app.o
                0x000000002000060c                appData

.bss.gUSBDeviceCDCSerialStateResponse%13
                0x0000000020000620        0xa
 .bss.gUSBDeviceCDCSerialStateResponse
                0x0000000020000620        0xa build/default/debug/_ext/308758920/usb_device_cdc.o

.bss.sysObj%14  0x0000000020000618        0x8
 .bss.sysObj    0x0000000020000618        0x8 build/default/debug/_ext/1171490990/initialization.o
                0x0000000020000618                sysObj

.bss.controlLineStateData%15
                0x000000002000062c        0x4
 .bss.controlLineStateData
                0x000000002000062c        0x4 build/default/debug/_ext/1360937237/cdc.o
                0x000000002000062c                controlLineStateData

.bss%16         0x0000000020000630        0x4
 .bss           0x0000000020000630        0x4 c:/program files/microchip/xc32/v4.60/bin/bin/../../lib/gcc/pic32c/8.3.1/../../../../pic32c/lib/thumb/v7e-m+fp/hard\libpic32c.a(data_init.o)

.bss%17         0x0000000020000634        0x4
 .bss           0x0000000020000634        0x4 c:/program files/microchip/xc32/v4.60/bin/bin/../../lib/gcc/pic32c/8.3.1/../../../../pic32c/lib/thumb/v7e-m+fp/hard\libg-musl.a(__environ.o)
                0x0000000020000634                __environ
                0x0000000020000634                environ
                0x0000000020000634                ___environ
                0x0000000020000634                _environ

.bss.gUSBDeviceCdcCommonDataObj%18
                0x0000000020000638        0x2
 .bss.gUSBDeviceCdcCommonDataObj
                0x0000000020000638        0x2 build/default/debug/_ext/308758920/usb_device_cdc.o

.bss.breakDuration%19
                0x000000002000062a        0x2
 .bss.breakDuration
                0x000000002000062a        0x2 build/default/debug/_ext/1360937237/cdc.o
                0x000000002000062a                breakDuration

.data.gDrvUSBFSV1DeviceInterface%20
                0x000000002000063c       0x50
 .data.gDrvUSBFSV1DeviceInterface
                0x000000002000063c       0x50 build/default/debug/_ext/818654064/drv_usbfsv1_device.o
                0x000000002000063c                gDrvUSBFSV1DeviceInterface

.data.switchPrompt%21
                0x0000000020000690       0x18
 .data.switchPrompt
                0x0000000020000690       0x18 build/default/debug/_ext/1360937237/cdc.o
                0x0000000020000690                switchPrompt

.data.lineCoding%22
                0x00000000200006a8        0x7
 .data.lineCoding
                0x00000000200006a8        0x7 build/default/debug/_ext/1360937237/cdc.o
                0x00000000200006a8                lineCoding

.eh_frame%z1    0x0000000000000000        0x0
 .eh_frame      0x0000000000000000        0x0 c:/program files/microchip/xc32/v4.60/bin/bin/../../lib/gcc/pic32c/8.3.1/thumb/v7e-m+fp/hard/crtbegin.o

.config_00804008.__config_00804008%23
                0x0000000000804008        0x4
 .config_00804008.__config_00804008
                0x0000000000804008        0x4 build/default/debug/_ext/1171490990/initialization.o
                0x0000000000804008                __config_00804008

.config_00804004.__config_00804004%24
                0x0000000000804004        0x4
 .config_00804004.__config_00804004
                0x0000000000804004        0x4 build/default/debug/_ext/1171490990/initialization.o
                0x0000000000804004                __config_00804004

.config_00804000.__config_00804000%25
                0x0000000000804000        0x4
 .config_00804000.__config_00804000
                0x0000000000804000        0x4 build/default/debug/_ext/1171490990/initialization.o
                0x0000000000804000                __config_00804000

.text.F_DRV_USBFSV1_DEVICE_Tasks_ISR%26
                0x0000000000000280      0xb74
 .text.F_DRV_USBFSV1_DEVICE_Tasks_ISR
                0x0000000000000280      0xb74 build/default/debug/_ext/818654064/drv_usbfsv1_device.o
                0x0000000000000280                F_DRV_USBFSV1_DEVICE_Tasks_ISR

.text.DRV_USBFSV1_DEVICE_IRPSubmit%27
                0x0000000000000df4      0x6c0
 .text.DRV_USBFSV1_DEVICE_IRPSubmit
                0x0000000000000df4      0x6c0 build/default/debug/_ext/818654064/drv_usbfsv1_device.o
                0x0000000000000df4                DRV_USBFSV1_DEVICE_IRPSubmit

.text.DRV_USBFSV1_DEVICE_EndpointDisable%28
                0x00000000000014b4      0x334
 .text.DRV_USBFSV1_DEVICE_EndpointDisable
                0x00000000000014b4      0x334 build/default/debug/_ext/818654064/drv_usbfsv1_device.o
                0x00000000000014b4                DRV_USBFSV1_DEVICE_EndpointDisable

.text.DRV_USBFSV1_DEVICE_EndpointEnable%29
                0x00000000000017e8      0x2a8
 .text.DRV_USBFSV1_DEVICE_EndpointEnable
                0x00000000000017e8      0x2a8 build/default/debug/_ext/818654064/drv_usbfsv1_device.o
                0x00000000000017e8                DRV_USBFSV1_DEVICE_EndpointEnable

.text.DRV_USBFSV1_DEVICE_EndpointStallClear%30
                0x0000000000001a90      0x278
 .text.DRV_USBFSV1_DEVICE_EndpointStallClear
                0x0000000000001a90      0x278 build/default/debug/_ext/818654064/drv_usbfsv1_device.o
                0x0000000000001a90                DRV_USBFSV1_DEVICE_EndpointStallClear

.text.DRV_USBFSV1_Initialize%31
                0x0000000000001d08      0x260
 .text.DRV_USBFSV1_Initialize
                0x0000000000001d08      0x260 build/default/debug/_ext/818654064/drv_usbfsv1.o
                0x0000000000001d08                DRV_USBFSV1_Initialize

.text.DRV_USBFSV1_DEVICE_EndpointStall%32
                0x0000000000001f68      0x236
 .text.DRV_USBFSV1_DEVICE_EndpointStall
                0x0000000000001f68      0x236 build/default/debug/_ext/818654064/drv_usbfsv1_device.o
                0x0000000000001f68                DRV_USBFSV1_DEVICE_EndpointStall

.text.USB_DEVICE_CDC_Write%33
                0x00000000000021a0      0x220
 .text.USB_DEVICE_CDC_Write
                0x00000000000021a0      0x220 build/default/debug/_ext/308758920/usb_device_cdc.o
                0x00000000000021a0                USB_DEVICE_CDC_Write

.text.F_USB_DEVICE_ProcessStandardDeviceGetRequests%34
                0x00000000000023c0      0x1f0
 .text.F_USB_DEVICE_ProcessStandardDeviceGetRequests
                0x00000000000023c0      0x1f0 build/default/debug/_ext/308758920/usb_device.o
                0x00000000000023c0                F_USB_DEVICE_ProcessStandardDeviceGetRequests

.text.F_USB_DEVICE_ProcessStandardDeviceSetRequests%35
                0x00000000000025b0      0x1e0
 .text.F_USB_DEVICE_ProcessStandardDeviceSetRequests
                0x00000000000025b0      0x1e0 build/default/debug/_ext/308758920/usb_device.o
                0x00000000000025b0                F_USB_DEVICE_ProcessStandardDeviceSetRequests

.text.USB_DEVICE_CDC_Read%36
                0x0000000000002790      0x1d8
 .text.USB_DEVICE_CDC_Read
                0x0000000000002790      0x1d8 build/default/debug/_ext/308758920/usb_device_cdc.o
                0x0000000000002790                USB_DEVICE_CDC_Read

.text.F_USB_DEVICE_EventHandler%37
                0x0000000000002968      0x1d0
 .text.F_USB_DEVICE_EventHandler
                0x0000000000002968      0x1d0 build/default/debug/_ext/308758920/usb_device.o
                0x0000000000002968                F_USB_DEVICE_EventHandler

.text.DRV_USBFSV1_DEVICE_IRPCancel%38
                0x0000000000002b38      0x1b2
 .text.DRV_USBFSV1_DEVICE_IRPCancel
                0x0000000000002b38      0x1b2 build/default/debug/_ext/818654064/drv_usbfsv1_device.o
                0x0000000000002b38                DRV_USBFSV1_DEVICE_IRPCancel

.text.F_USB_DEVICE_ControlTransferHandler%39
                0x0000000000002cec      0x198
 .text.F_USB_DEVICE_ControlTransferHandler
                0x0000000000002cec      0x198 build/default/debug/_ext/308758920/usb_device.o
                0x0000000000002cec                F_USB_DEVICE_ControlTransferHandler

.text.DRV_USBFSV1_DEVICE_IRPCancelAll%40
                0x0000000000002e84      0x190
 .text.DRV_USBFSV1_DEVICE_IRPCancelAll
                0x0000000000002e84      0x190 build/default/debug/_ext/818654064/drv_usbfsv1_device.o
                0x0000000000002e84                DRV_USBFSV1_DEVICE_IRPCancelAll

.text.USB_DEVICE_Initialize%41
                0x0000000000003014      0x178
 .text.USB_DEVICE_Initialize
                0x0000000000003014      0x178 build/default/debug/_ext/308758920/usb_device.o
                0x0000000000003014                USB_DEVICE_Initialize

.text.DRV_USBFSV1_DEVICE_Detach%42
                0x000000000000318c      0x174
 .text.DRV_USBFSV1_DEVICE_Detach
                0x000000000000318c      0x174 build/default/debug/_ext/818654064/drv_usbfsv1_device.o
                0x000000000000318c                DRV_USBFSV1_DEVICE_Detach

.dinit%43       0x0000000000003300      0x170
 .dinit         0x0000000000003300      0x170 data_init

.text.F_USB_DEVICE_Ep0ReceiveCompleteCallback%44
                0x0000000000003470      0x164
 .text.F_USB_DEVICE_Ep0ReceiveCompleteCallback
                0x0000000000003470      0x164 build/default/debug/_ext/308758920/usb_device.o
                0x0000000000003470                F_USB_DEVICE_Ep0ReceiveCompleteCallback

.text.F_USB_DEVICE_CDC_Initialization%45
                0x00000000000035d4      0x160
 .text.F_USB_DEVICE_CDC_Initialization
                0x00000000000035d4      0x160 build/default/debug/_ext/308758920/usb_device_cdc.o
                0x00000000000035d4                F_USB_DEVICE_CDC_Initialization

.text.F_USB_DEVICE_CDC_ControlTransferHandler%46
                0x0000000000003734      0x15c
 .text.F_USB_DEVICE_CDC_ControlTransferHandler
                0x0000000000003734      0x15c build/default/debug/_ext/308758920/usb_device_cdc.o
                0x0000000000003734                F_USB_DEVICE_CDC_ControlTransferHandler

.text.F_USB_DEVICE_CDC_ACMSetUpPacketHandler%47
                0x0000000000003890      0x154
 .text.F_USB_DEVICE_CDC_ACMSetUpPacketHandler
                0x0000000000003890      0x154 build/default/debug/_ext/308758920/usb_device_cdc_acm.o
                0x0000000000003890                F_USB_DEVICE_CDC_ACMSetUpPacketHandler

.text.APP_USBDeviceEventHandler%48
                0x00000000000039e4      0x124
 .text.APP_USBDeviceEventHandler
                0x00000000000039e4      0x124 build/default/debug/_ext/1360937237/app.o
                0x00000000000039e4                APP_USBDeviceEventHandler

.text.USBDeviceCDCEventHandler%49
                0x0000000000003b08       0xf8
 .text.USBDeviceCDCEventHandler
                0x0000000000003b08       0xf8 build/default/debug/_ext/1360937237/cdc.o
                0x0000000000003b08                USBDeviceCDCEventHandler

.text.F_USB_DEVICE_ProcessStandardEndpointRequest%50
                0x0000000000003c00       0xda
 .text.F_USB_DEVICE_ProcessStandardEndpointRequest
                0x0000000000003c00       0xda build/default/debug/_ext/308758920/usb_device.o
                0x0000000000003c00                F_USB_DEVICE_ProcessStandardEndpointRequest

.text.F_USB_DEVICE_GetStringDescriptorRequestProcess%51
                0x0000000000003cda       0xd6
 .text.F_USB_DEVICE_GetStringDescriptorRequestProcess
                0x0000000000003cda       0xd6 build/default/debug/_ext/308758920/usb_device.o
                0x0000000000003cda                F_USB_DEVICE_GetStringDescriptorRequestProcess

.text.CDC_Tasks%52
                0x0000000000003db0       0xd4
 .text.CDC_Tasks
                0x0000000000003db0       0xd4 build/default/debug/_ext/1360937237/cdc.o
                0x0000000000003db0                CDC_Tasks

.text.USB_DEVICE_Tasks%53
                0x0000000000003e84       0xcc
 .text.USB_DEVICE_Tasks
                0x0000000000003e84       0xcc build/default/debug/_ext/308758920/usb_device.o
                0x0000000000003e84                USB_DEVICE_Tasks

.text.F_USB_DEVICE_Other_Speed_Descriptor_Request%54
                0x0000000000003f50       0xb4
 .text.F_USB_DEVICE_Other_Speed_Descriptor_Request
                0x0000000000003f50       0xb4 build/default/debug/_ext/308758920/usb_device.o
                0x0000000000003f50                F_USB_DEVICE_Other_Speed_Descriptor_Request

.text.F_USB_DEVICE_ConfigureDevice%55
                0x0000000000004004       0xb2
 .text.F_USB_DEVICE_ConfigureDevice
                0x0000000000004004       0xb2 build/default/debug/_ext/308758920/usb_device.o
                0x0000000000004004                F_USB_DEVICE_ConfigureDevice

.text.F_USB_DEVICE_Ep0TransmitCompleteCallback%56
                0x00000000000040b6       0xae
 .text.F_USB_DEVICE_Ep0TransmitCompleteCallback
                0x00000000000040b6       0xae build/default/debug/_ext/308758920/usb_device.o
                0x00000000000040b6                F_USB_DEVICE_Ep0TransmitCompleteCallback

.text.DRV_USBFSV1_Tasks%57
                0x0000000000004164       0xac
 .text.DRV_USBFSV1_Tasks
                0x0000000000004164       0xac build/default/debug/_ext/818654064/drv_usbfsv1.o
                0x0000000000004164                DRV_USBFSV1_Tasks

.text.F_USB_DEVICE_CDC_Deinitialization%58
                0x0000000000004210       0xa0
 .text.F_USB_DEVICE_CDC_Deinitialization
                0x0000000000004210       0xa0 build/default/debug/_ext/308758920/usb_device_cdc.o
                0x0000000000004210                F_USB_DEVICE_CDC_Deinitialization

.text.DRV_USBFSV1_Tasks_ISR%59
                0x00000000000042b0       0x9c
 .text.DRV_USBFSV1_Tasks_ISR
                0x00000000000042b0       0x9c build/default/debug/_ext/818654064/drv_usbfsv1.o
                0x00000000000042b0                DRV_USBFSV1_Tasks_ISR

.text.F_USB_DEVICE_CDC_ReadIRPCallback%60
                0x000000000000434c       0x98
 .text.F_USB_DEVICE_CDC_ReadIRPCallback
                0x000000000000434c       0x98 build/default/debug/_ext/308758920/usb_device_cdc.o
                0x000000000000434c                F_USB_DEVICE_CDC_ReadIRPCallback

.text.F_USB_DEVICE_CDC_WriteIRPCallback%61
                0x00000000000043e4       0x98
 .text.F_USB_DEVICE_CDC_WriteIRPCallback
                0x00000000000043e4       0x98 build/default/debug/_ext/308758920/usb_device_cdc.o
                0x00000000000043e4                F_USB_DEVICE_CDC_WriteIRPCallback

.text.F_USB_DEVICE_GetFunctionDriverEntryByInterface%62
                0x000000000000447c       0x8e
 .text.F_USB_DEVICE_GetFunctionDriverEntryByInterface
                0x000000000000447c       0x8e build/default/debug/_ext/308758920/usb_device.o
                0x000000000000447c                F_USB_DEVICE_GetFunctionDriverEntryByInterface

.text.F_USB_DEVICE_DeInitializeAllFunctionDrivers%63
                0x000000000000450a       0x8c
 .text.F_USB_DEVICE_DeInitializeAllFunctionDrivers
                0x000000000000450a       0x8c build/default/debug/_ext/308758920/usb_device.o
                0x000000000000450a                F_USB_DEVICE_DeInitializeAllFunctionDrivers

.text.F_USB_DEVICE_ForwardControlXfrToFunction%64
                0x0000000000004596       0x88
 .text.F_USB_DEVICE_ForwardControlXfrToFunction
                0x0000000000004596       0x88 build/default/debug/_ext/308758920/usb_device.o
                0x0000000000004596                F_USB_DEVICE_ForwardControlXfrToFunction

.text.NVIC_Initialize%65
                0x0000000000004620       0x80
 .text.NVIC_Initialize
                0x0000000000004620       0x80 build/default/debug/_ext/1865468468/plib_nvic.o
                0x0000000000004620                NVIC_Initialize

.text.USB_DEVICE_Open%66
                0x00000000000046a0       0x80
 .text.USB_DEVICE_Open
                0x00000000000046a0       0x80 build/default/debug/_ext/308758920/usb_device.o
                0x00000000000046a0                USB_DEVICE_Open

.text.F_USB_DEVICE_FindEndpoint%67
                0x0000000000004720       0x80
 .text.F_USB_DEVICE_FindEndpoint
                0x0000000000004720       0x80 build/default/debug/_ext/308758920/usb_device.o
                0x0000000000004720                F_USB_DEVICE_FindEndpoint

.text.USB_DEVICE_ControlSend%68
                0x00000000000047a0       0x78
 .text.USB_DEVICE_ControlSend
                0x00000000000047a0       0x78 build/default/debug/_ext/308758920/usb_device.o
                0x00000000000047a0                USB_DEVICE_ControlSend

.text.APP_Tasks%69
                0x0000000000004818       0x78
 .text.APP_Tasks
                0x0000000000004818       0x78 build/default/debug/_ext/1360937237/app.o
                0x0000000000004818                APP_Tasks

.text.USB_DEVICE_ControlStatus%70
                0x0000000000004890       0x70
 .text.USB_DEVICE_ControlStatus
                0x0000000000004890       0x70 build/default/debug/_ext/308758920/usb_device.o
                0x0000000000004890                USB_DEVICE_ControlStatus

.text.F_DRV_USBFSV1_DEVICE_Initialize%71
                0x0000000000004900       0x6c
 .text.F_DRV_USBFSV1_DEVICE_Initialize
                0x0000000000004900       0x6c build/default/debug/_ext/818654064/drv_usbfsv1_device.o
                0x0000000000004900                F_DRV_USBFSV1_DEVICE_Initialize

.text.FDPLL0_Initialize%72
                0x000000000000496c       0x6c
 .text.FDPLL0_Initialize
                0x000000000000496c       0x6c build/default/debug/_ext/1984496892/plib_clock.o

.text.DRV_USBFSV1_DEVICE_EndpointIsEnabled%73
                0x00000000000049d8       0x6a
 .text.DRV_USBFSV1_DEVICE_EndpointIsEnabled
                0x00000000000049d8       0x6a build/default/debug/_ext/818654064/drv_usbfsv1_device.o
                0x00000000000049d8                DRV_USBFSV1_DEVICE_EndpointIsEnabled

.text.DRV_USBFSV1_DEVICE_EndpointIsStalled%74
                0x0000000000004a42       0x6a
 .text.DRV_USBFSV1_DEVICE_EndpointIsStalled
                0x0000000000004a42       0x6a build/default/debug/_ext/818654064/drv_usbfsv1_device.o
                0x0000000000004a42                DRV_USBFSV1_DEVICE_EndpointIsStalled

.text.DRV_USBFSV1_Open%75
                0x0000000000004aac       0x64
 .text.DRV_USBFSV1_Open
                0x0000000000004aac       0x64 build/default/debug/_ext/818654064/drv_usbfsv1.o
                0x0000000000004aac                DRV_USBFSV1_Open

.text.CLOCK_Initialize%76
                0x0000000000004b10       0x60
 .text.CLOCK_Initialize
                0x0000000000004b10       0x60 build/default/debug/_ext/1984496892/plib_clock.o
                0x0000000000004b10                CLOCK_Initialize

.text.USB_DEVICE_CDC_EventHandlerSet%77
                0x0000000000004b70       0x60
 .text.USB_DEVICE_CDC_EventHandlerSet
                0x0000000000004b70       0x60 build/default/debug/_ext/308758920/usb_device_cdc.o
                0x0000000000004b70                USB_DEVICE_CDC_EventHandlerSet

.text.__libc_start_init%78
                0x0000000000004bd0       0x5c
 .text.__libc_start_init
                0x0000000000004bd0       0x5c c:/program files/microchip/xc32/v4.60/bin/bin/../../lib/gcc/pic32c/8.3.1/../../../../pic32c/lib/thumb/v7e-m+fp/hard\libg-musl.a(__libc_start_main.o)
                0x0000000000004bd0                __libc_init_array

.text.F_DRV_USBFSV1_DEVICE_IRPQueueFlush%79
                0x0000000000004c2c       0x56
 .text.F_DRV_USBFSV1_DEVICE_IRPQueueFlush
                0x0000000000004c2c       0x56 build/default/debug/_ext/818654064/drv_usbfsv1_device.o
                0x0000000000004c2c                F_DRV_USBFSV1_DEVICE_IRPQueueFlush

.text.__NVIC_SetPriority%80
                0x0000000000004c84       0x54
 .text.__NVIC_SetPriority
                0x0000000000004c84       0x54 build/default/debug/_ext/1865468468/plib_nvic.o

.text.USB_DEVICE_EndpointEnable%81
                0x0000000000004cd8       0x54
 .text.USB_DEVICE_EndpointEnable
                0x0000000000004cd8       0x54 build/default/debug/_ext/308758920/usb_device.o
                0x0000000000004cd8                USB_DEVICE_EndpointEnable

.text.F_USB_DEVICE_RedirectControlXfrToClient%82
                0x0000000000004d2c       0x54
 .text.F_USB_DEVICE_RedirectControlXfrToClient
                0x0000000000004d2c       0x54 build/default/debug/_ext/308758920/usb_device.o
                0x0000000000004d2c                F_USB_DEVICE_RedirectControlXfrToClient

.text.SYS_Initialize%83
                0x0000000000004d80       0x54
 .text.SYS_Initialize
                0x0000000000004d80       0x54 build/default/debug/_ext/1171490990/initialization.o
                0x0000000000004d80                SYS_Initialize

.text.PORT_Initialize%84
                0x0000000000004dd4       0x50
 .text.PORT_Initialize
                0x0000000000004dd4       0x50 build/default/debug/_ext/1865521619/plib_port.o
                0x0000000000004dd4                PORT_Initialize

.text.F_USB_DEVICE_CDC_GlobalInitialize%85
                0x0000000000004e24       0x50
 .text.F_USB_DEVICE_CDC_GlobalInitialize
                0x0000000000004e24       0x50 build/default/debug/_ext/308758920/usb_device_cdc.o
                0x0000000000004e24                F_USB_DEVICE_CDC_GlobalInitialize

.text.Reset_Handler%86
                0x0000000000004e74       0x50
 .text.Reset_Handler
                0x0000000000004e74       0x50 build/default/debug/_ext/1171490990/startup_xc32.o
                0x0000000000004e74                Reset_Handler

.text.USB_DEVICE_EventHandlerSet%87
                0x0000000000004ec4       0x4c
 .text.USB_DEVICE_EventHandlerSet
                0x0000000000004ec4       0x4c build/default/debug/_ext/308758920/usb_device.o
                0x0000000000004ec4                USB_DEVICE_EventHandlerSet

.text.DRV_USBFSV1_DEVICE_Attach%88
                0x0000000000004f10       0x4a
 .text.DRV_USBFSV1_DEVICE_Attach
                0x0000000000004f10       0x4a build/default/debug/_ext/818654064/drv_usbfsv1_device.o
                0x0000000000004f10                DRV_USBFSV1_DEVICE_Attach

.text.__NVIC_SetPriorityGrouping%89
                0x0000000000004f5c       0x48
 .text.__NVIC_SetPriorityGrouping
                0x0000000000004f5c       0x48 build/default/debug/_ext/1865468468/plib_nvic.o

.text.GCLK0_Initialize%90
                0x0000000000004fa4       0x44
 .text.GCLK0_Initialize
                0x0000000000004fa4       0x44 build/default/debug/_ext/1984496892/plib_clock.o

.text.__NVIC_DisableIRQ%91
                0x0000000000004fe8       0x44
 .text.__NVIC_DisableIRQ
                0x0000000000004fe8       0x44 build/default/debug/_ext/1881668453/sys_int.o

.text.SYS_INT_SourceDisable%92
                0x000000000000502c       0x44
 .text.SYS_INT_SourceDisable
                0x000000000000502c       0x44 build/default/debug/_ext/1881668453/sys_int.o
                0x000000000000502c                SYS_INT_SourceDisable

.text.USB_DEVICE_IRPSubmit%93
                0x0000000000005070       0x44
 .text.USB_DEVICE_IRPSubmit
                0x0000000000005070       0x44 build/default/debug/_ext/308758920/usb_device.o
                0x0000000000005070                USB_DEVICE_IRPSubmit

.rodata.fullSpeedConfigurationDescriptor%94
                0x00000000000050b4       0x44
 .rodata.fullSpeedConfigurationDescriptor
                0x00000000000050b4       0x44 build/default/debug/_ext/1171490990/usb_device_init_data.o

.text.F_DRV_USBFSV1_DEVICE_EndpointObjectEnable%95
                0x00000000000050f8       0x42
 .text.F_DRV_USBFSV1_DEVICE_EndpointObjectEnable
                0x00000000000050f8       0x42 build/default/debug/_ext/818654064/drv_usbfsv1_device.o
                0x00000000000050f8                F_DRV_USBFSV1_DEVICE_EndpointObjectEnable

.text.USB_DEVICE_Detach%96
                0x000000000000513a       0x42
 .text.USB_DEVICE_Detach
                0x000000000000513a       0x42 build/default/debug/_ext/308758920/usb_device.o
                0x000000000000513a                USB_DEVICE_Detach

.text.USB_DEVICE_EndpointDisable%97
                0x000000000000517c       0x42
 .text.USB_DEVICE_EndpointDisable
                0x000000000000517c       0x42 build/default/debug/_ext/308758920/usb_device.o
                0x000000000000517c                USB_DEVICE_EndpointDisable

.text.USB_DEVICE_ControlReceive%98
                0x00000000000051be       0x42
 .text.USB_DEVICE_ControlReceive
                0x00000000000051be       0x42 build/default/debug/_ext/308758920/usb_device.o
                0x00000000000051be                USB_DEVICE_ControlReceive

.text.USB_DEVICE_IRPCancelAll%99
                0x0000000000005200       0x42
 .text.USB_DEVICE_IRPCancelAll
                0x0000000000005200       0x42 build/default/debug/_ext/308758920/usb_device.o
                0x0000000000005200                USB_DEVICE_IRPCancelAll

.text%100       0x0000000000005244       0x40
 .text          0x0000000000005244       0x40 c:/program files/microchip/xc32/v4.60/bin/bin/../../lib/gcc/pic32c/8.3.1/thumb/v7e-m+fp/hard/crtbegin.o

.text.__NVIC_GetEnableIRQ%101
                0x0000000000005284       0x40
 .text.__NVIC_GetEnableIRQ
                0x0000000000005284       0x40 build/default/debug/_ext/1881668453/sys_int.o

.text.F_USB_DEVICE_ClientHandleValidate%102
                0x00000000000052c4       0x40
 .text.F_USB_DEVICE_ClientHandleValidate
                0x00000000000052c4       0x40 build/default/debug/_ext/308758920/usb_device.o
                0x00000000000052c4                F_USB_DEVICE_ClientHandleValidate

.text.DRV_USBFSV1_ClientEventCallBackSet%103
                0x0000000000005304       0x3e
 .text.DRV_USBFSV1_ClientEventCallBackSet
                0x0000000000005304       0x3e build/default/debug/_ext/818654064/drv_usbfsv1.o
                0x0000000000005304                DRV_USBFSV1_ClientEventCallBackSet

.text.__NVIC_ClearPendingIRQ%104
                0x0000000000005344       0x3c
 .text.__NVIC_ClearPendingIRQ
                0x0000000000005344       0x3c build/default/debug/_ext/818654064/drv_usbfsv1.o

.text.__NVIC_EnableIRQ%105
                0x0000000000005380       0x3c
 .text.__NVIC_EnableIRQ
                0x0000000000005380       0x3c build/default/debug/_ext/818654064/drv_usbfsv1_device.o

.text.DRV_USBFSV1_DEVICE_SOFNumberGet%106
                0x00000000000053bc       0x3c
 .text.DRV_USBFSV1_DEVICE_SOFNumberGet
                0x00000000000053bc       0x3c build/default/debug/_ext/818654064/drv_usbfsv1_device.o
                0x00000000000053bc                DRV_USBFSV1_DEVICE_SOFNumberGet

.text.__NVIC_EnableIRQ%107
                0x00000000000053f8       0x3c
 .text.__NVIC_EnableIRQ
                0x00000000000053f8       0x3c build/default/debug/_ext/1865468468/plib_nvic.o

.text.DRV_USBFSV1_Close%108
                0x0000000000005434       0x3a
 .text.DRV_USBFSV1_Close
                0x0000000000005434       0x3a build/default/debug/_ext/818654064/drv_usbfsv1.o
                0x0000000000005434                DRV_USBFSV1_Close

.text.USB_DEVICE_Attach%109
                0x000000000000546e       0x3a
 .text.USB_DEVICE_Attach
                0x000000000000546e       0x3a build/default/debug/_ext/308758920/usb_device.o
                0x000000000000546e                USB_DEVICE_Attach

.text.F_USB_DEVICE_CDC_EndpointDisable%110
                0x00000000000054a8       0x38
 .text.F_USB_DEVICE_CDC_EndpointDisable
                0x00000000000054a8       0x38 build/default/debug/_ext/308758920/usb_device_cdc.o
                0x00000000000054a8                F_USB_DEVICE_CDC_EndpointDisable

.text.__pic32c_data_initialization%111
                0x00000000000054e0       0x38
 .text.__pic32c_data_initialization
                0x00000000000054e0       0x38 c:/program files/microchip/xc32/v4.60/bin/bin/../../lib/gcc/pic32c/8.3.1/../../../../pic32c/lib/thumb/v7e-m+fp/hard\libpic32c.a(data_init.o)
                0x00000000000054e0                __pic32c_data_initialization

.text.DRV_USBFSV1_DEVICE_AddressSet%112
                0x0000000000005518       0x36
 .text.DRV_USBFSV1_DEVICE_AddressSet
                0x0000000000005518       0x36 build/default/debug/_ext/818654064/drv_usbfsv1_device.o
                0x0000000000005518                DRV_USBFSV1_DEVICE_AddressSet

.text.DRV_USBFSV1_DEVICE_RemoteWakeupStart%113
                0x000000000000554e       0x36
 .text.DRV_USBFSV1_DEVICE_RemoteWakeupStart
                0x000000000000554e       0x36 build/default/debug/_ext/818654064/drv_usbfsv1_device.o
                0x000000000000554e                DRV_USBFSV1_DEVICE_RemoteWakeupStart

.rodata.sd001%114
                0x0000000000005584       0x34
 .rodata.sd001  0x0000000000005584       0x34 build/default/debug/_ext/1171490990/usb_device_init_data.o

.rodata.sd002%115
                0x00000000000055b8       0x30
 .rodata.sd002  0x00000000000055b8       0x30 build/default/debug/_ext/1171490990/usb_device_init_data.o

.text.DRV_USBFSV1_DEVICE_CurrentSpeedGet%116
                0x00000000000055e8       0x2e
 .text.DRV_USBFSV1_DEVICE_CurrentSpeedGet
                0x00000000000055e8       0x2e build/default/debug/_ext/818654064/drv_usbfsv1_device.o
                0x00000000000055e8                DRV_USBFSV1_DEVICE_CurrentSpeedGet

.text.OSAL_CRIT_Leave%117
                0x0000000000005616       0x2e
 .text.OSAL_CRIT_Leave
                0x0000000000005616       0x2e build/default/debug/_ext/308758920/usb_device_cdc.o

.text.GCLK1_Initialize%118
                0x0000000000005644       0x2c
 .text.GCLK1_Initialize
                0x0000000000005644       0x2c build/default/debug/_ext/1984496892/plib_clock.o

.text.GCLK2_Initialize%119
                0x0000000000005670       0x2c
 .text.GCLK2_Initialize
                0x0000000000005670       0x2c build/default/debug/_ext/1984496892/plib_clock.o

.text.NVIC_INT_Disable%120
                0x000000000000569c       0x2c
 .text.NVIC_INT_Disable
                0x000000000000569c       0x2c build/default/debug/_ext/1865468468/plib_nvic.o
                0x000000000000569c                NVIC_INT_Disable

.rodata.usbMasterDescriptor%121
                0x00000000000056c8       0x2c
 .rodata.usbMasterDescriptor
                0x00000000000056c8       0x2c build/default/debug/_ext/1171490990/usb_device_init_data.o

.rodata.usbDevInitData%122
                0x00000000000056f4       0x2c
 .rodata.usbDevInitData
                0x00000000000056f4       0x2c build/default/debug/_ext/1171490990/usb_device_init_data.o
                0x00000000000056f4                usbDevInitData

.text.NVIC_INT_Restore%123
                0x0000000000005720       0x2a
 .text.NVIC_INT_Restore
                0x0000000000005720       0x2a build/default/debug/_ext/1865468468/plib_nvic.o
                0x0000000000005720                NVIC_INT_Restore

.text.SYS_Tasks%124
                0x000000000000574c       0x28
 .text.SYS_Tasks
                0x000000000000574c       0x28 build/default/debug/_ext/1171490990/tasks.o
                0x000000000000574c                SYS_Tasks

.rodata.drvUSBInit%125
                0x0000000000005774       0x28
 .rodata.drvUSBInit
                0x0000000000005774       0x28 build/default/debug/_ext/1171490990/initialization.o

.text.FPU_Enable%126
                0x000000000000579c       0x28
 .text.FPU_Enable
                0x000000000000579c       0x28 build/default/debug/_ext/1171490990/startup_xc32.o

.text.OSAL_CRIT_Enter%127
                0x00000000000057c4       0x26
 .text.OSAL_CRIT_Enter
                0x00000000000057c4       0x26 build/default/debug/_ext/308758920/usb_device_cdc.o

.text.CMCC_Configure%128
                0x00000000000057ec       0x24
 .text.CMCC_Configure
                0x00000000000057ec       0x24 build/default/debug/_ext/1171490990/startup_xc32.o

.text.CDC_Initialize%129
                0x0000000000005810       0x20
 .text.CDC_Initialize
                0x0000000000005810       0x20 build/default/debug/_ext/1360937237/cdc.o
                0x0000000000005810                CDC_Initialize

.text.__dinit_copy%130
                0x0000000000005830       0x1e
 .text.__dinit_copy
                0x0000000000005830       0x1e c:/program files/microchip/xc32/v4.60/bin/bin/../../lib/gcc/pic32c/8.3.1/../../../../pic32c/lib/thumb/v7e-m+fp/hard\libpic32c.a(pic32_data_init_copy.o)
                0x0000000000005830                __dinit_copy_needed
                0x0000000000005830                __dinit_copy

.text.NVMCTRL_Initialize%131
                0x0000000000005850       0x1c
 .text.NVMCTRL_Initialize
                0x0000000000005850       0x1c build/default/debug/_ext/1593096446/plib_nvmctrl.o
                0x0000000000005850                NVMCTRL_Initialize

.text.memcpy%132
                0x000000000000586c       0x1c
 .text.memcpy   0x000000000000586c       0x1c c:/program files/microchip/xc32/v4.60/bin/bin/../../lib/gcc/pic32c/8.3.1/../../../../pic32c/lib/thumb/v7e-m+fp/hard\libc-size-musl.a(memcpy.o)
                0x000000000000586c                memcpy

.text.SYS_INT_Restore%133
                0x0000000000005888       0x1a
 .text.SYS_INT_Restore
                0x0000000000005888       0x1a build/default/debug/_ext/1881668453/sys_int.o
                0x0000000000005888                SYS_INT_Restore

.text.DRV_USBFSV1_OTHER_Handler%134
                0x00000000000058a4       0x18
 .text.DRV_USBFSV1_OTHER_Handler
                0x00000000000058a4       0x18 build/default/debug/_ext/818654064/drv_usbfsv1.o
                0x00000000000058a4                DRV_USBFSV1_OTHER_Handler

.text.DRV_USBFSV1_SOF_HSOF_Handler%135
                0x00000000000058bc       0x18
 .text.DRV_USBFSV1_SOF_HSOF_Handler
                0x00000000000058bc       0x18 build/default/debug/_ext/818654064/drv_usbfsv1.o
                0x00000000000058bc                DRV_USBFSV1_SOF_HSOF_Handler

.text.DRV_USBFSV1_TRCPT0_Handler%136
                0x00000000000058d4       0x18
 .text.DRV_USBFSV1_TRCPT0_Handler
                0x00000000000058d4       0x18 build/default/debug/_ext/818654064/drv_usbfsv1.o
                0x00000000000058d4                DRV_USBFSV1_TRCPT0_Handler

.text.DRV_USBFSV1_TRCPT1_Handler%137
                0x00000000000058ec       0x18
 .text.DRV_USBFSV1_TRCPT1_Handler
                0x00000000000058ec       0x18 build/default/debug/_ext/818654064/drv_usbfsv1.o
                0x00000000000058ec                DRV_USBFSV1_TRCPT1_Handler

.text.OSC32KCTRL_Initialize%138
                0x0000000000005904       0x18
 .text.OSC32KCTRL_Initialize
                0x0000000000005904       0x18 build/default/debug/_ext/1984496892/plib_clock.o

.text.APP_Initialize%139
                0x000000000000591c       0x18
 .text.APP_Initialize
                0x000000000000591c       0x18 build/default/debug/_ext/1360937237/app.o
                0x000000000000591c                APP_Initialize

.text.DRV_USBFSV1_DEVICE_RemoteWakeupStop%140
                0x0000000000005934       0x14
 .text.DRV_USBFSV1_DEVICE_RemoteWakeupStop
                0x0000000000005934       0x14 build/default/debug/_ext/818654064/drv_usbfsv1_device.o
                0x0000000000005934                DRV_USBFSV1_DEVICE_RemoteWakeupStop

.rodata.cdcFunctionDriver%141
                0x0000000000005948       0x14
 .rodata.cdcFunctionDriver
                0x0000000000005948       0x14 build/default/debug/_ext/308758920/usb_device_cdc.o
                0x0000000000005948                cdcFunctionDriver

.rodata.usbDeviceDescriptor%142
                0x000000000000595c       0x14
 .rodata.usbDeviceDescriptor
                0x000000000000595c       0x14 build/default/debug/_ext/1171490990/usb_device_init_data.o

.rodata%143     0x0000000000005970       0x14
 .rodata        0x0000000000005970       0x14 c:/program files/microchip/xc32/v4.60/bin/bin/../../lib/gcc/pic32c/8.3.1/../../../../pic32c/lib/thumb/v7e-m+fp/hard\libpic32c.a(data_init.o)

.text.memset%144
                0x0000000000005984       0x14
 .text.memset   0x0000000000005984       0x14 c:/program files/microchip/xc32/v4.60/bin/bin/../../lib/gcc/pic32c/8.3.1/../../../../pic32c/lib/thumb/v7e-m+fp/hard\libc-size-musl.a(memset.o)
                0x0000000000005984                memset

.text.__dinit_clear%145
                0x0000000000005998       0x12
 .text.__dinit_clear
                0x0000000000005998       0x12 c:/program files/microchip/xc32/v4.60/bin/bin/../../lib/gcc/pic32c/8.3.1/../../../../pic32c/lib/thumb/v7e-m+fp/hard\libpic32c.a(pic32_data_init_clear.o)
                0x0000000000005998                __dinit_clear
                0x0000000000005998                __dinit_clear_needed

.rodata.funcRegistrationTable%146
                0x00000000000059ac       0x10
 .rodata.funcRegistrationTable
                0x00000000000059ac       0x10 build/default/debug/_ext/1171490990/usb_device_init_data.o

.text.main%147  0x00000000000059bc       0x10
 .text.main     0x00000000000059bc       0x10 build/default/debug/_ext/1360937237/main.o
                0x00000000000059bc                main

.text.OSCCTRL_Initialize%148
                0x00000000000059cc        0xe
 .text.OSCCTRL_Initialize
                0x00000000000059cc        0xe build/default/debug/_ext/1984496892/plib_clock.o

.text.DFLL_Initialize%149
                0x00000000000059da        0xe
 .text.DFLL_Initialize
                0x00000000000059da        0xe build/default/debug/_ext/1984496892/plib_clock.o

.text.EVSYS_Initialize%150
                0x00000000000059e8        0xe
 .text.EVSYS_Initialize
                0x00000000000059e8        0xe build/default/debug/_ext/1986646378/plib_evsys.o
                0x00000000000059e8                EVSYS_Initialize

.text.SYS_INT_Disable%151
                0x00000000000059f6        0xe
 .text.SYS_INT_Disable
                0x00000000000059f6        0xe build/default/debug/_ext/1881668453/sys_int.o
                0x00000000000059f6                SYS_INT_Disable

.rodata.cdcInit0%152
                0x0000000000005a04        0xc
 .rodata.cdcInit0
                0x0000000000005a04        0xc build/default/debug/_ext/1171490990/usb_device_init_data.o

.rodata.stringDescriptors%153
                0x0000000000005a10        0xc
 .rodata.stringDescriptors
                0x0000000000005a10        0xc build/default/debug/_ext/1171490990/usb_device_init_data.o

.rodata.gDrvUSBFSV1DeviceEndpointTypeMap%154
                0x0000000000005a1c        0x8
 .rodata.gDrvUSBFSV1DeviceEndpointTypeMap
                0x0000000000005a1c        0x8 build/default/debug/_ext/818654064/drv_usbfsv1_device.o

.text.NonMaskableInt_Handler%155
                0x0000000000005a24        0x8
 .text.NonMaskableInt_Handler
                0x0000000000005a24        0x8 build/default/debug/_ext/1171490990/exceptions.o
                0x0000000000005a24                NonMaskableInt_Handler

.text.HardFault_Handler%156
                0x0000000000005a2c        0x8
 .text.HardFault_Handler
                0x0000000000005a2c        0x8 build/default/debug/_ext/1171490990/exceptions.o
                0x0000000000005a2c                HardFault_Handler

.text.DebugMonitor_Handler%157
                0x0000000000005a34        0x8
 .text.DebugMonitor_Handler
                0x0000000000005a34        0x8 build/default/debug/_ext/1171490990/exceptions.o
                0x0000000000005a34                DebugMonitor_Handler

.text.MemoryManagement_Handler%158
                0x0000000000005a3c        0x8
 .text.MemoryManagement_Handler
                0x0000000000005a3c        0x8 build/default/debug/_ext/1171490990/exceptions.o
                0x0000000000005a3c                MemoryManagement_Handler

.text.BusFault_Handler%159
                0x0000000000005a44        0x8
 .text.BusFault_Handler
                0x0000000000005a44        0x8 build/default/debug/_ext/1171490990/exceptions.o
                0x0000000000005a44                BusFault_Handler

.text.UsageFault_Handler%160
                0x0000000000005a4c        0x8
 .text.UsageFault_Handler
                0x0000000000005a4c        0x8 build/default/debug/_ext/1171490990/exceptions.o
                0x0000000000005a4c                UsageFault_Handler

.rodata.gDrvUSBFSV1DeviceSpeedMap%161
                0x0000000000005a54        0x4
 .rodata.gDrvUSBFSV1DeviceSpeedMap
                0x0000000000005a54        0x4 build/default/debug/_ext/818654064/drv_usbfsv1_device.o

.rodata.fullSpeedConfigDescSet%162
                0x0000000000005a58        0x4
 .rodata.fullSpeedConfigDescSet
                0x0000000000005a58        0x4 build/default/debug/_ext/1171490990/usb_device_init_data.o

.rodata.sd000%163
                0x0000000000005a5c        0x4
 .rodata.sd000  0x0000000000005a5c        0x4 build/default/debug/_ext/1171490990/usb_device_init_data.o

.text.Dummy_Handler%164
                0x0000000000005a60        0x4
 .text.Dummy_Handler
                0x0000000000005a60        0x4 build/default/debug/_ext/1171490990/interrupts.o
                0x0000000000005a60                EIC_EXTINT_9_Handler
                0x0000000000005a60                TCC0_MC5_Handler
                0x0000000000005a60                SVCall_Handler
                0x0000000000005a60                SERCOM0_2_Handler
                0x0000000000005a60                TCC4_OTHER_Handler
                0x0000000000005a60                TCC2_MC2_Handler
                0x0000000000005a60                EVSYS_0_Handler
                0x0000000000005a60                TRNG_Handler
                0x0000000000005a60                TC2_Handler
                0x0000000000005a60                DAC_OTHER_Handler
                0x0000000000005a60                AC_Handler
                0x0000000000005a60                DAC_EMPTY_0_Handler
                0x0000000000005a60                DMAC_OTHER_Handler
                0x0000000000005a60                EIC_EXTINT_5_Handler
                0x0000000000005a60                SERCOM3_1_Handler
                0x0000000000005a60                SysTick_Handler
                0x0000000000005a60                SERCOM4_OTHER_Handler
                0x0000000000005a60                SERCOM3_2_Handler
                0x0000000000005a60                EIC_EXTINT_6_Handler
                0x0000000000005a60                PendSV_Handler
                0x0000000000005a60                TCC4_MC0_Handler
                0x0000000000005a60                EVSYS_3_Handler
                0x0000000000005a60                QSPI_Handler
                0x0000000000005a60                TCC2_MC0_Handler
                0x0000000000005a60                PDEC_OTHER_Handler
                0x0000000000005a60                TCC3_MC0_Handler
                0x0000000000005a60                PDEC_MC1_Handler
                0x0000000000005a60                TCC2_MC1_Handler
                0x0000000000005a60                OSCCTRL_XOSC1_Handler
                0x0000000000005a60                PDEC_MC0_Handler
                0x0000000000005a60                EIC_EXTINT_4_Handler
                0x0000000000005a60                EIC_EXTINT_7_Handler
                0x0000000000005a60                SERCOM0_OTHER_Handler
                0x0000000000005a60                EVSYS_OTHER_Handler
                0x0000000000005a60                SERCOM0_0_Handler
                0x0000000000005a60                RTC_Handler
                0x0000000000005a60                SERCOM4_0_Handler
                0x0000000000005a60                TCC1_MC0_Handler
                0x0000000000005a60                SERCOM1_OTHER_Handler
                0x0000000000005a60                TCC2_OTHER_Handler
                0x0000000000005a60                EIC_EXTINT_11_Handler
                0x0000000000005a60                SUPC_BODDET_Handler
                0x0000000000005a60                EIC_EXTINT_14_Handler
                0x0000000000005a60                OSC32KCTRL_Handler
                0x0000000000005a60                EVSYS_1_Handler
                0x0000000000005a60                TCC4_MC1_Handler
                0x0000000000005a60                DMAC_0_Handler
                0x0000000000005a60                SUPC_OTHER_Handler
                0x0000000000005a60                WDT_Handler
                0x0000000000005a60                EIC_EXTINT_15_Handler
                0x0000000000005a60                EIC_EXTINT_1_Handler
                0x0000000000005a60                TCC3_MC1_Handler
                0x0000000000005a60                SERCOM5_0_Handler
                0x0000000000005a60                TC4_Handler
                0x0000000000005a60                TC1_Handler
                0x0000000000005a60                TCC1_MC1_Handler
                0x0000000000005a60                EIC_EXTINT_0_Handler
                0x0000000000005a60                TCC1_OTHER_Handler
                0x0000000000005a60                PAC_Handler
                0x0000000000005a60                SERCOM4_1_Handler
                0x0000000000005a60                TC3_Handler
                0x0000000000005a60                Dummy_Handler
                0x0000000000005a60                DAC_RESRDY_0_Handler
                0x0000000000005a60                SERCOM5_1_Handler
                0x0000000000005a60                DMAC_2_Handler
                0x0000000000005a60                TCC0_MC4_Handler
                0x0000000000005a60                SERCOM0_1_Handler
                0x0000000000005a60                TCC0_MC3_Handler
                0x0000000000005a60                EIC_EXTINT_12_Handler
                0x0000000000005a60                OSCCTRL_DPLL0_Handler
                0x0000000000005a60                SERCOM5_OTHER_Handler
                0x0000000000005a60                PM_Handler
                0x0000000000005a60                OSCCTRL_DFLL_Handler
                0x0000000000005a60                DAC_RESRDY_1_Handler
                0x0000000000005a60                DMAC_1_Handler
                0x0000000000005a60                TCC0_OTHER_Handler
                0x0000000000005a60                EIC_EXTINT_10_Handler
                0x0000000000005a60                TCC1_MC3_Handler
                0x0000000000005a60                OSCCTRL_XOSC0_Handler
                0x0000000000005a60                TCC0_MC0_Handler
                0x0000000000005a60                EIC_EXTINT_2_Handler
                0x0000000000005a60                SDHC0_Handler
                0x0000000000005a60                SERCOM1_1_Handler
                0x0000000000005a60                I2S_Handler
                0x0000000000005a60                PCC_Handler
                0x0000000000005a60                TCC3_OTHER_Handler
                0x0000000000005a60                EIC_EXTINT_13_Handler
                0x0000000000005a60                SERCOM1_0_Handler
                0x0000000000005a60                PUKCC_Handler
                0x0000000000005a60                SERCOM2_1_Handler
                0x0000000000005a60                SERCOM1_2_Handler
                0x0000000000005a60                SERCOM3_0_Handler